Archive member included to satisfy reference by file (symbol)

/Applications/microchip/xc32/v4.45/bin/bin/../../lib/gcc/pic32c/8.3.1/../../../../pic32c/lib/thumb/v7e-m+fp/hard/libpic32c.a(data_init.o)
                              build/sam_e51_cnano_123/production/_ext/570918426/startup_xc32.o (__pic32c_data_initialization)
/Applications/microchip/xc32/v4.45/bin/bin/../../lib/gcc/pic32c/8.3.1/../../../../pic32c/lib/thumb/v7e-m+fp/hard/libc-size-musl.a(memcpy.o)
                              build/sam_e51_cnano_123/production/_ext/226030394/plib_nvmctrl.o (memcpy)
/Applications/microchip/xc32/v4.45/bin/bin/../../lib/gcc/pic32c/8.3.1/../../../../pic32c/lib/thumb/v7e-m+fp/hard/libc-size-musl.a(memmove.o)
                              build/sam_e51_cnano_123/production/_ext/1360937237/coordinator.o (memmove)
/Applications/microchip/xc32/v4.45/bin/bin/../../lib/gcc/pic32c/8.3.1/../../../../pic32c/lib/thumb/v7e-m+fp/hard/libc-size-musl.a(memset.o)
                              build/sam_e51_cnano_123/production/_ext/1360937237/utils.o (memset)
/Applications/microchip/xc32/v4.45/bin/bin/../../lib/gcc/pic32c/8.3.1/../../../../pic32c/lib/thumb/v7e-m+fp/hard/libc-size-musl.a(strlen.o)
                              build/sam_e51_cnano_123/production/_ext/1360937237/utils.o (strlen)
/Applications/microchip/xc32/v4.45/bin/bin/../../lib/gcc/pic32c/8.3.1/../../../../pic32c/lib/thumb/v7e-m+fp/hard/libc-size-musl.a(strstr.o)
                              build/sam_e51_cnano_123/production/_ext/1360937237/coordinator.o (strstr)
/Applications/microchip/xc32/v4.45/bin/bin/../../lib/gcc/pic32c/8.3.1/../../../../pic32c/lib/thumb/v7e-m+fp/hard/libc-size-musl.a(strchr.o)
                              build/sam_e51_cnano_123/production/_ext/1360937237/coordinator.o (strchr)
/Applications/microchip/xc32/v4.45/bin/bin/../../lib/gcc/pic32c/8.3.1/../../../../pic32c/lib/thumb/v7e-m+fp/hard/libc-size-musl.a(strchrnul.o)
                              /Applications/microchip/xc32/v4.45/bin/bin/../../lib/gcc/pic32c/8.3.1/../../../../pic32c/lib/thumb/v7e-m+fp/hard/libc-size-musl.a(strchr.o) (__strchrnul)
/Applications/microchip/xc32/v4.45/bin/bin/../../lib/gcc/pic32c/8.3.1/../../../../pic32c/lib/thumb/v7e-m+fp/hard/libc-size-musl.a(strncpy.o)
                              build/sam_e51_cnano_123/production/_ext/1360937237/coordinator.o (strncpy)
/Applications/microchip/xc32/v4.45/bin/bin/../../lib/gcc/pic32c/8.3.1/../../../../pic32c/lib/thumb/v7e-m+fp/hard/libc-size-musl.a(stpncpy.o)
                              /Applications/microchip/xc32/v4.45/bin/bin/../../lib/gcc/pic32c/8.3.1/../../../../pic32c/lib/thumb/v7e-m+fp/hard/libc-size-musl.a(strncpy.o) (__stpncpy)
/Applications/microchip/xc32/v4.45/bin/bin/../../lib/gcc/pic32c/8.3.1/../../../../pic32c/lib/thumb/v7e-m+fp/hard/libc-musl.a(__libc_start_main.o)
                              build/sam_e51_cnano_123/production/_ext/570918426/startup_xc32.o (__libc_init_array)
/Applications/microchip/xc32/v4.45/bin/bin/../../lib/gcc/pic32c/8.3.1/../../../../pic32c/lib/thumb/v7e-m+fp/hard/libc-musl.a(libc.o)
                              /Applications/microchip/xc32/v4.45/bin/bin/../../lib/gcc/pic32c/8.3.1/../../../../pic32c/lib/thumb/v7e-m+fp/hard/libc-musl.a(__libc_start_main.o) (__progname_full)
/Applications/microchip/xc32/v4.45/bin/bin/../../lib/gcc/pic32c/8.3.1/../../../../pic32c/lib/thumb/v7e-m+fp/hard/libc-musl.a(stdin.o)
                              build/sam_e51_cnano_123/production/_ext/570918426/initialization.o (_stdin)
/Applications/microchip/xc32/v4.45/bin/bin/../../lib/gcc/pic32c/8.3.1/../../../../pic32c/lib/thumb/v7e-m+fp/hard/libc-musl.a(stdout.o)
                              build/sam_e51_cnano_123/production/_ext/570918426/initialization.o (_stdout)
/Applications/microchip/xc32/v4.45/bin/bin/../../lib/gcc/pic32c/8.3.1/../../../../pic32c/lib/thumb/v7e-m+fp/hard/libc-musl.a(printf.o)
                              build/sam_e51_cnano_123/production/_ext/1360937237/coordinator.o (printf)
/Applications/microchip/xc32/v4.45/bin/bin/../../lib/gcc/pic32c/8.3.1/../../../../pic32c/lib/thumb/v7e-m+fp/hard/libc-musl.a(puts.o)
                              build/sam_e51_cnano_123/production/_ext/1360937237/coordinator.o (puts)
/Applications/microchip/xc32/v4.45/bin/bin/../../lib/gcc/pic32c/8.3.1/../../../../pic32c/lib/thumb/v7e-m+fp/hard/libc-musl.a(setbuf.o)
                              build/sam_e51_cnano_123/production/_ext/570918426/initialization.o (setbuf)
/Applications/microchip/xc32/v4.45/bin/bin/../../lib/gcc/pic32c/8.3.1/../../../../pic32c/lib/thumb/v7e-m+fp/hard/libc-musl.a(sprintf.o)
                              (sprintf)
/Applications/microchip/xc32/v4.45/bin/bin/../../lib/gcc/pic32c/8.3.1/../../../../pic32c/lib/thumb/v7e-m+fp/hard/libc-musl.a(vsprintf.o)
                              /Applications/microchip/xc32/v4.45/bin/bin/../../lib/gcc/pic32c/8.3.1/../../../../pic32c/lib/thumb/v7e-m+fp/hard/libc-musl.a(sprintf.o) (vsprintf)
[...]
Memory Configuration

Name             Origin             Length             Attributes
rom              0x0000000000000000 0x0000000000100000 xrl
ram              0x0000000020000000 0x0000000000040000 xw !r
tcm              0x0000000003000000 0x0000000000000000 xw
bkupram          0x0000000047000000 0x0000000000002000
config_00804000  0x0000000000804000 0x0000000000000004
config_00804004  0x0000000000804004 0x0000000000000004
config_00804008  0x0000000000804008 0x0000000000000004
*default*        0x0000000000000000 0xffffffffffffffff

Linker script and memory map

LOAD /Applications/microchip/xc32/v4.45/bin/bin/../../lib/gcc/pic32c/8.3.1/thumb/v7e-m+fp/hard/crti.o
LOAD /Applications/microchip/xc32/v4.45/bin/bin/../../lib/gcc/pic32c/8.3.1/thumb/v7e-m+fp/hard/crtbegin.o
LOAD build/sam_e51_cnano_123/production/_ext/1296496744/usb_uart.o
LOAD build/sam_e51_cnano_123/production/_ext/1360937237/coordinator.o
LOAD build/sam_e51_cnano_123/production/_ext/7187140/plib_clock.o
LOAD build/sam_e51_cnano_123/production/_ext/831051564/plib_cmcc.o
LOAD build/sam_e51_cnano_123/production/_ext/9336626/plib_evsys.o
LOAD build/sam_e51_cnano_123/production/_ext/830715028/plib_nvic.o
LOAD build/sam_e51_cnano_123/production/_ext/226030394/plib_nvmctrl.o
LOAD build/sam_e51_cnano_123/production/_ext/830661877/plib_port.o
LOAD build/sam_e51_cnano_123/production/_ext/314480351/plib_sercom5_usart.o
LOAD build/sam_e51_cnano_123/production/_ext/314480351/plib_sercom4_usart.o
LOAD build/sam_e51_cnano_123/production/_ext/865175840/xc32_monitor.o
LOAD build/sam_e51_cnano_123/production/_ext/570918426/initialization.o
LOAD build/sam_e51_cnano_123/production/_ext/570918426/interrupts.o
LOAD build/sam_e51_cnano_123/production/_ext/570918426/exceptions.o
LOAD build/sam_e51_cnano_123/production/_ext/570918426/startup_xc32.o
LOAD build/sam_e51_cnano_123/production/_ext/570918426/libc_syscalls.o
LOAD build/sam_e51_cnano_123/production/_ext/1360937237/main_sam_e51_cnano.o
LOAD build/sam_e51_cnano_123/production/_ext/1360937237/utils.o
LOAD build/sam_e51_cnano_123/production/_ext/1360937237/worker.o
LOAD build/sam_e51_cnano_123/production/_ext/1296496744/usb_uart_example.o
                0x0000000000000001                __MPLAB_BUILD = 0x1
                0x0000000000100000                __rom_end = (ORIGIN (rom) + LENGTH (rom))
                0x0000000020040000                __ram_end = (ORIGIN (ram) + LENGTH (ram))

.config_00804000
 *(.config_00804000)

.config_00804004
 *(.config_00804004)

.config_00804008
 *(.config_00804008)

.vectors        0x0000000000000000      0x260
                0x0000000000000000                . = ALIGN (0x4)
                0x0000000000000000                _sfixed = .
 *(.vectors .vectors.* .vectors_default .vectors_default.*)
 .vectors.exception_table
                0x0000000000000000      0x260 build/sam_e51_cnano_123/production/_ext/570918426/interrupts.o
                0x0000000000000000                exception_table
 *(.isr_vector)
 *(.reset*)
 *(.after_vectors)

.text           0x0000000000000260       0x20
                0x0000000000000260                . = ALIGN (0x4)
 *(.glue_7t)
 .glue_7t       0x0000000000000260        0x0 linker stubs
 *(.glue_7)
 .glue_7        0x0000000000000260        0x0 linker stubs
 *(.gnu.linkonce.r.*)
 *(.ARM.extab* .gnu.linkonce.armextab.*)
                0x0000000000000260                . = ALIGN (0x4)
 *(.init)
 .init          0x0000000000000260        0x4 /Applications/microchip/xc32/v4.45/bin/bin/../../lib/gcc/pic32c/8.3.1/thumb/v7e-m+fp/hard/crti.o
                0x0000000000000260                _init
 .init          0x0000000000000264        0x8 /Applications/microchip/xc32/v4.45/bin/bin/../../lib/gcc/pic32c/8.3.1/thumb/v7e-m+fp/hard/crtn.o
                0x000000000000026c                . = ALIGN (0x4)
                0x000000000000026c                __preinit_array_start = .
 *(.preinit_array)
                0x000000000000026c                __preinit_array_end = .
                0x000000000000026c                . = ALIGN (0x4)
                0x000000000000026c                __init_array_start = .
 *(SORT_BY_NAME(.init_array.*))
 *(.init_array)
 .init_array    0x000000000000026c        0x4 /Applications/microchip/xc32/v4.45/bin/bin/../../lib/gcc/pic32c/8.3.1/thumb/v7e-m+fp/hard/crtbegin.o
                0x0000000000000270                __init_array_end = .
                0x0000000000000270                . = ALIGN (0x4)
 *crtbegin.o(.ctors)
 *(EXCLUDE_FILE(*crtend.o) .ctors)
 *(SORT_BY_NAME(.ctors.*))
 *crtend.o(.ctors)
                0x0000000000000270                . = ALIGN (0x4)
 *(.fini)
 .fini          0x0000000000000270        0x4 /Applications/microchip/xc32/v4.45/bin/bin/../../lib/gcc/pic32c/8.3.1/thumb/v7e-m+fp/hard/crti.o
                0x0000000000000270                _fini
 .fini          0x0000000000000274        0x8 /Applications/microchip/xc32/v4.45/bin/bin/../../lib/gcc/pic32c/8.3.1/thumb/v7e-m+fp/hard/crtn.o
                0x000000000000027c                . = ALIGN (0x4)
                0x000000000000027c                __fini_array_start = .
 *(.fini_array)
 .fini_array    0x000000000000027c        0x4 /Applications/microchip/xc32/v4.45/bin/bin/../../lib/gcc/pic32c/8.3.1/thumb/v7e-m+fp/hard/crtbegin.o
 *(SORT_BY_NAME(.fini_array.*))
                0x0000000000000280                __fini_array_end = .
 *crtbegin.o(.dtors)
 *(EXCLUDE_FILE(*crtend.o) .dtors)
 *(SORT_BY_NAME(.dtors.*))
 *crtend.o(.dtors)
                0x0000000000000280                . = ALIGN (0x4)
                0x0000000000000280                _efixed = .
                [!provide]                        PROVIDE (__exidx_start = .)

.ARM.exidx      0x0000000000000280        0x8
 *(.ARM.exidx* .gnu.linkonce.armexidx.*)
 .ARM.exidx     0x0000000000000280        0x8 /Applications/microchip/xc32/v4.45/bin/bin/../../lib/gcc/pic32c/8.3.1/thumb/v7e-m+fp/hard/libgcc.a(_udivmoddi4.o)
                [!provide]                        PROVIDE (__exidx_end = .)
                0x0000000000000288                . = ALIGN (0x4)
                0x0000000000000288                _etext = .

.bss            0x0000000020000000       0x64
                0x0000000020000000                . = ALIGN (0x4)
                0x0000000020000000                __bss_start__ = .
                0x0000000020000000                _sbss = .
                0x0000000020000000                _szero = .
 *(COMMON)
 COMMON         0x0000000020000000       0x64 build/sam_e51_cnano_123/production/_ext/1360937237/worker.o
                0x0000000020000000                readChars
                0x0000000020000064                . = ALIGN (0x4)
                0x0000000020000064                __bss_end__ = .
                0x0000000020000064                _ebss = .
                0x0000000020000064                _ezero = .
                0x0000000020000064                . = ALIGN (0x4)
                0x0000000020000064                _end = .
                0x000000002003ffff                _ram_end_ = ((ORIGIN (ram) + LENGTH (ram)) - 0x1)

.bkupram_bss
 *(.bkupram_bss .bkupram_bss.*)
 *(.pbss .pbss.*)
                0x0000000000000200                _min_heap_size = 0x200
START GROUP
LOAD /Applications/microchip/xc32/v4.45/bin/bin/../../lib/gcc/pic32c/8.3.1/../../../../pic32c/lib/thumb/v7e-m+fp/hard/libpic32c.a
LOAD /Applications/microchip/xc32/v4.45/bin/bin/../../lib/gcc/pic32c/8.3.1/../../../../pic32c/lib/thumb/v7e-m+fp/hard/libc-size-musl.a
LOAD /Applications/microchip/xc32/v4.45/bin/bin/../../lib/gcc/pic32c/8.3.1/../../../../pic32c/lib/thumb/v7e-m+fp/hard/liblmalloc-musl.a
LOAD /Applications/microchip/xc32/v4.45/bin/bin/../../lib/gcc/pic32c/8.3.1/../../../../pic32c/lib/thumb/v7e-m+fp/hard/libm-fast-emfloat.a
LOAD /Applications/microchip/xc32/v4.45/bin/bin/../../lib/gcc/pic32c/8.3.1/../../../../pic32c/lib/thumb/v7e-m+fp/hard/libm-musl.a
LOAD /Applications/microchip/xc32/v4.45/bin/bin/../../lib/gcc/pic32c/8.3.1/../../../../pic32c/lib/thumb/v7e-m+fp/hard/libc-musl.a
LOAD /Applications/microchip/xc32/v4.45/bin/bin/../../lib/gcc/pic32c/8.3.1/../../../../pic32c/lib/thumb/v7e-m+fp/hard/libm-fast-emfloat.a
LOAD /Applications/microchip/xc32/v4.45/bin/bin/../../lib/gcc/pic32c/8.3.1/../../../../pic32c/lib/thumb/v7e-m+fp/hard/libm-musl.a
LOAD /Applications/microchip/xc32/v4.45/bin/bin/../../lib/gcc/pic32c/8.3.1/thumb/v7e-m+fp/hard/libgcc.a
END GROUP
LOAD /Applications/microchip/xc32/v4.45/bin/bin/../../lib/gcc/pic32c/8.3.1/thumb/v7e-m+fp/hard/crtend.o
LOAD /Applications/microchip/xc32/v4.45/bin/bin/../../lib/gcc/pic32c/8.3.1/thumb/v7e-m+fp/hard/crtn.o
OUTPUT(dist/sam_e51_cnano_123/production/sam_e51_cnano.X.production.elf elf32-littlearm)
LOAD data_init
LOAD stack

.ARM.attributes
                0x0000000000000000       0x32
 .ARM.attributes
                0x0000000000000000       0x1e /Applications/microchip/xc32/v4.45/bin/bin/../../lib/gcc/pic32c/8.3.1/thumb/v7e-m+fp/hard/crti.o
 .ARM.attributes
                0x000000000000001e       0x34 /Applications/microchip/xc32/v4.45/bin/bin/../../lib/gcc/pic32c/8.3.1/thumb/v7e-m+fp/hard/crtbegin.o
 .ARM.attributes
                0x0000000000000052       0x34 build/sam_e51_cnano_123/production/_ext/1296496744/usb_uart.o
 .ARM.attributes
                0x0000000000000086       0x34 build/sam_e51_cnano_123/production/_ext/7187140/plib_clock.o
 .ARM.attributes
                0x00000000000000ba       0x34 build/sam_e51_cnano_123/production/_ext/9336626/plib_evsys.o
 .ARM.attributes
                0x00000000000000ee       0x34 build/sam_e51_cnano_123/production/_ext/830715028/plib_nvic.o
 .ARM.attributes
                0x0000000000000122       0x34 build/sam_e51_cnano_123/production/_ext/226030394/plib_nvmctrl.o
 .ARM.attributes
                0x0000000000000156       0x34 build/sam_e51_cnano_123/production/_ext/830661877/plib_port.o
 .ARM.attributes
                0x000000000000018a       0x34 build/sam_e51_cnano_123/production/_ext/314480351/plib_sercom5_usart.o
 .ARM.attributes
                0x00000000000001be       0x34 build/sam_e51_cnano_123/production/_ext/314480351/plib_sercom4_usart.o
 .ARM.attributes
                0x00000000000001f2       0x34 build/sam_e51_cnano_123/production/_ext/865175840/xc32_monitor.o
 .ARM.attributes
                0x0000000000000226       0x34 build/sam_e51_cnano_123/production/_ext/570918426/initialization.o
 .ARM.attributes
                0x000000000000025a       0x34 build/sam_e51_cnano_123/production/_ext/570918426/interrupts.o
 .ARM.attributes
                0x000000000000028e       0x34 build/sam_e51_cnano_123/production/_ext/570918426/exceptions.o
 .ARM.attributes
                0x00000000000002c2       0x34 build/sam_e51_cnano_123/production/_ext/570918426/startup_xc32.o
 .ARM.attributes
                0x00000000000002f6       0x34 build/sam_e51_cnano_123/production/_ext/1360937237/main_sam_e51_cnano.o
 .ARM.attributes
                0x000000000000032a       0x34 build/sam_e51_cnano_123/production/_ext/1360937237/utils.o
 .ARM.attributes
                0x000000000000035e       0x34 build/sam_e51_cnano_123/production/_ext/1360937237/worker.o
 .ARM.attributes
                0x0000000000000392       0x34 /Applications/microchip/xc32/v4.45/bin/bin/../../lib/gcc/pic32c/8.3.1/../../../../pic32c/lib/thumb/v7e-m+fp/hard/libpic32c.a(data_init.o)
 .ARM.attributes
                0x00000000000003c6       0x36 /Applications/microchip/xc32/v4.45/bin/bin/../../lib/gcc/pic32c/8.3.1/../../../../pic32c/lib/thumb/v7e-m+fp/hard/libc-size-musl.a(memcpy.o)
 .ARM.attributes
                0x00000000000003fc       0x36 /Applications/microchip/xc32/v4.45/bin/bin/../../lib/gcc/pic32c/8.3.1/../../../../pic32c/lib/thumb/v7e-m+fp/hard/libc-size-musl.a(memset.o)
 .ARM.attributes
                0x0000000000000432       0x36 /Applications/microchip/xc32/v4.45/bin/bin/../../lib/gcc/pic32c/8.3.1/../../../../pic32c/lib/thumb/v7e-m+fp/hard/libc-size-musl.a(strlen.o)
 .ARM.attributes
                0x0000000000000468       0x36 /Applications/microchip/xc32/v4.45/bin/bin/../../lib/gcc/pic32c/8.3.1/../../../../pic32c/lib/thumb/v7e-m+fp/hard/libc-size-musl.a(strncpy.o)
 .ARM.attributes
                0x000000000000049e       0x36 /Applications/microchip/xc32/v4.45/bin/bin/../../lib/gcc/pic32c/8.3.1/../../../../pic32c/lib/thumb/v7e-m+fp/hard/libc-size-musl.a(stpncpy.o)
 .ARM.attributes
                0x00000000000004d4       0x36 /Applications/microchip/xc32/v4.45/bin/bin/../../lib/gcc/pic32c/8.3.1/../../../../pic32c/lib/thumb/v7e-m+fp/hard/libc-musl.a(__libc_start_main.o)
 .ARM.attributes
                0x000000000000050a       0x34 /Applications/microchip/xc32/v4.45/bin/bin/../../lib/gcc/pic32c/8.3.1/../../../../pic32c/lib/thumb/v7e-m+fp/hard/libc-musl.a(libc.o)
 .ARM.attributes
                0x000000000000053e       0x36 /Applications/microchip/xc32/v4.45/bin/bin/../../lib/gcc/pic32c/8.3.1/../../../../pic32c/lib/thumb/v7e-m+fp/hard/libc-musl.a(stdin.o)
 .ARM.attributes
                0x0000000000000574       0x36 /Applications/microchip/xc32/v4.45/bin/bin/../../lib/gcc/pic32c/8.3.1/../../../../pic32c/lib/thumb/v7e-m+fp/hard/libc-musl.a(stdout.o)
 .ARM.attributes
                0x00000000000005aa       0x36 /Applications/microchip/xc32/v4.45/bin/bin/../../lib/gcc/pic32c/8.3.1/../../../../pic32c/lib/thumb/v7e-m+fp/hard/libc-musl.a(printf.o)
 .ARM.attributes
                0x00000000000005e0       0x36 /Applications/microchip/xc32/v4.45/bin/bin/../../lib/gcc/pic32c/8.3.1/../../../../pic32c/lib/thumb/v7e-m+fp/hard/libc-musl.a(puts.o)
 .ARM.attributes
                0x0000000000000616       0x36 /Applications/microchip/xc32/v4.45/bin/bin/../../lib/gcc/pic32c/8.3.1/../../../../pic32c/lib/thumb/v7e-m+fp/hard/libc-musl.a(setbuf.o)
 .ARM.attributes
                0x000000000000064c       0x36 /Applications/microchip/xc32/v4.45/bin/bin/../../lib/gcc/pic32c/8.3.1/../../../../pic32c/lib/thumb/v7e-m+fp/hard/libc-musl.a(sprintf.o)
 .ARM.attributes
                0x0000000000000682       0x36 /Applications/microchip/xc32/v4.45/bin/bin/../../lib/gcc/pic32c/8.3.1/../../../../pic32c/lib/thumb/v7e-m+fp/hard/libc-musl.a(vsprintf.o)
 .ARM.attributes
                0x00000000000006b8       0x34 /Applications/microchip/xc32/v4.45/bin/bin/../../lib/gcc/pic32c/8.3.1/../../../../pic32c/lib/thumb/v7e-m+fp/hard/libc-musl.a(__environ.o)
 .ARM.attributes
                0x00000000000006ec       0x36 /Applications/microchip/xc32/v4.45/bin/bin/../../lib/gcc/pic32c/8.3.1/../../../../pic32c/lib/thumb/v7e-m+fp/hard/libc-musl.a(fputs.o)
 .ARM.attributes
                0x0000000000000722       0x36 /Applications/microchip/xc32/v4.45/bin/bin/../../lib/gcc/pic32c/8.3.1/../../../../pic32c/lib/thumb/v7e-m+fp/hard/libc-musl.a(__stdio_read.o)
 .ARM.attributes
                0x0000000000000758       0x36 /Applications/microchip/xc32/v4.45/bin/bin/../../lib/gcc/pic32c/8.3.1/../../../../pic32c/lib/thumb/v7e-m+fp/hard/libc-musl.a(__towrite_rw.o)
 .ARM.attributes
                0x000000000000078e       0x36 /Applications/microchip/xc32/v4.45/bin/bin/../../lib/gcc/pic32c/8.3.1/../../../../pic32c/lib/thumb/v7e-m+fp/hard/libc-musl.a(fwrite.o)
 .ARM.attributes
                0x00000000000007c4       0x36 /Applications/microchip/xc32/v4.45/bin/bin/../../lib/gcc/pic32c/8.3.1/../../../../pic32c/lib/thumb/v7e-m+fp/hard/libc-musl.a(putc.o)
 .ARM.attributes
                0x00000000000007fa       0x36 /Applications/microchip/xc32/v4.45/bin/bin/../../lib/gcc/pic32c/8.3.1/../../../../pic32c/lib/thumb/v7e-m+fp/hard/libc-musl.a(setvbuf.o)
 .ARM.attributes
                0x0000000000000830       0x36 /Applications/microchip/xc32/v4.45/bin/bin/../../lib/gcc/pic32c/8.3.1/../../../../pic32c/lib/thumb/v7e-m+fp/hard/libc-musl.a(vfprintf.o)
 .ARM.attributes
                0x0000000000000866       0x36 /Applications/microchip/xc32/v4.45/bin/bin/../../lib/gcc/pic32c/8.3.1/../../../../pic32c/lib/thumb/v7e-m+fp/hard/libc-musl.a(vsnprintf.o)
 .ARM.attributes
                0x000000000000089c       0x36 /Applications/microchip/xc32/v4.45/bin/bin/../../lib/gcc/pic32c/8.3.1/../../../../pic32c/lib/thumb/v7e-m+fp/hard/libc-musl.a(readv.o)
 .ARM.attributes
                0x00000000000008d2       0x34 /Applications/microchip/xc32/v4.45/bin/bin/../../lib/gcc/pic32c/8.3.1/../../../../pic32c/lib/thumb/v7e-m+fp/hard/libc-musl.a(__errno_location.o)
 .ARM.attributes
                0x0000000000000906       0x36 /Applications/microchip/xc32/v4.45/bin/bin/../../lib/gcc/pic32c/8.3.1/../../../../pic32c/lib/thumb/v7e-m+fp/hard/libc-musl.a(__init_stdio.o)
 .ARM.attributes
                0x000000000000093c       0x36 /Applications/microchip/xc32/v4.45/bin/bin/../../lib/gcc/pic32c/8.3.1/../../../../pic32c/lib/thumb/v7e-m+fp/hard/libc-musl.a(__out.o)
 .ARM.attributes
                0x0000000000000972       0x36 /Applications/microchip/xc32/v4.45/bin/bin/../../lib/gcc/pic32c/8.3.1/../../../../pic32c/lib/thumb/v7e-m+fp/hard/libc-musl.a(__pop_float.o)
 .ARM.attributes
                0x00000000000009a8       0x36 /Applications/microchip/xc32/v4.45/bin/bin/../../lib/gcc/pic32c/8.3.1/../../../../pic32c/lib/thumb/v7e-m+fp/hard/libc-musl.a(__pop_int.o)
 .ARM.attributes
                0x00000000000009de       0x36 /Applications/microchip/xc32/v4.45/bin/bin/../../lib/gcc/pic32c/8.3.1/../../../../pic32c/lib/thumb/v7e-m+fp/hard/libc-musl.a(__pop_ptr.o)
 .ARM.attributes
                0x0000000000000a14       0x36 /Applications/microchip/xc32/v4.45/bin/bin/../../lib/gcc/pic32c/8.3.1/../../../../pic32c/lib/thumb/v7e-m+fp/hard/libc-musl.a(__printf_core.o)
 .ARM.attributes
                0x0000000000000a4a       0x36 /Applications/microchip/xc32/v4.45/bin/bin/../../lib/gcc/pic32c/8.3.1/../../../../pic32c/lib/thumb/v7e-m+fp/hard/libc-musl.a(__putc.o)
 .ARM.attributes
                0x0000000000000a80       0x36 /Applications/microchip/xc32/v4.45/bin/bin/../../lib/gcc/pic32c/8.3.1/../../../../pic32c/lib/thumb/v7e-m+fp/hard/libc-musl.a(__stderr.o)
 .ARM.attributes
                0x0000000000000ab6       0x36 /Applications/microchip/xc32/v4.45/bin/bin/../../lib/gcc/pic32c/8.3.1/../../../../pic32c/lib/thumb/v7e-m+fp/hard/libc-musl.a(__stdio_close.o)
 .ARM.attributes
                0x0000000000000aec       0x36 /Applications/microchip/xc32/v4.45/bin/bin/../../lib/gcc/pic32c/8.3.1/../../../../pic32c/lib/thumb/v7e-m+fp/hard/libc-musl.a(__stdio_write.o)
 .ARM.attributes
                0x0000000000000b22       0x36 /Applications/microchip/xc32/v4.45/bin/bin/../../lib/gcc/pic32c/8.3.1/../../../../pic32c/lib/thumb/v7e-m+fp/hard/libc-musl.a(__stdout.o)
 .ARM.attributes
                0x0000000000000b58       0x36 /Applications/microchip/xc32/v4.45/bin/bin/../../lib/gcc/pic32c/8.3.1/../../../../pic32c/lib/thumb/v7e-m+fp/hard/libc-musl.a(__towrite.o)
 .ARM.attributes
                0x0000000000000b8e       0x36 /Applications/microchip/xc32/v4.45/bin/bin/../../lib/gcc/pic32c/8.3.1/../../../../pic32c/lib/thumb/v7e-m+fp/hard/libc-musl.a(atoi.o)
 .ARM.attributes
                0x0000000000000bc4       0x36 /Applications/microchip/xc32/v4.45/bin/bin/../../lib/gcc/pic32c/8.3.1/../../../../pic32c/lib/thumb/v7e-m+fp/hard/libc-musl.a(writev.o)
 .ARM.attributes
                0x0000000000000bfa       0x36 /Applications/microchip/xc32/v4.45/bin/bin/../../lib/gcc/pic32c/8.3.1/../../../../pic32c/lib/thumb/v7e-m+fp/hard/libc-musl.a(tolower.o)
 .ARM.attributes
                0x0000000000000c30       0x36 /Applications/microchip/xc32/v4.45/bin/bin/../../lib/gcc/pic32c/8.3.1/../../../../pic32c/lib/thumb/v7e-m+fp/hard/libc-musl.a(__overflow.o)
 .ARM.attributes
                0x0000000000000c66       0x36 /Applications/microchip/xc32/v4.45/bin/bin/../../lib/gcc/pic32c/8.3.1/../../../../pic32c/lib/thumb/v7e-m+fp/hard/libc-musl.a(__fmt_a.o)
 .ARM.attributes
                0x0000000000000c9c       0x36 /Applications/microchip/xc32/v4.45/bin/bin/../../lib/gcc/pic32c/8.3.1/../../../../pic32c/lib/thumb/v7e-m+fp/hard/libc-musl.a(__fmt_d.o)
 .ARM.attributes
                0x0000000000000cd2       0x36 /Applications/microchip/xc32/v4.45/bin/bin/../../lib/gcc/pic32c/8.3.1/../../../../pic32c/lib/thumb/v7e-m+fp/hard/libc-musl.a(__fmt_fp.o)
 .ARM.attributes
                0x0000000000000d08       0x36 /Applications/microchip/xc32/v4.45/bin/bin/../../lib/gcc/pic32c/8.3.1/../../../../pic32c/lib/thumb/v7e-m+fp/hard/libc-musl.a(__fmt_o.o)
 .ARM.attributes
                0x0000000000000d3e       0x36 /Applications/microchip/xc32/v4.45/bin/bin/../../lib/gcc/pic32c/8.3.1/../../../../pic32c/lib/thumb/v7e-m+fp/hard/libc-musl.a(__fmt_s.o)
 .ARM.attributes
                0x0000000000000d74       0x36 /Applications/microchip/xc32/v4.45/bin/bin/../../lib/gcc/pic32c/8.3.1/../../../../pic32c/lib/thumb/v7e-m+fp/hard/libc-musl.a(__fmt_u.o)
 .ARM.attributes
                0x0000000000000daa       0x36 /Applications/microchip/xc32/v4.45/bin/bin/../../lib/gcc/pic32c/8.3.1/../../../../pic32c/lib/thumb/v7e-m+fp/hard/libc-musl.a(__fmt_x.o)
 .ARM.attributes
                0x0000000000000de0       0x36 /Applications/microchip/xc32/v4.45/bin/bin/../../lib/gcc/pic32c/8.3.1/../../../../pic32c/lib/thumb/v7e-m+fp/hard/libc-musl.a(__fwrite.o)
 .ARM.attributes
                0x0000000000000e16       0x36 /Applications/microchip/xc32/v4.45/bin/bin/../../lib/gcc/pic32c/8.3.1/../../../../pic32c/lib/thumb/v7e-m+fp/hard/libc-musl.a(toupper.o)
 .ARM.attributes
                0x0000000000000e4c       0x36 /Applications/microchip/xc32/v4.45/bin/bin/../../lib/gcc/pic32c/8.3.1/../../../../pic32c/lib/thumb/v7e-m+fp/hard/libc-musl.a(__cvt_u.o)
 .ARM.attributes
                0x0000000000000e82       0x34 /Applications/microchip/xc32/v4.45/bin/bin/../../lib/gcc/pic32c/8.3.1/../../../../pic32c/lib/thumb/v7e-m+fp/hard/libm-fast-emfloat.a(fma.o)
 .ARM.attributes
                0x0000000000000eb6       0x34 /Applications/microchip/xc32/v4.45/bin/bin/../../lib/gcc/pic32c/8.3.1/../../../../pic32c/lib/thumb/v7e-m+fp/hard/libm-fast-emfloat.a(floor.o)
 .ARM.attributes
                0x0000000000000eea       0x20 /Applications/microchip/xc32/v4.45/bin/bin/../../lib/gcc/pic32c/8.3.1/../../../../pic32c/lib/thumb/v7e-m+fp/hard/libm-fast-emfloat.a(__aeabi_dadd.o)
 .ARM.attributes
                0x0000000000000f0a       0x20 /Applications/microchip/xc32/v4.45/bin/bin/../../lib/gcc/pic32c/8.3.1/../../../../pic32c/lib/thumb/v7e-m+fp/hard/libm-fast-emfloat.a(__aeabi_dsub.o)
 .ARM.attributes
                0x0000000000000f2a       0x20 /Applications/microchip/xc32/v4.45/bin/bin/../../lib/gcc/pic32c/8.3.1/../../../../pic32c/lib/thumb/v7e-m+fp/hard/libm-fast-emfloat.a(__aeabi_dmul.o)
 .ARM.attributes
                0x0000000000000f4a       0x20 /Applications/microchip/xc32/v4.45/bin/bin/../../lib/gcc/pic32c/8.3.1/../../../../pic32c/lib/thumb/v7e-m+fp/hard/libm-fast-emfloat.a(__aeabi_ddiv.o)
 .ARM.attributes
                0x0000000000000f6a       0x20 /Applications/microchip/xc32/v4.45/bin/bin/../../lib/gcc/pic32c/8.3.1/../../../../pic32c/lib/thumb/v7e-m+fp/hard/libm-fast-emfloat.a(__aeabi_dcmple.o)
 .ARM.attributes
                0x0000000000000f8a       0x20 /Applications/microchip/xc32/v4.45/bin/bin/../../lib/gcc/pic32c/8.3.1/../../../../pic32c/lib/thumb/v7e-m+fp/hard/libm-fast-emfloat.a(__aeabi_dcmpeq.o)
 .ARM.attributes
                0x0000000000000faa       0x20 /Applications/microchip/xc32/v4.45/bin/bin/../../lib/gcc/pic32c/8.3.1/../../../../pic32c/lib/thumb/v7e-m+fp/hard/libm-fast-emfloat.a(__aeabi_dcmpgt.o)
 .ARM.attributes
                0x0000000000000fca       0x20 /Applications/microchip/xc32/v4.45/bin/bin/../../lib/gcc/pic32c/8.3.1/../../../../pic32c/lib/thumb/v7e-m+fp/hard/libm-fast-emfloat.a(__aeabi_dcmplt.o)
 .ARM.attributes
                0x0000000000000fea       0x20 /Applications/microchip/xc32/v4.45/bin/bin/../../lib/gcc/pic32c/8.3.1/../../../../pic32c/lib/thumb/v7e-m+fp/hard/libm-fast-emfloat.a(__aeabi_d2iz.o)
 .ARM.attributes
                0x000000000000100a       0x1e /Applications/microchip/xc32/v4.45/bin/bin/../../lib/gcc/pic32c/8.3.1/thumb/v7e-m+fp/hard/libgcc.a(_aeabi_uldivmod.o)
 .ARM.attributes
                0x0000000000001028       0x34 /Applications/microchip/xc32/v4.45/bin/bin/../../lib/gcc/pic32c/8.3.1/thumb/v7e-m+fp/hard/libgcc.a(_udivmoddi4.o)
 .ARM.attributes
                0x000000000000105c       0x1e /Applications/microchip/xc32/v4.45/bin/bin/../../lib/gcc/pic32c/8.3.1/thumb/v7e-m+fp/hard/libgcc.a(_dvmd_tls.o)
 .ARM.attributes
                0x000000000000107a       0x34 /Applications/microchip/xc32/v4.45/bin/bin/../../lib/gcc/pic32c/8.3.1/../../../../pic32c/lib/thumb/v7e-m+fp/hard/libpic32c.a(close.o)
 .ARM.attributes
                0x00000000000010ae       0x34 /Applications/microchip/xc32/v4.45/bin/bin/../../lib/gcc/pic32c/8.3.1/../../../../pic32c/lib/thumb/v7e-m+fp/hard/libpic32c.a(lseek.o)
 .ARM.attributes
                0x00000000000010e2       0x36 /Applications/microchip/xc32/v4.45/bin/bin/../../lib/gcc/pic32c/8.3.1/../../../../pic32c/lib/thumb/v7e-m+fp/hard/libc-size-musl.a(strcpy.o)
 .ARM.attributes
                0x0000000000001118       0x36 /Applications/microchip/xc32/v4.45/bin/bin/../../lib/gcc/pic32c/8.3.1/../../../../pic32c/lib/thumb/v7e-m+fp/hard/libc-size-musl.a(stpcpy.o)
 .ARM.attributes
                0x000000000000114e       0x36 /Applications/microchip/xc32/v4.45/bin/bin/../../lib/gcc/pic32c/8.3.1/../../../../pic32c/lib/thumb/v7e-m+fp/hard/liblmalloc-musl.a(lite_malloc.o)
 .ARM.attributes
                0x0000000000001184       0x36 /Applications/microchip/xc32/v4.45/bin/bin/../../lib/gcc/pic32c/8.3.1/../../../../pic32c/lib/thumb/v7e-m+fp/hard/liblmalloc-musl.a(lite_free.o)
 .ARM.attributes
                0x00000000000011ba       0x36 /Applications/microchip/xc32/v4.45/bin/bin/../../lib/gcc/pic32c/8.3.1/../../../../pic32c/lib/thumb/v7e-m+fp/hard/libc-musl.a(expand_heap.o)
 .ARM.attributes
                0x00000000000011f0       0x34 /Applications/microchip/xc32/v4.45/bin/bin/../../lib/gcc/pic32c/8.3.1/../../../../pic32c/lib/thumb/v7e-m+fp/hard/libpic32c.a(sbrk.o)
 .ARM.attributes
                0x0000000000001224       0x1e /Applications/microchip/xc32/v4.45/bin/bin/../../lib/gcc/pic32c/8.3.1/thumb/v7e-m+fp/hard/crtn.o
 .ARM.attributes
                0x0000000000001242       0x34 /Applications/microchip/xc32/v4.45/bin/bin/../../lib/gcc/pic32c/8.3.1/../../../../pic32c/lib/thumb/v7e-m+fp/hard/libpic32c.a(pic32_data_init_clear.o)
 .ARM.attributes
                0x0000000000001276       0x34 /Applications/microchip/xc32/v4.45/bin/bin/../../lib/gcc/pic32c/8.3.1/../../../../pic32c/lib/thumb/v7e-m+fp/hard/libpic32c.a(pic32_data_init_copy.o)

.comment        0x0000000000000000       0x2b
 .comment       0x0000000000000000       0x2b /Applications/microchip/xc32/v4.45/bin/bin/../../lib/gcc/pic32c/8.3.1/thumb/v7e-m+fp/hard/crtbegin.o
                                         0x2c (size before relaxing)
 .comment       0x000000000000002b       0x2c build/sam_e51_cnano_123/production/_ext/1296496744/usb_uart.o
 .comment       0x000000000000002b       0x2c build/sam_e51_cnano_123/production/_ext/7187140/plib_clock.o
 .comment       0x000000000000002b       0x2c build/sam_e51_cnano_123/production/_ext/9336626/plib_evsys.o
 .comment       0x000000000000002b       0x2c build/sam_e51_cnano_123/production/_ext/830715028/plib_nvic.o
 .comment       0x000000000000002b       0x2c build/sam_e51_cnano_123/production/_ext/226030394/plib_nvmctrl.o
 .comment       0x000000000000002b       0x2c build/sam_e51_cnano_123/production/_ext/830661877/plib_port.o
 .comment       0x000000000000002b       0x2c build/sam_e51_cnano_123/production/_ext/314480351/plib_sercom5_usart.o
 .comment       0x000000000000002b       0x2c build/sam_e51_cnano_123/production/_ext/314480351/plib_sercom4_usart.o
 .comment       0x000000000000002b       0x2c build/sam_e51_cnano_123/production/_ext/865175840/xc32_monitor.o
 .comment       0x000000000000002b       0x2c build/sam_e51_cnano_123/production/_ext/570918426/initialization.o
 .comment       0x000000000000002b       0x2c build/sam_e51_cnano_123/production/_ext/570918426/interrupts.o
 .comment       0x000000000000002b       0x2c build/sam_e51_cnano_123/production/_ext/570918426/exceptions.o
 .comment       0x000000000000002b       0x2c build/sam_e51_cnano_123/production/_ext/570918426/startup_xc32.o
 .comment       0x000000000000002b       0x2c build/sam_e51_cnano_123/production/_ext/1360937237/main_sam_e51_cnano.o
 .comment       0x000000000000002b       0x2c build/sam_e51_cnano_123/production/_ext/1360937237/utils.o
 .comment       0x000000000000002b       0x2c build/sam_e51_cnano_123/production/_ext/1360937237/worker.o
 .comment       0x000000000000002b       0x2c /Applications/microchip/xc32/v4.45/bin/bin/../../lib/gcc/pic32c/8.3.1/../../../../pic32c/lib/thumb/v7e-m+fp/hard/libpic32c.a(data_init.o)
 .comment       0x000000000000002b       0x2c /Applications/microchip/xc32/v4.45/bin/bin/../../lib/gcc/pic32c/8.3.1/../../../../pic32c/lib/thumb/v7e-m+fp/hard/libc-size-musl.a(memcpy.o)
 .comment       0x000000000000002b       0x2c /Applications/microchip/xc32/v4.45/bin/bin/../../lib/gcc/pic32c/8.3.1/../../../../pic32c/lib/thumb/v7e-m+fp/hard/libc-size-musl.a(memset.o)
 .comment       0x000000000000002b       0x2c /Applications/microchip/xc32/v4.45/bin/bin/../../lib/gcc/pic32c/8.3.1/../../../../pic32c/lib/thumb/v7e-m+fp/hard/libc-size-musl.a(strlen.o)
 .comment       0x000000000000002b       0x2c /Applications/microchip/xc32/v4.45/bin/bin/../../lib/gcc/pic32c/8.3.1/../../../../pic32c/lib/thumb/v7e-m+fp/hard/libc-size-musl.a(strncpy.o)
 .comment       0x000000000000002b       0x2c /Applications/microchip/xc32/v4.45/bin/bin/../../lib/gcc/pic32c/8.3.1/../../../../pic32c/lib/thumb/v7e-m+fp/hard/libc-size-musl.a(stpncpy.o)
 .comment       0x000000000000002b       0x2c /Applications/microchip/xc32/v4.45/bin/bin/../../lib/gcc/pic32c/8.3.1/../../../../pic32c/lib/thumb/v7e-m+fp/hard/libc-musl.a(__libc_start_main.o)
 .comment       0x000000000000002b       0x2c /Applications/microchip/xc32/v4.45/bin/bin/../../lib/gcc/pic32c/8.3.1/../../../../pic32c/lib/thumb/v7e-m+fp/hard/libc-musl.a(libc.o)
 .comment       0x000000000000002b       0x2c /Applications/microchip/xc32/v4.45/bin/bin/../../lib/gcc/pic32c/8.3.1/../../../../pic32c/lib/thumb/v7e-m+fp/hard/libc-musl.a(stdin.o)
 .comment       0x000000000000002b       0x2c /Applications/microchip/xc32/v4.45/bin/bin/../../lib/gcc/pic32c/8.3.1/../../../../pic32c/lib/thumb/v7e-m+fp/hard/libc-musl.a(stdout.o)
 .comment       0x000000000000002b       0x2c /Applications/microchip/xc32/v4.45/bin/bin/../../lib/gcc/pic32c/8.3.1/../../../../pic32c/lib/thumb/v7e-m+fp/hard/libc-musl.a(printf.o)
 .comment       0x000000000000002b       0x2c /Applications/microchip/xc32/v4.45/bin/bin/../../lib/gcc/pic32c/8.3.1/../../../../pic32c/lib/thumb/v7e-m+fp/hard/libc-musl.a(puts.o)
 .comment       0x000000000000002b       0x2c /Applications/microchip/xc32/v4.45/bin/bin/../../lib/gcc/pic32c/8.3.1/../../../../pic32c/lib/thumb/v7e-m+fp/hard/libc-musl.a(setbuf.o)
 .comment       0x000000000000002b       0x2c /Applications/microchip/xc32/v4.45/bin/bin/../../lib/gcc/pic32c/8.3.1/../../../../pic32c/lib/thumb/v7e-m+fp/hard/libc-musl.a(sprintf.o)
 .comment       0x000000000000002b       0x2c /Applications/microchip/xc32/v4.45/bin/bin/../../lib/gcc/pic32c/8.3.1/../../../../pic32c/lib/thumb/v7e-m+fp/hard/libc-musl.a(vsprintf.o)
 .comment       0x000000000000002b       0x2c /Applications/microchip/xc32/v4.45/bin/bin/../../lib/gcc/pic32c/8.3.1/../../../../pic32c/lib/thumb/v7e-m+fp/hard/libc-musl.a(__environ.o)
 .comment       0x000000000000002b       0x2c /Applications/microchip/xc32/v4.45/bin/bin/../../lib/gcc/pic32c/8.3.1/../../../../pic32c/lib/thumb/v7e-m+fp/hard/libc-musl.a(fputs.o)
 .comment       0x000000000000002b       0x2c /Applications/microchip/xc32/v4.45/bin/bin/../../lib/gcc/pic32c/8.3.1/../../../../pic32c/lib/thumb/v7e-m+fp/hard/libc-musl.a(__stdio_read.o)
 .comment       0x000000000000002b       0x2c /Applications/microchip/xc32/v4.45/bin/bin/../../lib/gcc/pic32c/8.3.1/../../../../pic32c/lib/thumb/v7e-m+fp/hard/libc-musl.a(__towrite_rw.o)
 .comment       0x000000000000002b       0x2c /Applications/microchip/xc32/v4.45/bin/bin/../../lib/gcc/pic32c/8.3.1/../../../../pic32c/lib/thumb/v7e-m+fp/hard/libc-musl.a(fwrite.o)
 .comment       0x000000000000002b       0x2c /Applications/microchip/xc32/v4.45/bin/bin/../../lib/gcc/pic32c/8.3.1/../../../../pic32c/lib/thumb/v7e-m+fp/hard/libc-musl.a(putc.o)
 .comment       0x000000000000002b       0x2c /Applications/microchip/xc32/v4.45/bin/bin/../../lib/gcc/pic32c/8.3.1/../../../../pic32c/lib/thumb/v7e-m+fp/hard/libc-musl.a(setvbuf.o)
 .comment       0x000000000000002b       0x2c /Applications/microchip/xc32/v4.45/bin/bin/../../lib/gcc/pic32c/8.3.1/../../../../pic32c/lib/thumb/v7e-m+fp/hard/libc-musl.a(vfprintf.o)
 .comment       0x000000000000002b       0x2c /Applications/microchip/xc32/v4.45/bin/bin/../../lib/gcc/pic32c/8.3.1/../../../../pic32c/lib/thumb/v7e-m+fp/hard/libc-musl.a(vsnprintf.o)
 .comment       0x000000000000002b       0x2c /Applications/microchip/xc32/v4.45/bin/bin/../../lib/gcc/pic32c/8.3.1/../../../../pic32c/lib/thumb/v7e-m+fp/hard/libc-musl.a(readv.o)
 .comment       0x000000000000002b       0x2c /Applications/microchip/xc32/v4.45/bin/bin/../../lib/gcc/pic32c/8.3.1/../../../../pic32c/lib/thumb/v7e-m+fp/hard/libc-musl.a(__errno_location.o)
 .comment       0x000000000000002b       0x2c /Applications/microchip/xc32/v4.45/bin/bin/../../lib/gcc/pic32c/8.3.1/../../../../pic32c/lib/thumb/v7e-m+fp/hard/libc-musl.a(__init_stdio.o)
 .comment       0x000000000000002b       0x2c /Applications/microchip/xc32/v4.45/bin/bin/../../lib/gcc/pic32c/8.3.1/../../../../pic32c/lib/thumb/v7e-m+fp/hard/libc-musl.a(__out.o)
 .comment       0x000000000000002b       0x2c /Applications/microchip/xc32/v4.45/bin/bin/../../lib/gcc/pic32c/8.3.1/../../../../pic32c/lib/thumb/v7e-m+fp/hard/libc-musl.a(__pop_float.o)
 .comment       0x000000000000002b       0x2c /Applications/microchip/xc32/v4.45/bin/bin/../../lib/gcc/pic32c/8.3.1/../../../../pic32c/lib/thumb/v7e-m+fp/hard/libc-musl.a(__pop_int.o)
 .comment       0x000000000000002b       0x2c /Applications/microchip/xc32/v4.45/bin/bin/../../lib/gcc/pic32c/8.3.1/../../../../pic32c/lib/thumb/v7e-m+fp/hard/libc-musl.a(__pop_ptr.o)
 .comment       0x000000000000002b       0x2c /Applications/microchip/xc32/v4.45/bin/bin/../../lib/gcc/pic32c/8.3.1/../../../../pic32c/lib/thumb/v7e-m+fp/hard/libc-musl.a(__printf_core.o)
 .comment       0x000000000000002b       0x2c /Applications/microchip/xc32/v4.45/bin/bin/../../lib/gcc/pic32c/8.3.1/../../../../pic32c/lib/thumb/v7e-m+fp/hard/libc-musl.a(__putc.o)
 .comment       0x000000000000002b       0x2c /Applications/microchip/xc32/v4.45/bin/bin/../../lib/gcc/pic32c/8.3.1/../../../../pic32c/lib/thumb/v7e-m+fp/hard/libc-musl.a(__stderr.o)
 .comment       0x000000000000002b       0x2c /Applications/microchip/xc32/v4.45/bin/bin/../../lib/gcc/pic32c/8.3.1/../../../../pic32c/lib/thumb/v7e-m+fp/hard/libc-musl.a(__stdio_close.o)
 .comment       0x000000000000002b       0x2c /Applications/microchip/xc32/v4.45/bin/bin/../../lib/gcc/pic32c/8.3.1/../../../../pic32c/lib/thumb/v7e-m+fp/hard/libc-musl.a(__stdio_write.o)
 .comment       0x000000000000002b       0x2c /Applications/microchip/xc32/v4.45/bin/bin/../../lib/gcc/pic32c/8.3.1/../../../../pic32c/lib/thumb/v7e-m+fp/hard/libc-musl.a(__stdout.o)
 .comment       0x000000000000002b       0x2c /Applications/microchip/xc32/v4.45/bin/bin/../../lib/gcc/pic32c/8.3.1/../../../../pic32c/lib/thumb/v7e-m+fp/hard/libc-musl.a(__towrite.o)
 .comment       0x000000000000002b       0x2c /Applications/microchip/xc32/v4.45/bin/bin/../../lib/gcc/pic32c/8.3.1/../../../../pic32c/lib/thumb/v7e-m+fp/hard/libc-musl.a(atoi.o)
 .comment       0x000000000000002b       0x2c /Applications/microchip/xc32/v4.45/bin/bin/../../lib/gcc/pic32c/8.3.1/../../../../pic32c/lib/thumb/v7e-m+fp/hard/libc-musl.a(writev.o)
 .comment       0x000000000000002b       0x2c /Applications/microchip/xc32/v4.45/bin/bin/../../lib/gcc/pic32c/8.3.1/../../../../pic32c/lib/thumb/v7e-m+fp/hard/libc-musl.a(tolower.o)
 .comment       0x000000000000002b       0x2c /Applications/microchip/xc32/v4.45/bin/bin/../../lib/gcc/pic32c/8.3.1/../../../../pic32c/lib/thumb/v7e-m+fp/hard/libc-musl.a(__overflow.o)
 .comment       0x000000000000002b       0x2c /Applications/microchip/xc32/v4.45/bin/bin/../../lib/gcc/pic32c/8.3.1/../../../../pic32c/lib/thumb/v7e-m+fp/hard/libc-musl.a(__fmt_a.o)
 .comment       0x000000000000002b       0x2c /Applications/microchip/xc32/v4.45/bin/bin/../../lib/gcc/pic32c/8.3.1/../../../../pic32c/lib/thumb/v7e-m+fp/hard/libc-musl.a(__fmt_d.o)
 .comment       0x000000000000002b       0x2c /Applications/microchip/xc32/v4.45/bin/bin/../../lib/gcc/pic32c/8.3.1/../../../../pic32c/lib/thumb/v7e-m+fp/hard/libc-musl.a(__fmt_fp.o)
 .comment       0x000000000000002b       0x2c /Applications/microchip/xc32/v4.45/bin/bin/../../lib/gcc/pic32c/8.3.1/../../../../pic32c/lib/thumb/v7e-m+fp/hard/libc-musl.a(__fmt_o.o)
 .comment       0x000000000000002b       0x2c /Applications/microchip/xc32/v4.45/bin/bin/../../lib/gcc/pic32c/8.3.1/../../../../pic32c/lib/thumb/v7e-m+fp/hard/libc-musl.a(__fmt_s.o)
 .comment       0x000000000000002b       0x2c /Applications/microchip/xc32/v4.45/bin/bin/../../lib/gcc/pic32c/8.3.1/../../../../pic32c/lib/thumb/v7e-m+fp/hard/libc-musl.a(__fmt_u.o)
 .comment       0x000000000000002b       0x2c /Applications/microchip/xc32/v4.45/bin/bin/../../lib/gcc/pic32c/8.3.1/../../../../pic32c/lib/thumb/v7e-m+fp/hard/libc-musl.a(__fmt_x.o)
 .comment       0x000000000000002b       0x2c /Applications/microchip/xc32/v4.45/bin/bin/../../lib/gcc/pic32c/8.3.1/../../../../pic32c/lib/thumb/v7e-m+fp/hard/libc-musl.a(__fwrite.o)
 .comment       0x000000000000002b       0x2c /Applications/microchip/xc32/v4.45/bin/bin/../../lib/gcc/pic32c/8.3.1/../../../../pic32c/lib/thumb/v7e-m+fp/hard/libc-musl.a(toupper.o)
 .comment       0x000000000000002b       0x2c /Applications/microchip/xc32/v4.45/bin/bin/../../lib/gcc/pic32c/8.3.1/../../../../pic32c/lib/thumb/v7e-m+fp/hard/libc-musl.a(__cvt_u.o)
 .comment       0x000000000000002b       0x2c /Applications/microchip/xc32/v4.45/bin/bin/../../lib/gcc/pic32c/8.3.1/../../../../pic32c/lib/thumb/v7e-m+fp/hard/libm-fast-emfloat.a(fma.o)
 .comment       0x000000000000002b       0x2c /Applications/microchip/xc32/v4.45/bin/bin/../../lib/gcc/pic32c/8.3.1/../../../../pic32c/lib/thumb/v7e-m+fp/hard/libm-fast-emfloat.a(floor.o)
 .comment       0x000000000000002b       0x2c /Applications/microchip/xc32/v4.45/bin/bin/../../lib/gcc/pic32c/8.3.1/thumb/v7e-m+fp/hard/libgcc.a(_udivmoddi4.o)
 .comment       0x000000000000002b       0x2c /Applications/microchip/xc32/v4.45/bin/bin/../../lib/gcc/pic32c/8.3.1/../../../../pic32c/lib/thumb/v7e-m+fp/hard/libpic32c.a(close.o)
 .comment       0x000000000000002b       0x2c /Applications/microchip/xc32/v4.45/bin/bin/../../lib/gcc/pic32c/8.3.1/../../../../pic32c/lib/thumb/v7e-m+fp/hard/libpic32c.a(lseek.o)
 .comment       0x000000000000002b       0x2c /Applications/microchip/xc32/v4.45/bin/bin/../../lib/gcc/pic32c/8.3.1/../../../../pic32c/lib/thumb/v7e-m+fp/hard/libc-size-musl.a(strcpy.o)
 .comment       0x000000000000002b       0x2c /Applications/microchip/xc32/v4.45/bin/bin/../../lib/gcc/pic32c/8.3.1/../../../../pic32c/lib/thumb/v7e-m+fp/hard/libc-size-musl.a(stpcpy.o)
 .comment       0x000000000000002b       0x2c /Applications/microchip/xc32/v4.45/bin/bin/../../lib/gcc/pic32c/8.3.1/../../../../pic32c/lib/thumb/v7e-m+fp/hard/liblmalloc-musl.a(lite_malloc.o)
 .comment       0x000000000000002b       0x2c /Applications/microchip/xc32/v4.45/bin/bin/../../lib/gcc/pic32c/8.3.1/../../../../pic32c/lib/thumb/v7e-m+fp/hard/liblmalloc-musl.a(lite_free.o)
 .comment       0x000000000000002b       0x2c /Applications/microchip/xc32/v4.45/bin/bin/../../lib/gcc/pic32c/8.3.1/../../../../pic32c/lib/thumb/v7e-m+fp/hard/libc-musl.a(expand_heap.o)
 .comment       0x000000000000002b       0x2c /Applications/microchip/xc32/v4.45/bin/bin/../../lib/gcc/pic32c/8.3.1/../../../../pic32c/lib/thumb/v7e-m+fp/hard/libpic32c.a(sbrk.o)
 .comment       0x000000000000002b       0x2c /Applications/microchip/xc32/v4.45/bin/bin/../../lib/gcc/pic32c/8.3.1/../../../../pic32c/lib/thumb/v7e-m+fp/hard/libpic32c.a(pic32_data_init_clear.o)
 .comment       0x000000000000002b       0x2c /Applications/microchip/xc32/v4.45/bin/bin/../../lib/gcc/pic32c/8.3.1/../../../../pic32c/lib/thumb/v7e-m+fp/hard/libpic32c.a(pic32_data_init_copy.o)

.debug_info     0x0000000000000000    0x10256
 .debug_info    0x0000000000000000      0x267 build/sam_e51_cnano_123/production/_ext/1296496744/usb_uart.o
 .debug_info    0x0000000000000267      0x639 build/sam_e51_cnano_123/production/_ext/7187140/plib_clock.o
 .debug_info    0x00000000000008a0       0x9b build/sam_e51_cnano_123/production/_ext/9336626/plib_evsys.o
 .debug_info    0x000000000000093b      0xb28 build/sam_e51_cnano_123/production/_ext/830715028/plib_nvic.o
 .debug_info    0x0000000000001463      0x8e5 build/sam_e51_cnano_123/production/_ext/226030394/plib_nvmctrl.o
 .debug_info    0x0000000000001d48      0x70c build/sam_e51_cnano_123/production/_ext/830661877/plib_port.o
 .debug_info    0x0000000000002454      0xf76 build/sam_e51_cnano_123/production/_ext/314480351/plib_sercom5_usart.o
 .debug_info    0x00000000000033ca     0x121c build/sam_e51_cnano_123/production/_ext/314480351/plib_sercom4_usart.o
 .debug_info    0x00000000000045e6      0x1d5 build/sam_e51_cnano_123/production/_ext/865175840/xc32_monitor.o
 .debug_info    0x00000000000047bb      0x1f4 build/sam_e51_cnano_123/production/_ext/570918426/initialization.o
 .debug_info    0x00000000000049af      0xa73 build/sam_e51_cnano_123/production/_ext/570918426/interrupts.o
 .debug_info    0x0000000000005422      0x116 build/sam_e51_cnano_123/production/_ext/570918426/exceptions.o
 .debug_info    0x0000000000005538      0x55b build/sam_e51_cnano_123/production/_ext/570918426/startup_xc32.o
 .debug_info    0x0000000000005a93       0xe4 build/sam_e51_cnano_123/production/_ext/1360937237/main_sam_e51_cnano.o
 .debug_info    0x0000000000005b77     0x1030 build/sam_e51_cnano_123/production/_ext/1360937237/utils.o
 .debug_info    0x0000000000006ba7      0x5c9 build/sam_e51_cnano_123/production/_ext/1360937237/worker.o
 .debug_info    0x0000000000007170       0x54 /Applications/microchip/xc32/v4.45/bin/bin/../../lib/gcc/pic32c/8.3.1/../../../../pic32c/lib/thumb/v7e-m+fp/hard/libpic32c.a(data_init.o)
 .debug_info    0x00000000000071c4       0xf3 /Applications/microchip/xc32/v4.45/bin/bin/../../lib/gcc/pic32c/8.3.1/../../../../pic32c/lib/thumb/v7e-m+fp/hard/libc-size-musl.a(memcpy.o)
 .debug_info    0x00000000000072b7       0xbb /Applications/microchip/xc32/v4.45/bin/bin/../../lib/gcc/pic32c/8.3.1/../../../../pic32c/lib/thumb/v7e-m+fp/hard/libc-size-musl.a(memset.o)
 .debug_info    0x0000000000007372       0xa4 /Applications/microchip/xc32/v4.45/bin/bin/../../lib/gcc/pic32c/8.3.1/../../../../pic32c/lib/thumb/v7e-m+fp/hard/libc-size-musl.a(strlen.o)
 .debug_info    0x0000000000007416       0xde /Applications/microchip/xc32/v4.45/bin/bin/../../lib/gcc/pic32c/8.3.1/../../../../pic32c/lib/thumb/v7e-m+fp/hard/libc-size-musl.a(strncpy.o)
 .debug_info    0x00000000000074f4       0xe1 /Applications/microchip/xc32/v4.45/bin/bin/../../lib/gcc/pic32c/8.3.1/../../../../pic32c/lib/thumb/v7e-m+fp/hard/libc-size-musl.a(stpncpy.o)
 .debug_info    0x00000000000075d5      0x2fb /Applications/microchip/xc32/v4.45/bin/bin/../../lib/gcc/pic32c/8.3.1/../../../../pic32c/lib/thumb/v7e-m+fp/hard/libc-musl.a(__libc_start_main.o)
 .debug_info    0x00000000000078d0      0x276 /Applications/microchip/xc32/v4.45/bin/bin/../../lib/gcc/pic32c/8.3.1/../../../../pic32c/lib/thumb/v7e-m+fp/hard/libc-musl.a(libc.o)
 .debug_info    0x0000000000007b46      0x404 /Applications/microchip/xc32/v4.45/bin/bin/../../lib/gcc/pic32c/8.3.1/../../../../pic32c/lib/thumb/v7e-m+fp/hard/libc-musl.a(stdin.o)
 .debug_info    0x0000000000007f4a      0x1e9 /Applications/microchip/xc32/v4.45/bin/bin/../../lib/gcc/pic32c/8.3.1/../../../../pic32c/lib/thumb/v7e-m+fp/hard/libc-musl.a(stdout.o)
 .debug_info    0x0000000000008133      0x129 /Applications/microchip/xc32/v4.45/bin/bin/../../lib/gcc/pic32c/8.3.1/../../../../pic32c/lib/thumb/v7e-m+fp/hard/libc-musl.a(printf.o)
 .debug_info    0x000000000000825c      0x3ac /Applications/microchip/xc32/v4.45/bin/bin/../../lib/gcc/pic32c/8.3.1/../../../../pic32c/lib/thumb/v7e-m+fp/hard/libc-musl.a(puts.o)
 .debug_info    0x0000000000008608       0xdb /Applications/microchip/xc32/v4.45/bin/bin/../../lib/gcc/pic32c/8.3.1/../../../../pic32c/lib/thumb/v7e-m+fp/hard/libc-musl.a(setbuf.o)
 .debug_info    0x00000000000086e3      0x116 /Applications/microchip/xc32/v4.45/bin/bin/../../lib/gcc/pic32c/8.3.1/../../../../pic32c/lib/thumb/v7e-m+fp/hard/libc-musl.a(sprintf.o)
 .debug_info    0x00000000000087f9      0x10e /Applications/microchip/xc32/v4.45/bin/bin/../../lib/gcc/pic32c/8.3.1/../../../../pic32c/lib/thumb/v7e-m+fp/hard/libc-musl.a(vsprintf.o)
 .debug_info    0x0000000000008907       0x97 /Applications/microchip/xc32/v4.45/bin/bin/../../lib/gcc/pic32c/8.3.1/../../../../pic32c/lib/thumb/v7e-m+fp/hard/libc-musl.a(__environ.o)
 .debug_info    0x000000000000899e      0x3b6 /Applications/microchip/xc32/v4.45/bin/bin/../../lib/gcc/pic32c/8.3.1/../../../../pic32c/lib/thumb/v7e-m+fp/hard/libc-musl.a(fputs.o)
 .debug_info    0x0000000000008d54      0x3ef /Applications/microchip/xc32/v4.45/bin/bin/../../lib/gcc/pic32c/8.3.1/../../../../pic32c/lib/thumb/v7e-m+fp/hard/libc-musl.a(__stdio_read.o)
 .debug_info    0x0000000000009143      0x331 /Applications/microchip/xc32/v4.45/bin/bin/../../lib/gcc/pic32c/8.3.1/../../../../pic32c/lib/thumb/v7e-m+fp/hard/libc-musl.a(__towrite_rw.o)
 .debug_info    0x0000000000009474      0x257 /Applications/microchip/xc32/v4.45/bin/bin/../../lib/gcc/pic32c/8.3.1/../../../../pic32c/lib/thumb/v7e-m+fp/hard/libc-musl.a(fwrite.o)
 .debug_info    0x00000000000096cb      0x224 /Applications/microchip/xc32/v4.45/bin/bin/../../lib/gcc/pic32c/8.3.1/../../../../pic32c/lib/thumb/v7e-m+fp/hard/libc-musl.a(putc.o)
 .debug_info    0x00000000000098ef      0x2bd /Applications/microchip/xc32/v4.45/bin/bin/../../lib/gcc/pic32c/8.3.1/../../../../pic32c/lib/thumb/v7e-m+fp/hard/libc-musl.a(setvbuf.o)
 .debug_info    0x0000000000009bac      0x406 /Applications/microchip/xc32/v4.45/bin/bin/../../lib/gcc/pic32c/8.3.1/../../../../pic32c/lib/thumb/v7e-m+fp/hard/libc-musl.a(vfprintf.o)
 .debug_info    0x0000000000009fb2      0x43a /Applications/microchip/xc32/v4.45/bin/bin/../../lib/gcc/pic32c/8.3.1/../../../../pic32c/lib/thumb/v7e-m+fp/hard/libc-musl.a(vsnprintf.o)
 .debug_info    0x000000000000a3ec      0x146 /Applications/microchip/xc32/v4.45/bin/bin/../../lib/gcc/pic32c/8.3.1/../../../../pic32c/lib/thumb/v7e-m+fp/hard/libc-musl.a(readv.o)
 .debug_info    0x000000000000a532       0x5b /Applications/microchip/xc32/v4.45/bin/bin/../../lib/gcc/pic32c/8.3.1/../../../../pic32c/lib/thumb/v7e-m+fp/hard/libc-musl.a(__errno_location.o)
 .debug_info    0x000000000000a58d       0xc3 /Applications/microchip/xc32/v4.45/bin/bin/../../lib/gcc/pic32c/8.3.1/../../../../pic32c/lib/thumb/v7e-m+fp/hard/libc-musl.a(__init_stdio.o)
 .debug_info    0x000000000000a650      0x2b2 /Applications/microchip/xc32/v4.45/bin/bin/../../lib/gcc/pic32c/8.3.1/../../../../pic32c/lib/thumb/v7e-m+fp/hard/libc-musl.a(__out.o)
 .debug_info    0x000000000000a902      0x162 /Applications/microchip/xc32/v4.45/bin/bin/../../lib/gcc/pic32c/8.3.1/../../../../pic32c/lib/thumb/v7e-m+fp/hard/libc-musl.a(__pop_float.o)
 .debug_info    0x000000000000aa64      0x183 /Applications/microchip/xc32/v4.45/bin/bin/../../lib/gcc/pic32c/8.3.1/../../../../pic32c/lib/thumb/v7e-m+fp/hard/libc-musl.a(__pop_int.o)
 .debug_info    0x000000000000abe7      0x187 /Applications/microchip/xc32/v4.45/bin/bin/../../lib/gcc/pic32c/8.3.1/../../../../pic32c/lib/thumb/v7e-m+fp/hard/libc-musl.a(__pop_ptr.o)
 .debug_info    0x000000000000ad6e      0xa5d /Applications/microchip/xc32/v4.45/bin/bin/../../lib/gcc/pic32c/8.3.1/../../../../pic32c/lib/thumb/v7e-m+fp/hard/libc-musl.a(__printf_core.o)
 .debug_info    0x000000000000b7cb      0x28f /Applications/microchip/xc32/v4.45/bin/bin/../../lib/gcc/pic32c/8.3.1/../../../../pic32c/lib/thumb/v7e-m+fp/hard/libc-musl.a(__putc.o)
 .debug_info    0x000000000000ba5a      0x3a9 /Applications/microchip/xc32/v4.45/bin/bin/../../lib/gcc/pic32c/8.3.1/../../../../pic32c/lib/thumb/v7e-m+fp/hard/libc-musl.a(__stderr.o)
 .debug_info    0x000000000000be03      0x3ff /Applications/microchip/xc32/v4.45/bin/bin/../../lib/gcc/pic32c/8.3.1/../../../../pic32c/lib/thumb/v7e-m+fp/hard/libc-musl.a(__stdio_close.o)
 .debug_info    0x000000000000c202      0x43e /Applications/microchip/xc32/v4.45/bin/bin/../../lib/gcc/pic32c/8.3.1/../../../../pic32c/lib/thumb/v7e-m+fp/hard/libc-musl.a(__stdio_write.o)
 .debug_info    0x000000000000c640      0x3a9 /Applications/microchip/xc32/v4.45/bin/bin/../../lib/gcc/pic32c/8.3.1/../../../../pic32c/lib/thumb/v7e-m+fp/hard/libc-musl.a(__stdout.o)
 .debug_info    0x000000000000c9e9      0x275 /Applications/microchip/xc32/v4.45/bin/bin/../../lib/gcc/pic32c/8.3.1/../../../../pic32c/lib/thumb/v7e-m+fp/hard/libc-musl.a(__towrite.o)
 .debug_info    0x000000000000cc5e       0xf4 /Applications/microchip/xc32/v4.45/bin/bin/../../lib/gcc/pic32c/8.3.1/../../../../pic32c/lib/thumb/v7e-m+fp/hard/libc-musl.a(atoi.o)
 .debug_info    0x000000000000cd52      0x146 /Applications/microchip/xc32/v4.45/bin/bin/../../lib/gcc/pic32c/8.3.1/../../../../pic32c/lib/thumb/v7e-m+fp/hard/libc-musl.a(writev.o)
 .debug_info    0x000000000000ce98      0x12b /Applications/microchip/xc32/v4.45/bin/bin/../../lib/gcc/pic32c/8.3.1/../../../../pic32c/lib/thumb/v7e-m+fp/hard/libc-musl.a(tolower.o)
 .debug_info    0x000000000000cfc3      0x388 /Applications/microchip/xc32/v4.45/bin/bin/../../lib/gcc/pic32c/8.3.1/../../../../pic32c/lib/thumb/v7e-m+fp/hard/libc-musl.a(__overflow.o)
 .debug_info    0x000000000000d34b      0x646 /Applications/microchip/xc32/v4.45/bin/bin/../../lib/gcc/pic32c/8.3.1/../../../../pic32c/lib/thumb/v7e-m+fp/hard/libc-musl.a(__fmt_a.o)
 .debug_info    0x000000000000d991      0x330 /Applications/microchip/xc32/v4.45/bin/bin/../../lib/gcc/pic32c/8.3.1/../../../../pic32c/lib/thumb/v7e-m+fp/hard/libc-musl.a(__fmt_d.o)
 .debug_info    0x000000000000dcc1      0x673 /Applications/microchip/xc32/v4.45/bin/bin/../../lib/gcc/pic32c/8.3.1/../../../../pic32c/lib/thumb/v7e-m+fp/hard/libc-musl.a(__fmt_fp.o)
 .debug_info    0x000000000000e334      0x301 /Applications/microchip/xc32/v4.45/bin/bin/../../lib/gcc/pic32c/8.3.1/../../../../pic32c/lib/thumb/v7e-m+fp/hard/libc-musl.a(__fmt_o.o)
 .debug_info    0x000000000000e635      0x2b2 /Applications/microchip/xc32/v4.45/bin/bin/../../lib/gcc/pic32c/8.3.1/../../../../pic32c/lib/thumb/v7e-m+fp/hard/libc-musl.a(__fmt_s.o)
 .debug_info    0x000000000000e8e7      0x301 /Applications/microchip/xc32/v4.45/bin/bin/../../lib/gcc/pic32c/8.3.1/../../../../pic32c/lib/thumb/v7e-m+fp/hard/libc-musl.a(__fmt_u.o)
 .debug_info    0x000000000000ebe8      0x331 /Applications/microchip/xc32/v4.45/bin/bin/../../lib/gcc/pic32c/8.3.1/../../../../pic32c/lib/thumb/v7e-m+fp/hard/libc-musl.a(__fmt_x.o)
 .debug_info    0x000000000000ef19      0x2b9 /Applications/microchip/xc32/v4.45/bin/bin/../../lib/gcc/pic32c/8.3.1/../../../../pic32c/lib/thumb/v7e-m+fp/hard/libc-musl.a(__fwrite.o)
 .debug_info    0x000000000000f1d2      0x12b /Applications/microchip/xc32/v4.45/bin/bin/../../lib/gcc/pic32c/8.3.1/../../../../pic32c/lib/thumb/v7e-m+fp/hard/libc-musl.a(toupper.o)
 .debug_info    0x000000000000f2fd      0x1d9 /Applications/microchip/xc32/v4.45/bin/bin/../../lib/gcc/pic32c/8.3.1/../../../../pic32c/lib/thumb/v7e-m+fp/hard/libc-musl.a(__cvt_u.o)
 .debug_info    0x000000000000f4d6       0x26 /Applications/microchip/xc32/v4.45/bin/bin/../../lib/gcc/pic32c/8.3.1/thumb/v7e-m+fp/hard/libgcc.a(_aeabi_uldivmod.o)
 .debug_info    0x000000000000f4fc      0x52a /Applications/microchip/xc32/v4.45/bin/bin/../../lib/gcc/pic32c/8.3.1/thumb/v7e-m+fp/hard/libgcc.a(_udivmoddi4.o)
 .debug_info    0x000000000000fa26       0x26 /Applications/microchip/xc32/v4.45/bin/bin/../../lib/gcc/pic32c/8.3.1/thumb/v7e-m+fp/hard/libgcc.a(_dvmd_tls.o)
 .debug_info    0x000000000000fa4c       0x3f /Applications/microchip/xc32/v4.45/bin/bin/../../lib/gcc/pic32c/8.3.1/../../../../pic32c/lib/thumb/v7e-m+fp/hard/libpic32c.a(close.o)
 .debug_info    0x000000000000fa8b       0x3f /Applications/microchip/xc32/v4.45/bin/bin/../../lib/gcc/pic32c/8.3.1/../../../../pic32c/lib/thumb/v7e-m+fp/hard/libpic32c.a(lseek.o)
 .debug_info    0x000000000000faca       0xbd /Applications/microchip/xc32/v4.45/bin/bin/../../lib/gcc/pic32c/8.3.1/../../../../pic32c/lib/thumb/v7e-m+fp/hard/libc-size-musl.a(strcpy.o)
 .debug_info    0x000000000000fb87       0xac /Applications/microchip/xc32/v4.45/bin/bin/../../lib/gcc/pic32c/8.3.1/../../../../pic32c/lib/thumb/v7e-m+fp/hard/libc-size-musl.a(stpcpy.o)
 .debug_info    0x000000000000fc33      0x1bd /Applications/microchip/xc32/v4.45/bin/bin/../../lib/gcc/pic32c/8.3.1/../../../../pic32c/lib/thumb/v7e-m+fp/hard/liblmalloc-musl.a(lite_malloc.o)
 .debug_info    0x000000000000fdf0      0x26f /Applications/microchip/xc32/v4.45/bin/bin/../../lib/gcc/pic32c/8.3.1/../../../../pic32c/lib/thumb/v7e-m+fp/hard/liblmalloc-musl.a(lite_free.o)
 .debug_info    0x000000000001005f      0x10e /Applications/microchip/xc32/v4.45/bin/bin/../../lib/gcc/pic32c/8.3.1/../../../../pic32c/lib/thumb/v7e-m+fp/hard/libc-musl.a(expand_heap.o)
 .debug_info    0x000000000001016d       0x6a /Applications/microchip/xc32/v4.45/bin/bin/../../lib/gcc/pic32c/8.3.1/../../../../pic32c/lib/thumb/v7e-m+fp/hard/libpic32c.a(sbrk.o)
 .debug_info    0x00000000000101d7       0x3f /Applications/microchip/xc32/v4.45/bin/bin/../../lib/gcc/pic32c/8.3.1/../../../../pic32c/lib/thumb/v7e-m+fp/hard/libpic32c.a(pic32_data_init_clear.o)
 .debug_info    0x0000000000010216       0x40 /Applications/microchip/xc32/v4.45/bin/bin/../../lib/gcc/pic32c/8.3.1/../../../../pic32c/lib/thumb/v7e-m+fp/hard/libpic32c.a(pic32_data_init_copy.o)

.debug_abbrev   0x0000000000000000     0x59dc
 .debug_abbrev  0x0000000000000000       0xb3 build/sam_e51_cnano_123/production/_ext/1296496744/usb_uart.o
 .debug_abbrev  0x00000000000000b3      0x10b build/sam_e51_cnano_123/production/_ext/7187140/plib_clock.o
 .debug_abbrev  0x00000000000001be       0x46 build/sam_e51_cnano_123/production/_ext/9336626/plib_evsys.o
 .debug_abbrev  0x0000000000000204      0x1fe build/sam_e51_cnano_123/production/_ext/830715028/plib_nvic.o
 .debug_abbrev  0x0000000000000402      0x23c build/sam_e51_cnano_123/production/_ext/226030394/plib_nvmctrl.o
 .debug_abbrev  0x000000000000063e      0x1f1 build/sam_e51_cnano_123/production/_ext/830661877/plib_port.o
 .debug_abbrev  0x000000000000082f      0x2b1 build/sam_e51_cnano_123/production/_ext/314480351/plib_sercom5_usart.o
 .debug_abbrev  0x0000000000000ae0      0x345 build/sam_e51_cnano_123/production/_ext/314480351/plib_sercom4_usart.o
 .debug_abbrev  0x0000000000000e25       0xd8 build/sam_e51_cnano_123/production/_ext/865175840/xc32_monitor.o
 .debug_abbrev  0x0000000000000efd      0x11e build/sam_e51_cnano_123/production/_ext/570918426/initialization.o
 .debug_abbrev  0x000000000000101b       0xc0 build/sam_e51_cnano_123/production/_ext/570918426/interrupts.o
 .debug_abbrev  0x00000000000010db       0x49 build/sam_e51_cnano_123/production/_ext/570918426/exceptions.o
 .debug_abbrev  0x0000000000001124      0x1e3 build/sam_e51_cnano_123/production/_ext/570918426/startup_xc32.o
 .debug_abbrev  0x0000000000001307       0x82 build/sam_e51_cnano_123/production/_ext/1360937237/main_sam_e51_cnano.o
 .debug_abbrev  0x0000000000001389      0x329 build/sam_e51_cnano_123/production/_ext/1360937237/utils.o
 .debug_abbrev  0x00000000000016b2      0x148 build/sam_e51_cnano_123/production/_ext/1360937237/worker.o
 .debug_abbrev  0x00000000000017fa       0x44 /Applications/microchip/xc32/v4.45/bin/bin/../../lib/gcc/pic32c/8.3.1/../../../../pic32c/lib/thumb/v7e-m+fp/hard/libpic32c.a(data_init.o)
 .debug_abbrev  0x000000000000183e       0xbb /Applications/microchip/xc32/v4.45/bin/bin/../../lib/gcc/pic32c/8.3.1/../../../../pic32c/lib/thumb/v7e-m+fp/hard/libc-size-musl.a(memcpy.o)
 .debug_abbrev  0x00000000000018f9       0xa2 /Applications/microchip/xc32/v4.45/bin/bin/../../lib/gcc/pic32c/8.3.1/../../../../pic32c/lib/thumb/v7e-m+fp/hard/libc-size-musl.a(memset.o)
 .debug_abbrev  0x000000000000199b       0x91 /Applications/microchip/xc32/v4.45/bin/bin/../../lib/gcc/pic32c/8.3.1/../../../../pic32c/lib/thumb/v7e-m+fp/hard/libc-size-musl.a(strlen.o)
 .debug_abbrev  0x0000000000001a2c       0x9d /Applications/microchip/xc32/v4.45/bin/bin/../../lib/gcc/pic32c/8.3.1/../../../../pic32c/lib/thumb/v7e-m+fp/hard/libc-size-musl.a(strncpy.o)
 .debug_abbrev  0x0000000000001ac9       0xa5 /Applications/microchip/xc32/v4.45/bin/bin/../../lib/gcc/pic32c/8.3.1/../../../../pic32c/lib/thumb/v7e-m+fp/hard/libc-size-musl.a(stpncpy.o)
 .debug_abbrev  0x0000000000001b6e      0x133 /Applications/microchip/xc32/v4.45/bin/bin/../../lib/gcc/pic32c/8.3.1/../../../../pic32c/lib/thumb/v7e-m+fp/hard/libc-musl.a(__libc_start_main.o)
 .debug_abbrev  0x0000000000001ca1       0xd4 /Applications/microchip/xc32/v4.45/bin/bin/../../lib/gcc/pic32c/8.3.1/../../../../pic32c/lib/thumb/v7e-m+fp/hard/libc-musl.a(libc.o)
 .debug_abbrev  0x0000000000001d75      0x1b6 /Applications/microchip/xc32/v4.45/bin/bin/../../lib/gcc/pic32c/8.3.1/../../../../pic32c/lib/thumb/v7e-m+fp/hard/libc-musl.a(stdin.o)
 .debug_abbrev  0x0000000000001f2b      0x162 /Applications/microchip/xc32/v4.45/bin/bin/../../lib/gcc/pic32c/8.3.1/../../../../pic32c/lib/thumb/v7e-m+fp/hard/libc-musl.a(stdout.o)
 .debug_abbrev  0x000000000000208d      0x11d /Applications/microchip/xc32/v4.45/bin/bin/../../lib/gcc/pic32c/8.3.1/../../../../pic32c/lib/thumb/v7e-m+fp/hard/libc-musl.a(printf.o)
 .debug_abbrev  0x00000000000021aa      0x159 /Applications/microchip/xc32/v4.45/bin/bin/../../lib/gcc/pic32c/8.3.1/../../../../pic32c/lib/thumb/v7e-m+fp/hard/libc-musl.a(puts.o)
 .debug_abbrev  0x0000000000002303       0xab /Applications/microchip/xc32/v4.45/bin/bin/../../lib/gcc/pic32c/8.3.1/../../../../pic32c/lib/thumb/v7e-m+fp/hard/libc-musl.a(setbuf.o)
 .debug_abbrev  0x00000000000023ae      0x106 /Applications/microchip/xc32/v4.45/bin/bin/../../lib/gcc/pic32c/8.3.1/../../../../pic32c/lib/thumb/v7e-m+fp/hard/libc-musl.a(sprintf.o)
 .debug_abbrev  0x00000000000024b4       0xce /Applications/microchip/xc32/v4.45/bin/bin/../../lib/gcc/pic32c/8.3.1/../../../../pic32c/lib/thumb/v7e-m+fp/hard/libc-musl.a(vsprintf.o)
 .debug_abbrev  0x0000000000002582       0x62 /Applications/microchip/xc32/v4.45/bin/bin/../../lib/gcc/pic32c/8.3.1/../../../../pic32c/lib/thumb/v7e-m+fp/hard/libc-musl.a(__environ.o)
 .debug_abbrev  0x00000000000025e4      0x146 /Applications/microchip/xc32/v4.45/bin/bin/../../lib/gcc/pic32c/8.3.1/../../../../pic32c/lib/thumb/v7e-m+fp/hard/libc-musl.a(fputs.o)
 .debug_abbrev  0x000000000000272a      0x16c /Applications/microchip/xc32/v4.45/bin/bin/../../lib/gcc/pic32c/8.3.1/../../../../pic32c/lib/thumb/v7e-m+fp/hard/libc-musl.a(__stdio_read.o)
 .debug_abbrev  0x0000000000002896       0xf8 /Applications/microchip/xc32/v4.45/bin/bin/../../lib/gcc/pic32c/8.3.1/../../../../pic32c/lib/thumb/v7e-m+fp/hard/libc-musl.a(__towrite_rw.o)
 .debug_abbrev  0x000000000000298e      0x13f /Applications/microchip/xc32/v4.45/bin/bin/../../lib/gcc/pic32c/8.3.1/../../../../pic32c/lib/thumb/v7e-m+fp/hard/libc-musl.a(fwrite.o)
 .debug_abbrev  0x0000000000002acd      0x125 /Applications/microchip/xc32/v4.45/bin/bin/../../lib/gcc/pic32c/8.3.1/../../../../pic32c/lib/thumb/v7e-m+fp/hard/libc-musl.a(putc.o)
 .debug_abbrev  0x0000000000002bf2      0x138 /Applications/microchip/xc32/v4.45/bin/bin/../../lib/gcc/pic32c/8.3.1/../../../../pic32c/lib/thumb/v7e-m+fp/hard/libc-musl.a(setvbuf.o)
 .debug_abbrev  0x0000000000002d2a      0x189 /Applications/microchip/xc32/v4.45/bin/bin/../../lib/gcc/pic32c/8.3.1/../../../../pic32c/lib/thumb/v7e-m+fp/hard/libc-musl.a(vfprintf.o)
 .debug_abbrev  0x0000000000002eb3      0x195 /Applications/microchip/xc32/v4.45/bin/bin/../../lib/gcc/pic32c/8.3.1/../../../../pic32c/lib/thumb/v7e-m+fp/hard/libc-musl.a(vsnprintf.o)
 .debug_abbrev  0x0000000000003048       0xf7 /Applications/microchip/xc32/v4.45/bin/bin/../../lib/gcc/pic32c/8.3.1/../../../../pic32c/lib/thumb/v7e-m+fp/hard/libc-musl.a(readv.o)
 .debug_abbrev  0x000000000000313f       0x39 /Applications/microchip/xc32/v4.45/bin/bin/../../lib/gcc/pic32c/8.3.1/../../../../pic32c/lib/thumb/v7e-m+fp/hard/libc-musl.a(__errno_location.o)
 .debug_abbrev  0x0000000000003178       0x65 /Applications/microchip/xc32/v4.45/bin/bin/../../lib/gcc/pic32c/8.3.1/../../../../pic32c/lib/thumb/v7e-m+fp/hard/libc-musl.a(__init_stdio.o)
 .debug_abbrev  0x00000000000031dd      0x18c /Applications/microchip/xc32/v4.45/bin/bin/../../lib/gcc/pic32c/8.3.1/../../../../pic32c/lib/thumb/v7e-m+fp/hard/libc-musl.a(__out.o)
 .debug_abbrev  0x0000000000003369       0xdc /Applications/microchip/xc32/v4.45/bin/bin/../../lib/gcc/pic32c/8.3.1/../../../../pic32c/lib/thumb/v7e-m+fp/hard/libc-musl.a(__pop_float.o)
 .debug_abbrev  0x0000000000003445       0xdc /Applications/microchip/xc32/v4.45/bin/bin/../../lib/gcc/pic32c/8.3.1/../../../../pic32c/lib/thumb/v7e-m+fp/hard/libc-musl.a(__pop_int.o)
 .debug_abbrev  0x0000000000003521       0xed /Applications/microchip/xc32/v4.45/bin/bin/../../lib/gcc/pic32c/8.3.1/../../../../pic32c/lib/thumb/v7e-m+fp/hard/libc-musl.a(__pop_ptr.o)
 .debug_abbrev  0x000000000000360e      0x332 /Applications/microchip/xc32/v4.45/bin/bin/../../lib/gcc/pic32c/8.3.1/../../../../pic32c/lib/thumb/v7e-m+fp/hard/libc-musl.a(__printf_core.o)
 .debug_abbrev  0x0000000000003940      0x10f /Applications/microchip/xc32/v4.45/bin/bin/../../lib/gcc/pic32c/8.3.1/../../../../pic32c/lib/thumb/v7e-m+fp/hard/libc-musl.a(__putc.o)
 .debug_abbrev  0x0000000000003a4f      0x181 /Applications/microchip/xc32/v4.45/bin/bin/../../lib/gcc/pic32c/8.3.1/../../../../pic32c/lib/thumb/v7e-m+fp/hard/libc-musl.a(__stderr.o)
 .debug_abbrev  0x0000000000003bd0      0x152 /Applications/microchip/xc32/v4.45/bin/bin/../../lib/gcc/pic32c/8.3.1/../../../../pic32c/lib/thumb/v7e-m+fp/hard/libc-musl.a(__stdio_close.o)
 .debug_abbrev  0x0000000000003d22      0x1bd /Applications/microchip/xc32/v4.45/bin/bin/../../lib/gcc/pic32c/8.3.1/../../../../pic32c/lib/thumb/v7e-m+fp/hard/libc-musl.a(__stdio_write.o)
 .debug_abbrev  0x0000000000003edf      0x181 /Applications/microchip/xc32/v4.45/bin/bin/../../lib/gcc/pic32c/8.3.1/../../../../pic32c/lib/thumb/v7e-m+fp/hard/libc-musl.a(__stdout.o)
 .debug_abbrev  0x0000000000004060      0x114 /Applications/microchip/xc32/v4.45/bin/bin/../../lib/gcc/pic32c/8.3.1/../../../../pic32c/lib/thumb/v7e-m+fp/hard/libc-musl.a(__towrite.o)
 .debug_abbrev  0x0000000000004174       0xc6 /Applications/microchip/xc32/v4.45/bin/bin/../../lib/gcc/pic32c/8.3.1/../../../../pic32c/lib/thumb/v7e-m+fp/hard/libc-musl.a(atoi.o)
 .debug_abbrev  0x000000000000423a       0xf7 /Applications/microchip/xc32/v4.45/bin/bin/../../lib/gcc/pic32c/8.3.1/../../../../pic32c/lib/thumb/v7e-m+fp/hard/libc-musl.a(writev.o)
 .debug_abbrev  0x0000000000004331      0x108 /Applications/microchip/xc32/v4.45/bin/bin/../../lib/gcc/pic32c/8.3.1/../../../../pic32c/lib/thumb/v7e-m+fp/hard/libc-musl.a(tolower.o)
 .debug_abbrev  0x0000000000004439      0x141 /Applications/microchip/xc32/v4.45/bin/bin/../../lib/gcc/pic32c/8.3.1/../../../../pic32c/lib/thumb/v7e-m+fp/hard/libc-musl.a(__overflow.o)
 .debug_abbrev  0x000000000000457a      0x1d5 /Applications/microchip/xc32/v4.45/bin/bin/../../lib/gcc/pic32c/8.3.1/../../../../pic32c/lib/thumb/v7e-m+fp/hard/libc-musl.a(__fmt_a.o)
 .debug_abbrev  0x000000000000474f      0x161 /Applications/microchip/xc32/v4.45/bin/bin/../../lib/gcc/pic32c/8.3.1/../../../../pic32c/lib/thumb/v7e-m+fp/hard/libc-musl.a(__fmt_d.o)
 .debug_abbrev  0x00000000000048b0      0x1f4 /Applications/microchip/xc32/v4.45/bin/bin/../../lib/gcc/pic32c/8.3.1/../../../../pic32c/lib/thumb/v7e-m+fp/hard/libc-musl.a(__fmt_fp.o)
 .debug_abbrev  0x0000000000004aa4      0x161 /Applications/microchip/xc32/v4.45/bin/bin/../../lib/gcc/pic32c/8.3.1/../../../../pic32c/lib/thumb/v7e-m+fp/hard/libc-musl.a(__fmt_o.o)
 .debug_abbrev  0x0000000000004c05      0x14c /Applications/microchip/xc32/v4.45/bin/bin/../../lib/gcc/pic32c/8.3.1/../../../../pic32c/lib/thumb/v7e-m+fp/hard/libc-musl.a(__fmt_s.o)
 .debug_abbrev  0x0000000000004d51      0x161 /Applications/microchip/xc32/v4.45/bin/bin/../../lib/gcc/pic32c/8.3.1/../../../../pic32c/lib/thumb/v7e-m+fp/hard/libc-musl.a(__fmt_u.o)
 .debug_abbrev  0x0000000000004eb2      0x150 /Applications/microchip/xc32/v4.45/bin/bin/../../lib/gcc/pic32c/8.3.1/../../../../pic32c/lib/thumb/v7e-m+fp/hard/libc-musl.a(__fmt_x.o)
 .debug_abbrev  0x0000000000005002      0x127 /Applications/microchip/xc32/v4.45/bin/bin/../../lib/gcc/pic32c/8.3.1/../../../../pic32c/lib/thumb/v7e-m+fp/hard/libc-musl.a(__fwrite.o)
 .debug_abbrev  0x0000000000005129      0x108 /Applications/microchip/xc32/v4.45/bin/bin/../../lib/gcc/pic32c/8.3.1/../../../../pic32c/lib/thumb/v7e-m+fp/hard/libc-musl.a(toupper.o)
 .debug_abbrev  0x0000000000005231       0xe5 /Applications/microchip/xc32/v4.45/bin/bin/../../lib/gcc/pic32c/8.3.1/../../../../pic32c/lib/thumb/v7e-m+fp/hard/libc-musl.a(__cvt_u.o)
 .debug_abbrev  0x0000000000005316       0x14 /Applications/microchip/xc32/v4.45/bin/bin/../../lib/gcc/pic32c/8.3.1/thumb/v7e-m+fp/hard/libgcc.a(_aeabi_uldivmod.o)
 .debug_abbrev  0x000000000000532a      0x122 /Applications/microchip/xc32/v4.45/bin/bin/../../lib/gcc/pic32c/8.3.1/thumb/v7e-m+fp/hard/libgcc.a(_udivmoddi4.o)
 .debug_abbrev  0x000000000000544c       0x14 /Applications/microchip/xc32/v4.45/bin/bin/../../lib/gcc/pic32c/8.3.1/thumb/v7e-m+fp/hard/libgcc.a(_dvmd_tls.o)
 .debug_abbrev  0x0000000000005460       0x2e /Applications/microchip/xc32/v4.45/bin/bin/../../lib/gcc/pic32c/8.3.1/../../../../pic32c/lib/thumb/v7e-m+fp/hard/libpic32c.a(close.o)
 .debug_abbrev  0x000000000000548e       0x2e /Applications/microchip/xc32/v4.45/bin/bin/../../lib/gcc/pic32c/8.3.1/../../../../pic32c/lib/thumb/v7e-m+fp/hard/libpic32c.a(lseek.o)
 .debug_abbrev  0x00000000000054bc       0xa2 /Applications/microchip/xc32/v4.45/bin/bin/../../lib/gcc/pic32c/8.3.1/../../../../pic32c/lib/thumb/v7e-m+fp/hard/libc-size-musl.a(strcpy.o)
 .debug_abbrev  0x000000000000555e       0x6e /Applications/microchip/xc32/v4.45/bin/bin/../../lib/gcc/pic32c/8.3.1/../../../../pic32c/lib/thumb/v7e-m+fp/hard/libc-size-musl.a(stpcpy.o)
 .debug_abbrev  0x00000000000055cc      0x117 /Applications/microchip/xc32/v4.45/bin/bin/../../lib/gcc/pic32c/8.3.1/../../../../pic32c/lib/thumb/v7e-m+fp/hard/liblmalloc-musl.a(lite_malloc.o)
 .debug_abbrev  0x00000000000056e3      0x195 /Applications/microchip/xc32/v4.45/bin/bin/../../lib/gcc/pic32c/8.3.1/../../../../pic32c/lib/thumb/v7e-m+fp/hard/liblmalloc-musl.a(lite_free.o)
 .debug_abbrev  0x0000000000005878       0xc4 /Applications/microchip/xc32/v4.45/bin/bin/../../lib/gcc/pic32c/8.3.1/../../../../pic32c/lib/thumb/v7e-m+fp/hard/libc-musl.a(expand_heap.o)
 .debug_abbrev  0x000000000000593c       0x44 /Applications/microchip/xc32/v4.45/bin/bin/../../lib/gcc/pic32c/8.3.1/../../../../pic32c/lib/thumb/v7e-m+fp/hard/libpic32c.a(sbrk.o)
 .debug_abbrev  0x0000000000005980       0x2e /Applications/microchip/xc32/v4.45/bin/bin/../../lib/gcc/pic32c/8.3.1/../../../../pic32c/lib/thumb/v7e-m+fp/hard/libpic32c.a(pic32_data_init_clear.o)
 .debug_abbrev  0x00000000000059ae       0x2e /Applications/microchip/xc32/v4.45/bin/bin/../../lib/gcc/pic32c/8.3.1/../../../../pic32c/lib/thumb/v7e-m+fp/hard/libpic32c.a(pic32_data_init_copy.o)

.debug_loc      0x0000000000000000     0x7e67
 .debug_loc     0x0000000000000000      0x154 build/sam_e51_cnano_123/production/_ext/1296496744/usb_uart.o
 .debug_loc     0x0000000000000154      0x183 build/sam_e51_cnano_123/production/_ext/830715028/plib_nvic.o
 .debug_loc     0x00000000000002d7      0x83e build/sam_e51_cnano_123/production/_ext/226030394/plib_nvmctrl.o
 .debug_loc     0x0000000000000b15      0x266 build/sam_e51_cnano_123/production/_ext/830661877/plib_port.o
 .debug_loc     0x0000000000000d7b      0x886 build/sam_e51_cnano_123/production/_ext/314480351/plib_sercom5_usart.o
 .debug_loc     0x0000000000001601      0x8af build/sam_e51_cnano_123/production/_ext/314480351/plib_sercom4_usart.o
 .debug_loc     0x0000000000001eb0      0x1b9 build/sam_e51_cnano_123/production/_ext/865175840/xc32_monitor.o
 .debug_loc     0x0000000000002069       0x45 build/sam_e51_cnano_123/production/_ext/570918426/initialization.o
 .debug_loc     0x00000000000020ae       0x4a build/sam_e51_cnano_123/production/_ext/570918426/startup_xc32.o
 .debug_loc     0x00000000000020f8       0x20 build/sam_e51_cnano_123/production/_ext/1360937237/main_sam_e51_cnano.o
 .debug_loc     0x0000000000002118      0x336 build/sam_e51_cnano_123/production/_ext/1360937237/utils.o
 .debug_loc     0x000000000000244e      0x12e build/sam_e51_cnano_123/production/_ext/1360937237/worker.o
 .debug_loc     0x000000000000257c       0x14 /Applications/microchip/xc32/v4.45/bin/bin/../../lib/gcc/pic32c/8.3.1/../../../../pic32c/lib/thumb/v7e-m+fp/hard/libpic32c.a(data_init.o)
 .debug_loc     0x0000000000002590      0x10b /Applications/microchip/xc32/v4.45/bin/bin/../../lib/gcc/pic32c/8.3.1/../../../../pic32c/lib/thumb/v7e-m+fp/hard/libc-size-musl.a(memcpy.o)
 .debug_loc     0x000000000000269b       0x7d /Applications/microchip/xc32/v4.45/bin/bin/../../lib/gcc/pic32c/8.3.1/../../../../pic32c/lib/thumb/v7e-m+fp/hard/libc-size-musl.a(memset.o)
 .debug_loc     0x0000000000002718       0x90 /Applications/microchip/xc32/v4.45/bin/bin/../../lib/gcc/pic32c/8.3.1/../../../../pic32c/lib/thumb/v7e-m+fp/hard/libc-size-musl.a(strlen.o)
 .debug_loc     0x00000000000027a8       0x8c /Applications/microchip/xc32/v4.45/bin/bin/../../lib/gcc/pic32c/8.3.1/../../../../pic32c/lib/thumb/v7e-m+fp/hard/libc-size-musl.a(strncpy.o)
 .debug_loc     0x0000000000002834      0x13f /Applications/microchip/xc32/v4.45/bin/bin/../../lib/gcc/pic32c/8.3.1/../../../../pic32c/lib/thumb/v7e-m+fp/hard/libc-size-musl.a(stpncpy.o)
 .debug_loc     0x0000000000002973       0x51 /Applications/microchip/xc32/v4.45/bin/bin/../../lib/gcc/pic32c/8.3.1/../../../../pic32c/lib/thumb/v7e-m+fp/hard/libc-musl.a(__libc_start_main.o)
 .debug_loc     0x00000000000029c4       0x25 /Applications/microchip/xc32/v4.45/bin/bin/../../lib/gcc/pic32c/8.3.1/../../../../pic32c/lib/thumb/v7e-m+fp/hard/libc-musl.a(stdin.o)
 .debug_loc     0x00000000000029e9       0x20 /Applications/microchip/xc32/v4.45/bin/bin/../../lib/gcc/pic32c/8.3.1/../../../../pic32c/lib/thumb/v7e-m+fp/hard/libc-musl.a(stdout.o)
 .debug_loc     0x0000000000002a09       0x65 /Applications/microchip/xc32/v4.45/bin/bin/../../lib/gcc/pic32c/8.3.1/../../../../pic32c/lib/thumb/v7e-m+fp/hard/libc-musl.a(printf.o)
 .debug_loc     0x0000000000002a6e       0x6a /Applications/microchip/xc32/v4.45/bin/bin/../../lib/gcc/pic32c/8.3.1/../../../../pic32c/lib/thumb/v7e-m+fp/hard/libc-musl.a(puts.o)
 .debug_loc     0x0000000000002ad8       0x4a /Applications/microchip/xc32/v4.45/bin/bin/../../lib/gcc/pic32c/8.3.1/../../../../pic32c/lib/thumb/v7e-m+fp/hard/libc-musl.a(setbuf.o)
 .debug_loc     0x0000000000002b22       0x8a /Applications/microchip/xc32/v4.45/bin/bin/../../lib/gcc/pic32c/8.3.1/../../../../pic32c/lib/thumb/v7e-m+fp/hard/libc-musl.a(sprintf.o)
 .debug_loc     0x0000000000002bac       0x6c /Applications/microchip/xc32/v4.45/bin/bin/../../lib/gcc/pic32c/8.3.1/../../../../pic32c/lib/thumb/v7e-m+fp/hard/libc-musl.a(vsprintf.o)
 .debug_loc     0x0000000000002c18       0x93 /Applications/microchip/xc32/v4.45/bin/bin/../../lib/gcc/pic32c/8.3.1/../../../../pic32c/lib/thumb/v7e-m+fp/hard/libc-musl.a(fputs.o)
 .debug_loc     0x0000000000002cab      0x103 /Applications/microchip/xc32/v4.45/bin/bin/../../lib/gcc/pic32c/8.3.1/../../../../pic32c/lib/thumb/v7e-m+fp/hard/libc-musl.a(__stdio_read.o)
 .debug_loc     0x0000000000002dae       0x25 /Applications/microchip/xc32/v4.45/bin/bin/../../lib/gcc/pic32c/8.3.1/../../../../pic32c/lib/thumb/v7e-m+fp/hard/libc-musl.a(__towrite_rw.o)
 .debug_loc     0x0000000000002dd3      0x17e /Applications/microchip/xc32/v4.45/bin/bin/../../lib/gcc/pic32c/8.3.1/../../../../pic32c/lib/thumb/v7e-m+fp/hard/libc-musl.a(fwrite.o)
 .debug_loc     0x0000000000002f51      0x123 /Applications/microchip/xc32/v4.45/bin/bin/../../lib/gcc/pic32c/8.3.1/../../../../pic32c/lib/thumb/v7e-m+fp/hard/libc-musl.a(putc.o)
 .debug_loc     0x0000000000003074       0xd8 /Applications/microchip/xc32/v4.45/bin/bin/../../lib/gcc/pic32c/8.3.1/../../../../pic32c/lib/thumb/v7e-m+fp/hard/libc-musl.a(setvbuf.o)
 .debug_loc     0x000000000000314c       0x88 /Applications/microchip/xc32/v4.45/bin/bin/../../lib/gcc/pic32c/8.3.1/../../../../pic32c/lib/thumb/v7e-m+fp/hard/libc-musl.a(vfprintf.o)
 .debug_loc     0x00000000000031d4       0xeb /Applications/microchip/xc32/v4.45/bin/bin/../../lib/gcc/pic32c/8.3.1/../../../../pic32c/lib/thumb/v7e-m+fp/hard/libc-musl.a(vsnprintf.o)
 .debug_loc     0x00000000000032bf       0xeb /Applications/microchip/xc32/v4.45/bin/bin/../../lib/gcc/pic32c/8.3.1/../../../../pic32c/lib/thumb/v7e-m+fp/hard/libc-musl.a(readv.o)
 .debug_loc     0x00000000000033aa       0x20 /Applications/microchip/xc32/v4.45/bin/bin/../../lib/gcc/pic32c/8.3.1/../../../../pic32c/lib/thumb/v7e-m+fp/hard/libc-musl.a(__init_stdio.o)
 .debug_loc     0x00000000000033ca      0x1a8 /Applications/microchip/xc32/v4.45/bin/bin/../../lib/gcc/pic32c/8.3.1/../../../../pic32c/lib/thumb/v7e-m+fp/hard/libc-musl.a(__out.o)
 .debug_loc     0x0000000000003572       0xa6 /Applications/microchip/xc32/v4.45/bin/bin/../../lib/gcc/pic32c/8.3.1/../../../../pic32c/lib/thumb/v7e-m+fp/hard/libc-musl.a(__pop_float.o)
 .debug_loc     0x0000000000003618      0x2f5 /Applications/microchip/xc32/v4.45/bin/bin/../../lib/gcc/pic32c/8.3.1/../../../../pic32c/lib/thumb/v7e-m+fp/hard/libc-musl.a(__pop_int.o)
 .debug_loc     0x000000000000390d      0x1db /Applications/microchip/xc32/v4.45/bin/bin/../../lib/gcc/pic32c/8.3.1/../../../../pic32c/lib/thumb/v7e-m+fp/hard/libc-musl.a(__pop_ptr.o)
 .debug_loc     0x0000000000003ae8      0x5e9 /Applications/microchip/xc32/v4.45/bin/bin/../../lib/gcc/pic32c/8.3.1/../../../../pic32c/lib/thumb/v7e-m+fp/hard/libc-musl.a(__printf_core.o)
 .debug_loc     0x00000000000040d1      0x114 /Applications/microchip/xc32/v4.45/bin/bin/../../lib/gcc/pic32c/8.3.1/../../../../pic32c/lib/thumb/v7e-m+fp/hard/libc-musl.a(__putc.o)
 .debug_loc     0x00000000000041e5       0x25 /Applications/microchip/xc32/v4.45/bin/bin/../../lib/gcc/pic32c/8.3.1/../../../../pic32c/lib/thumb/v7e-m+fp/hard/libc-musl.a(__stderr.o)
 .debug_loc     0x000000000000420a      0x208 /Applications/microchip/xc32/v4.45/bin/bin/../../lib/gcc/pic32c/8.3.1/../../../../pic32c/lib/thumb/v7e-m+fp/hard/libc-musl.a(__stdio_close.o)
 .debug_loc     0x0000000000004412      0x2f1 /Applications/microchip/xc32/v4.45/bin/bin/../../lib/gcc/pic32c/8.3.1/../../../../pic32c/lib/thumb/v7e-m+fp/hard/libc-musl.a(__stdio_write.o)
 .debug_loc     0x0000000000004703       0x25 /Applications/microchip/xc32/v4.45/bin/bin/../../lib/gcc/pic32c/8.3.1/../../../../pic32c/lib/thumb/v7e-m+fp/hard/libc-musl.a(__stdout.o)
 .debug_loc     0x0000000000004728       0x7c /Applications/microchip/xc32/v4.45/bin/bin/../../lib/gcc/pic32c/8.3.1/../../../../pic32c/lib/thumb/v7e-m+fp/hard/libc-musl.a(__towrite.o)
 .debug_loc     0x00000000000047a4       0xd8 /Applications/microchip/xc32/v4.45/bin/bin/../../lib/gcc/pic32c/8.3.1/../../../../pic32c/lib/thumb/v7e-m+fp/hard/libc-musl.a(atoi.o)
 .debug_loc     0x000000000000487c       0xeb /Applications/microchip/xc32/v4.45/bin/bin/../../lib/gcc/pic32c/8.3.1/../../../../pic32c/lib/thumb/v7e-m+fp/hard/libc-musl.a(writev.o)
 .debug_loc     0x0000000000004967       0x4a /Applications/microchip/xc32/v4.45/bin/bin/../../lib/gcc/pic32c/8.3.1/../../../../pic32c/lib/thumb/v7e-m+fp/hard/libc-musl.a(tolower.o)
 .debug_loc     0x00000000000049b1       0xb6 /Applications/microchip/xc32/v4.45/bin/bin/../../lib/gcc/pic32c/8.3.1/../../../../pic32c/lib/thumb/v7e-m+fp/hard/libc-musl.a(__overflow.o)
 .debug_loc     0x0000000000004a67      0xb29 /Applications/microchip/xc32/v4.45/bin/bin/../../lib/gcc/pic32c/8.3.1/../../../../pic32c/lib/thumb/v7e-m+fp/hard/libc-musl.a(__fmt_a.o)
 .debug_loc     0x0000000000005590      0x1ef /Applications/microchip/xc32/v4.45/bin/bin/../../lib/gcc/pic32c/8.3.1/../../../../pic32c/lib/thumb/v7e-m+fp/hard/libc-musl.a(__fmt_d.o)
 .debug_loc     0x000000000000577f      0xa5d /Applications/microchip/xc32/v4.45/bin/bin/../../lib/gcc/pic32c/8.3.1/../../../../pic32c/lib/thumb/v7e-m+fp/hard/libc-musl.a(__fmt_fp.o)
 .debug_loc     0x00000000000061dc      0x10a /Applications/microchip/xc32/v4.45/bin/bin/../../lib/gcc/pic32c/8.3.1/../../../../pic32c/lib/thumb/v7e-m+fp/hard/libc-musl.a(__fmt_o.o)
 .debug_loc     0x00000000000062e6      0x157 /Applications/microchip/xc32/v4.45/bin/bin/../../lib/gcc/pic32c/8.3.1/../../../../pic32c/lib/thumb/v7e-m+fp/hard/libc-musl.a(__fmt_s.o)
 .debug_loc     0x000000000000643d      0x10a /Applications/microchip/xc32/v4.45/bin/bin/../../lib/gcc/pic32c/8.3.1/../../../../pic32c/lib/thumb/v7e-m+fp/hard/libc-musl.a(__fmt_u.o)
 .debug_loc     0x0000000000006547      0x26d /Applications/microchip/xc32/v4.45/bin/bin/../../lib/gcc/pic32c/8.3.1/../../../../pic32c/lib/thumb/v7e-m+fp/hard/libc-musl.a(__fmt_x.o)
 .debug_loc     0x00000000000067b4      0x10a /Applications/microchip/xc32/v4.45/bin/bin/../../lib/gcc/pic32c/8.3.1/../../../../pic32c/lib/thumb/v7e-m+fp/hard/libc-musl.a(__fwrite.o)
 .debug_loc     0x00000000000068be       0x4a /Applications/microchip/xc32/v4.45/bin/bin/../../lib/gcc/pic32c/8.3.1/../../../../pic32c/lib/thumb/v7e-m+fp/hard/libc-musl.a(toupper.o)
 .debug_loc     0x0000000000006908      0x197 /Applications/microchip/xc32/v4.45/bin/bin/../../lib/gcc/pic32c/8.3.1/../../../../pic32c/lib/thumb/v7e-m+fp/hard/libc-musl.a(__cvt_u.o)
 .debug_loc     0x0000000000006a9f      0xe69 /Applications/microchip/xc32/v4.45/bin/bin/../../lib/gcc/pic32c/8.3.1/thumb/v7e-m+fp/hard/libgcc.a(_udivmoddi4.o)
 .debug_loc     0x0000000000007908       0x67 /Applications/microchip/xc32/v4.45/bin/bin/../../lib/gcc/pic32c/8.3.1/../../../../pic32c/lib/thumb/v7e-m+fp/hard/libc-size-musl.a(strcpy.o)
 .debug_loc     0x000000000000796f       0x60 /Applications/microchip/xc32/v4.45/bin/bin/../../lib/gcc/pic32c/8.3.1/../../../../pic32c/lib/thumb/v7e-m+fp/hard/libc-size-musl.a(stpcpy.o)
 .debug_loc     0x00000000000079cf       0xf3 /Applications/microchip/xc32/v4.45/bin/bin/../../lib/gcc/pic32c/8.3.1/../../../../pic32c/lib/thumb/v7e-m+fp/hard/liblmalloc-musl.a(lite_malloc.o)
 .debug_loc     0x0000000000007ac2      0x2ed /Applications/microchip/xc32/v4.45/bin/bin/../../lib/gcc/pic32c/8.3.1/../../../../pic32c/lib/thumb/v7e-m+fp/hard/liblmalloc-musl.a(lite_free.o)
 .debug_loc     0x0000000000007daf       0x7c /Applications/microchip/xc32/v4.45/bin/bin/../../lib/gcc/pic32c/8.3.1/../../../../pic32c/lib/thumb/v7e-m+fp/hard/libc-musl.a(expand_heap.o)
 .debug_loc     0x0000000000007e2b       0x28 /Applications/microchip/xc32/v4.45/bin/bin/../../lib/gcc/pic32c/8.3.1/../../../../pic32c/lib/thumb/v7e-m+fp/hard/libpic32c.a(sbrk.o)
 .debug_loc     0x0000000000007e53       0x14 /Applications/microchip/xc32/v4.45/bin/bin/../../lib/gcc/pic32c/8.3.1/../../../../pic32c/lib/thumb/v7e-m+fp/hard/libpic32c.a(pic32_data_init_copy.o)

.debug_aranges  0x0000000000000000      0xe08
 .debug_aranges
                0x0000000000000000       0x48 build/sam_e51_cnano_123/production/_ext/1296496744/usb_uart.o
 .debug_aranges
                0x0000000000000048       0x20 build/sam_e51_cnano_123/production/_ext/7187140/plib_clock.o
 .debug_aranges
                0x0000000000000068       0x20 build/sam_e51_cnano_123/production/_ext/9336626/plib_evsys.o
 .debug_aranges
                0x0000000000000088       0x38 build/sam_e51_cnano_123/production/_ext/830715028/plib_nvic.o
 .debug_aranges
                0x00000000000000c0       0xd8 build/sam_e51_cnano_123/production/_ext/226030394/plib_nvmctrl.o
 .debug_aranges
                0x0000000000000198       0x70 build/sam_e51_cnano_123/production/_ext/830661877/plib_port.o
 .debug_aranges
                0x0000000000000208       0xa8 build/sam_e51_cnano_123/production/_ext/314480351/plib_sercom5_usart.o
 .debug_aranges
                0x00000000000002b0       0xe0 build/sam_e51_cnano_123/production/_ext/314480351/plib_sercom4_usart.o
 .debug_aranges
                0x0000000000000390       0x28 build/sam_e51_cnano_123/production/_ext/865175840/xc32_monitor.o
 .debug_aranges
                0x00000000000003b8       0x20 build/sam_e51_cnano_123/production/_ext/570918426/initialization.o
 .debug_aranges
                0x00000000000003d8       0x20 build/sam_e51_cnano_123/production/_ext/570918426/interrupts.o
 .debug_aranges
                0x00000000000003f8       0x48 build/sam_e51_cnano_123/production/_ext/570918426/exceptions.o
 .debug_aranges
                0x0000000000000440       0x28 build/sam_e51_cnano_123/production/_ext/570918426/startup_xc32.o
 .debug_aranges
                0x0000000000000468       0x20 build/sam_e51_cnano_123/production/_ext/1360937237/main_sam_e51_cnano.o
 .debug_aranges
                0x0000000000000488       0x58 build/sam_e51_cnano_123/production/_ext/1360937237/utils.o
 .debug_aranges
                0x00000000000004e0       0x20 build/sam_e51_cnano_123/production/_ext/1360937237/worker.o
 .debug_aranges
                0x0000000000000500       0x28 /Applications/microchip/xc32/v4.45/bin/bin/../../lib/gcc/pic32c/8.3.1/../../../../pic32c/lib/thumb/v7e-m+fp/hard/libpic32c.a(data_init.o)
 .debug_aranges
                0x0000000000000528       0x20 /Applications/microchip/xc32/v4.45/bin/bin/../../lib/gcc/pic32c/8.3.1/../../../../pic32c/lib/thumb/v7e-m+fp/hard/libc-size-musl.a(memcpy.o)
 .debug_aranges
                0x0000000000000548       0x20 /Applications/microchip/xc32/v4.45/bin/bin/../../lib/gcc/pic32c/8.3.1/../../../../pic32c/lib/thumb/v7e-m+fp/hard/libc-size-musl.a(memset.o)
 .debug_aranges
                0x0000000000000568       0x20 /Applications/microchip/xc32/v4.45/bin/bin/../../lib/gcc/pic32c/8.3.1/../../../../pic32c/lib/thumb/v7e-m+fp/hard/libc-size-musl.a(strlen.o)
 .debug_aranges
                0x0000000000000588       0x20 /Applications/microchip/xc32/v4.45/bin/bin/../../lib/gcc/pic32c/8.3.1/../../../../pic32c/lib/thumb/v7e-m+fp/hard/libc-size-musl.a(strncpy.o)
 .debug_aranges
                0x00000000000005a8       0x20 /Applications/microchip/xc32/v4.45/bin/bin/../../lib/gcc/pic32c/8.3.1/../../../../pic32c/lib/thumb/v7e-m+fp/hard/libc-size-musl.a(stpncpy.o)
 .debug_aranges
                0x00000000000005c8       0x28 /Applications/microchip/xc32/v4.45/bin/bin/../../lib/gcc/pic32c/8.3.1/../../../../pic32c/lib/thumb/v7e-m+fp/hard/libc-musl.a(__libc_start_main.o)
 .debug_aranges
                0x00000000000005f0       0x18 /Applications/microchip/xc32/v4.45/bin/bin/../../lib/gcc/pic32c/8.3.1/../../../../pic32c/lib/thumb/v7e-m+fp/hard/libc-musl.a(libc.o)
 .debug_aranges
                0x0000000000000608       0x28 /Applications/microchip/xc32/v4.45/bin/bin/../../lib/gcc/pic32c/8.3.1/../../../../pic32c/lib/thumb/v7e-m+fp/hard/libc-musl.a(stdin.o)
 .debug_aranges
                0x0000000000000630       0x30 /Applications/microchip/xc32/v4.45/bin/bin/../../lib/gcc/pic32c/8.3.1/../../../../pic32c/lib/thumb/v7e-m+fp/hard/libc-musl.a(stdout.o)
 .debug_aranges
                0x0000000000000660       0x20 /Applications/microchip/xc32/v4.45/bin/bin/../../lib/gcc/pic32c/8.3.1/../../../../pic32c/lib/thumb/v7e-m+fp/hard/libc-musl.a(printf.o)
 .debug_aranges
                0x0000000000000680       0x20 /Applications/microchip/xc32/v4.45/bin/bin/../../lib/gcc/pic32c/8.3.1/../../../../pic32c/lib/thumb/v7e-m+fp/hard/libc-musl.a(puts.o)
 .debug_aranges
                0x00000000000006a0       0x20 /Applications/microchip/xc32/v4.45/bin/bin/../../lib/gcc/pic32c/8.3.1/../../../../pic32c/lib/thumb/v7e-m+fp/hard/libc-musl.a(setbuf.o)
 .debug_aranges
                0x00000000000006c0       0x20 /Applications/microchip/xc32/v4.45/bin/bin/../../lib/gcc/pic32c/8.3.1/../../../../pic32c/lib/thumb/v7e-m+fp/hard/libc-musl.a(sprintf.o)
 .debug_aranges
                0x00000000000006e0       0x20 /Applications/microchip/xc32/v4.45/bin/bin/../../lib/gcc/pic32c/8.3.1/../../../../pic32c/lib/thumb/v7e-m+fp/hard/libc-musl.a(vsprintf.o)
 .debug_aranges
                0x0000000000000700       0x18 /Applications/microchip/xc32/v4.45/bin/bin/../../lib/gcc/pic32c/8.3.1/../../../../pic32c/lib/thumb/v7e-m+fp/hard/libc-musl.a(__environ.o)
 .debug_aranges
                0x0000000000000718       0x20 /Applications/microchip/xc32/v4.45/bin/bin/../../lib/gcc/pic32c/8.3.1/../../../../pic32c/lib/thumb/v7e-m+fp/hard/libc-musl.a(fputs.o)
 .debug_aranges
                0x0000000000000738       0x20 /Applications/microchip/xc32/v4.45/bin/bin/../../lib/gcc/pic32c/8.3.1/../../../../pic32c/lib/thumb/v7e-m+fp/hard/libc-musl.a(__stdio_read.o)
 .debug_aranges
                0x0000000000000758       0x20 /Applications/microchip/xc32/v4.45/bin/bin/../../lib/gcc/pic32c/8.3.1/../../../../pic32c/lib/thumb/v7e-m+fp/hard/libc-musl.a(__towrite_rw.o)
 .debug_aranges
                0x0000000000000778       0x28 /Applications/microchip/xc32/v4.45/bin/bin/../../lib/gcc/pic32c/8.3.1/../../../../pic32c/lib/thumb/v7e-m+fp/hard/libc-musl.a(fwrite.o)
 .debug_aranges
                0x00000000000007a0       0x30 /Applications/microchip/xc32/v4.45/bin/bin/../../lib/gcc/pic32c/8.3.1/../../../../pic32c/lib/thumb/v7e-m+fp/hard/libc-musl.a(putc.o)
 .debug_aranges
                0x00000000000007d0       0x28 /Applications/microchip/xc32/v4.45/bin/bin/../../lib/gcc/pic32c/8.3.1/../../../../pic32c/lib/thumb/v7e-m+fp/hard/libc-musl.a(setvbuf.o)
 .debug_aranges
                0x00000000000007f8       0x28 /Applications/microchip/xc32/v4.45/bin/bin/../../lib/gcc/pic32c/8.3.1/../../../../pic32c/lib/thumb/v7e-m+fp/hard/libc-musl.a(vfprintf.o)
 .debug_aranges
                0x0000000000000820       0x20 /Applications/microchip/xc32/v4.45/bin/bin/../../lib/gcc/pic32c/8.3.1/../../../../pic32c/lib/thumb/v7e-m+fp/hard/libc-musl.a(vsnprintf.o)
 .debug_aranges
                0x0000000000000840       0x20 /Applications/microchip/xc32/v4.45/bin/bin/../../lib/gcc/pic32c/8.3.1/../../../../pic32c/lib/thumb/v7e-m+fp/hard/libc-musl.a(readv.o)
 .debug_aranges
                0x0000000000000860       0x18 /Applications/microchip/xc32/v4.45/bin/bin/../../lib/gcc/pic32c/8.3.1/../../../../pic32c/lib/thumb/v7e-m+fp/hard/libc-musl.a(__errno_location.o)
 .debug_aranges
                0x0000000000000878       0x28 /Applications/microchip/xc32/v4.45/bin/bin/../../lib/gcc/pic32c/8.3.1/../../../../pic32c/lib/thumb/v7e-m+fp/hard/libc-musl.a(__init_stdio.o)
 .debug_aranges
                0x00000000000008a0       0x28 /Applications/microchip/xc32/v4.45/bin/bin/../../lib/gcc/pic32c/8.3.1/../../../../pic32c/lib/thumb/v7e-m+fp/hard/libc-musl.a(__out.o)
 .debug_aranges
                0x00000000000008c8       0x20 /Applications/microchip/xc32/v4.45/bin/bin/../../lib/gcc/pic32c/8.3.1/../../../../pic32c/lib/thumb/v7e-m+fp/hard/libc-musl.a(__pop_float.o)
 .debug_aranges
                0x00000000000008e8       0x20 /Applications/microchip/xc32/v4.45/bin/bin/../../lib/gcc/pic32c/8.3.1/../../../../pic32c/lib/thumb/v7e-m+fp/hard/libc-musl.a(__pop_int.o)
 .debug_aranges
                0x0000000000000908       0x20 /Applications/microchip/xc32/v4.45/bin/bin/../../lib/gcc/pic32c/8.3.1/../../../../pic32c/lib/thumb/v7e-m+fp/hard/libc-musl.a(__pop_ptr.o)
 .debug_aranges
                0x0000000000000928       0x50 /Applications/microchip/xc32/v4.45/bin/bin/../../lib/gcc/pic32c/8.3.1/../../../../pic32c/lib/thumb/v7e-m+fp/hard/libc-musl.a(__printf_core.o)
 .debug_aranges
                0x0000000000000978       0x20 /Applications/microchip/xc32/v4.45/bin/bin/../../lib/gcc/pic32c/8.3.1/../../../../pic32c/lib/thumb/v7e-m+fp/hard/libc-musl.a(__putc.o)
 .debug_aranges
                0x0000000000000998       0x30 /Applications/microchip/xc32/v4.45/bin/bin/../../lib/gcc/pic32c/8.3.1/../../../../pic32c/lib/thumb/v7e-m+fp/hard/libc-musl.a(__stderr.o)
 .debug_aranges
                0x00000000000009c8       0x28 /Applications/microchip/xc32/v4.45/bin/bin/../../lib/gcc/pic32c/8.3.1/../../../../pic32c/lib/thumb/v7e-m+fp/hard/libc-musl.a(__stdio_close.o)
 .debug_aranges
                0x00000000000009f0       0x28 /Applications/microchip/xc32/v4.45/bin/bin/../../lib/gcc/pic32c/8.3.1/../../../../pic32c/lib/thumb/v7e-m+fp/hard/libc-musl.a(__stdio_write.o)
 .debug_aranges
                0x0000000000000a18       0x30 /Applications/microchip/xc32/v4.45/bin/bin/../../lib/gcc/pic32c/8.3.1/../../../../pic32c/lib/thumb/v7e-m+fp/hard/libc-musl.a(__stdout.o)
 .debug_aranges
                0x0000000000000a48       0x28 /Applications/microchip/xc32/v4.45/bin/bin/../../lib/gcc/pic32c/8.3.1/../../../../pic32c/lib/thumb/v7e-m+fp/hard/libc-musl.a(__towrite.o)
 .debug_aranges
                0x0000000000000a70       0x20 /Applications/microchip/xc32/v4.45/bin/bin/../../lib/gcc/pic32c/8.3.1/../../../../pic32c/lib/thumb/v7e-m+fp/hard/libc-musl.a(atoi.o)
 .debug_aranges
                0x0000000000000a90       0x20 /Applications/microchip/xc32/v4.45/bin/bin/../../lib/gcc/pic32c/8.3.1/../../../../pic32c/lib/thumb/v7e-m+fp/hard/libc-musl.a(writev.o)
 .debug_aranges
                0x0000000000000ab0       0x28 /Applications/microchip/xc32/v4.45/bin/bin/../../lib/gcc/pic32c/8.3.1/../../../../pic32c/lib/thumb/v7e-m+fp/hard/libc-musl.a(tolower.o)
 .debug_aranges
                0x0000000000000ad8       0x20 /Applications/microchip/xc32/v4.45/bin/bin/../../lib/gcc/pic32c/8.3.1/../../../../pic32c/lib/thumb/v7e-m+fp/hard/libc-musl.a(__overflow.o)
 .debug_aranges
                0x0000000000000af8       0x20 /Applications/microchip/xc32/v4.45/bin/bin/../../lib/gcc/pic32c/8.3.1/../../../../pic32c/lib/thumb/v7e-m+fp/hard/libc-musl.a(__fmt_a.o)
 .debug_aranges
                0x0000000000000b18       0x20 /Applications/microchip/xc32/v4.45/bin/bin/../../lib/gcc/pic32c/8.3.1/../../../../pic32c/lib/thumb/v7e-m+fp/hard/libc-musl.a(__fmt_d.o)
 .debug_aranges
                0x0000000000000b38       0x20 /Applications/microchip/xc32/v4.45/bin/bin/../../lib/gcc/pic32c/8.3.1/../../../../pic32c/lib/thumb/v7e-m+fp/hard/libc-musl.a(__fmt_fp.o)
 .debug_aranges
                0x0000000000000b58       0x20 /Applications/microchip/xc32/v4.45/bin/bin/../../lib/gcc/pic32c/8.3.1/../../../../pic32c/lib/thumb/v7e-m+fp/hard/libc-musl.a(__fmt_o.o)
 .debug_aranges
                0x0000000000000b78       0x20 /Applications/microchip/xc32/v4.45/bin/bin/../../lib/gcc/pic32c/8.3.1/../../../../pic32c/lib/thumb/v7e-m+fp/hard/libc-musl.a(__fmt_s.o)
 .debug_aranges
                0x0000000000000b98       0x20 /Applications/microchip/xc32/v4.45/bin/bin/../../lib/gcc/pic32c/8.3.1/../../../../pic32c/lib/thumb/v7e-m+fp/hard/libc-musl.a(__fmt_u.o)
 .debug_aranges
                0x0000000000000bb8       0x20 /Applications/microchip/xc32/v4.45/bin/bin/../../lib/gcc/pic32c/8.3.1/../../../../pic32c/lib/thumb/v7e-m+fp/hard/libc-musl.a(__fmt_x.o)
 .debug_aranges
                0x0000000000000bd8       0x28 /Applications/microchip/xc32/v4.45/bin/bin/../../lib/gcc/pic32c/8.3.1/../../../../pic32c/lib/thumb/v7e-m+fp/hard/libc-musl.a(__fwrite.o)
 .debug_aranges
                0x0000000000000c00       0x28 /Applications/microchip/xc32/v4.45/bin/bin/../../lib/gcc/pic32c/8.3.1/../../../../pic32c/lib/thumb/v7e-m+fp/hard/libc-musl.a(toupper.o)
 .debug_aranges
                0x0000000000000c28       0x20 /Applications/microchip/xc32/v4.45/bin/bin/../../lib/gcc/pic32c/8.3.1/../../../../pic32c/lib/thumb/v7e-m+fp/hard/libc-musl.a(__cvt_u.o)
 .debug_aranges
                0x0000000000000c48       0x20 /Applications/microchip/xc32/v4.45/bin/bin/../../lib/gcc/pic32c/8.3.1/thumb/v7e-m+fp/hard/libgcc.a(_aeabi_uldivmod.o)
 .debug_aranges
                0x0000000000000c68       0x20 /Applications/microchip/xc32/v4.45/bin/bin/../../lib/gcc/pic32c/8.3.1/thumb/v7e-m+fp/hard/libgcc.a(_udivmoddi4.o)
 .debug_aranges
                0x0000000000000c88       0x20 /Applications/microchip/xc32/v4.45/bin/bin/../../lib/gcc/pic32c/8.3.1/thumb/v7e-m+fp/hard/libgcc.a(_dvmd_tls.o)
 .debug_aranges
                0x0000000000000ca8       0x20 /Applications/microchip/xc32/v4.45/bin/bin/../../lib/gcc/pic32c/8.3.1/../../../../pic32c/lib/thumb/v7e-m+fp/hard/libpic32c.a(close.o)
 .debug_aranges
                0x0000000000000cc8       0x20 /Applications/microchip/xc32/v4.45/bin/bin/../../lib/gcc/pic32c/8.3.1/../../../../pic32c/lib/thumb/v7e-m+fp/hard/libpic32c.a(lseek.o)
 .debug_aranges
                0x0000000000000ce8       0x20 /Applications/microchip/xc32/v4.45/bin/bin/../../lib/gcc/pic32c/8.3.1/../../../../pic32c/lib/thumb/v7e-m+fp/hard/libc-size-musl.a(strcpy.o)
 .debug_aranges
                0x0000000000000d08       0x20 /Applications/microchip/xc32/v4.45/bin/bin/../../lib/gcc/pic32c/8.3.1/../../../../pic32c/lib/thumb/v7e-m+fp/hard/libc-size-musl.a(stpcpy.o)
 .debug_aranges
                0x0000000000000d28       0x20 /Applications/microchip/xc32/v4.45/bin/bin/../../lib/gcc/pic32c/8.3.1/../../../../pic32c/lib/thumb/v7e-m+fp/hard/liblmalloc-musl.a(lite_malloc.o)
 .debug_aranges
                0x0000000000000d48       0x30 /Applications/microchip/xc32/v4.45/bin/bin/../../lib/gcc/pic32c/8.3.1/../../../../pic32c/lib/thumb/v7e-m+fp/hard/liblmalloc-musl.a(lite_free.o)
 .debug_aranges
                0x0000000000000d78       0x20 /Applications/microchip/xc32/v4.45/bin/bin/../../lib/gcc/pic32c/8.3.1/../../../../pic32c/lib/thumb/v7e-m+fp/hard/libc-musl.a(expand_heap.o)
 .debug_aranges
                0x0000000000000d98       0x30 /Applications/microchip/xc32/v4.45/bin/bin/../../lib/gcc/pic32c/8.3.1/../../../../pic32c/lib/thumb/v7e-m+fp/hard/libpic32c.a(sbrk.o)
 .debug_aranges
                0x0000000000000dc8       0x20 /Applications/microchip/xc32/v4.45/bin/bin/../../lib/gcc/pic32c/8.3.1/../../../../pic32c/lib/thumb/v7e-m+fp/hard/libpic32c.a(pic32_data_init_clear.o)
 .debug_aranges
                0x0000000000000de8       0x20 /Applications/microchip/xc32/v4.45/bin/bin/../../lib/gcc/pic32c/8.3.1/../../../../pic32c/lib/thumb/v7e-m+fp/hard/libpic32c.a(pic32_data_init_copy.o)

.debug_ranges   0x0000000000000000      0xa68