Archive member included to satisfy reference by file (symbol)

/Applications/microchip/xc32/v4.45/bin/bin/../../lib/gcc/pic32c/8.3.1/../../../../pic32c/lib/thumb/v7e-m+fp/hard/libpic32c.a(data_init.o)
                              build/sam_e51_cnano_123/production/_ext/570918426/startup_xc32.o (__pic32c_data_initialization)
/Applications/microchip/xc32/v4.45/bin/bin/../../lib/gcc/pic32c/8.3.1/../../../../pic32c/lib/thumb/v7e-m+fp/hard/libc-size-musl.a(memcpy.o)
                              build/sam_e51_cnano_123/production/_ext/226030394/plib_nvmctrl.o (memcpy)
/Applications/microchip/xc32/v4.45/bin/bin/../../lib/gcc/pic32c/8.3.1/../../../../pic32c/lib/thumb/v7e-m+fp/hard/libc-size-musl.a(memmove.o)
                              build/sam_e51_cnano_123/production/_ext/1360937237/coordinator.o (memmove)
/Applications/microchip/xc32/v4.45/bin/bin/../../lib/gcc/pic32c/8.3.1/../../../../pic32c/lib/thumb/v7e-m+fp/hard/libc-size-musl.a(memset.o)
                              build/sam_e51_cnano_123/production/_ext/1360937237/utils.o (memset)
/Applications/microchip/xc32/v4.45/bin/bin/../../lib/gcc/pic32c/8.3.1/../../../../pic32c/lib/thumb/v7e-m+fp/hard/libc-size-musl.a(strlen.o)
                              build/sam_e51_cnano_123/production/_ext/1360937237/utils.o (strlen)
/Applications/microchip/xc32/v4.45/bin/bin/../../lib/gcc/pic32c/8.3.1/../../../../pic32c/lib/thumb/v7e-m+fp/hard/libc-size-musl.a(strstr.o)
                              build/sam_e51_cnano_123/production/_ext/1360937237/coordinator.o (strstr)
/Applications/microchip/xc32/v4.45/bin/bin/../../lib/gcc/pic32c/8.3.1/../../../../pic32c/lib/thumb/v7e-m+fp/hard/libc-size-musl.a(strchr.o)
                              build/sam_e51_cnano_123/production/_ext/1360937237/coordinator.o (strchr)
/Applications/microchip/xc32/v4.45/bin/bin/../../lib/gcc/pic32c/8.3.1/../../../../pic32c/lib/thumb/v7e-m+fp/hard/libc-size-musl.a(strchrnul.o)
                              /Applications/microchip/xc32/v4.45/bin/bin/../../lib/gcc/pic32c/8.3.1/../../../../pic32c/lib/thumb/v7e-m+fp/hard/libc-size-musl.a(strchr.o) (__strchrnul)
/Applications/microchip/xc32/v4.45/bin/bin/../../lib/gcc/pic32c/8.3.1/../../../../pic32c/lib/thumb/v7e-m+fp/hard/libc-size-musl.a(strncpy.o)
                              build/sam_e51_cnano_123/production/_ext/1360937237/coordinator.o (strncpy)
/Applications/microchip/xc32/v4.45/bin/bin/../../lib/gcc/pic32c/8.3.1/../../../../pic32c/lib/thumb/v7e-m+fp/hard/libc-size-musl.a(stpncpy.o)
                              /Applications/microchip/xc32/v4.45/bin/bin/../../lib/gcc/pic32c/8.3.1/../../../../pic32c/lib/thumb/v7e-m+fp/hard/libc-size-musl.a(strncpy.o) (__stpncpy)
/Applications/microchip/xc32/v4.45/bin/bin/../../lib/gcc/pic32c/8.3.1/../../../../pic32c/lib/thumb/v7e-m+fp/hard/libc-musl.a(__libc_start_main.o)
                              build/sam_e51_cnano_123/production/_ext/570918426/startup_xc32.o (__libc_init_array)
/Applications/microchip/xc32/v4.45/bin/bin/../../lib/gcc/pic32c/8.3.1/../../../../pic32c/lib/thumb/v7e-m+fp/hard/libc-musl.a(libc.o)
                              /Applications/microchip/xc32/v4.45/bin/bin/../../lib/gcc/pic32c/8.3.1/../../../../pic32c/lib/thumb/v7e-m+fp/hard/libc-musl.a(__libc_start_main.o) (__progname_full)
/Applications/microchip/xc32/v4.45/bin/bin/../../lib/gcc/pic32c/8.3.1/../../../../pic32c/lib/thumb/v7e-m+fp/hard/libc-musl.a(stdin.o)
                              build/sam_e51_cnano_123/production/_ext/570918426/initialization.o (_stdin)
/Applications/microchip/xc32/v4.45/bin/bin/../../lib/gcc/pic32c/8.3.1/../../../../pic32c/lib/thumb/v7e-m+fp/hard/libc-musl.a(stdout.o)
                              build/sam_e51_cnano_123/production/_ext/570918426/initialization.o (_stdout)
/Applications/microchip/xc32/v4.45/bin/bin/../../lib/gcc/pic32c/8.3.1/../../../../pic32c/lib/thumb/v7e-m+fp/hard/libc-musl.a(printf.o)
                              build/sam_e51_cnano_123/production/_ext/1360937237/coordinator.o (printf)
/Applications/microchip/xc32/v4.45/bin/bin/../../lib/gcc/pic32c/8.3.1/../../../../pic32c/lib/thumb/v7e-m+fp/hard/libc-musl.a(puts.o)
                              build/sam_e51_cnano_123/production/_ext/1360937237/coordinator.o (puts)
/Applications/microchip/xc32/v4.45/bin/bin/../../lib/gcc/pic32c/8.3.1/../../../../pic32c/lib/thumb/v7e-m+fp/hard/libc-musl.a(setbuf.o)
                              build/sam_e51_cnano_123/production/_ext/570918426/initialization.o (setbuf)
/Applications/microchip/xc32/v4.45/bin/bin/../../lib/gcc/pic32c/8.3.1/../../../../pic32c/lib/thumb/v7e-m+fp/hard/libc-musl.a(sprintf.o)
                              (sprintf)
/Applications/microchip/xc32/v4.45/bin/bin/../../lib/gcc/pic32c/8.3.1/../../../../pic32c/lib/thumb/v7e-m+fp/hard/libc-musl.a(vsprintf.o)
                              /Applications/microchip/xc32/v4.45/bin/bin/../../lib/gcc/pic32c/8.3.1/../../../../pic32c/lib/thumb/v7e-m+fp/hard/libc-musl.a(sprintf.o) (vsprintf)
[...]
Memory Configuration

Name             Origin             Length             Attributes
rom              0x0000000000000000 0x0000000000100000 xrl
ram              0x0000000020000000 0x0000000000040000 xw !r
tcm              0x0000000003000000 0x0000000000000000 xw
bkupram          0x0000000047000000 0x0000000000002000
config_00804000  0x0000000000804000 0x0000000000000004
config_00804004  0x0000000000804004 0x0000000000000004
config_00804008  0x0000000000804008 0x0000000000000004
*default*        0x0000000000000000 0xffffffffffffffff

Linker script and memory map

LOAD /Applications/microchip/xc32/v4.45/bin/bin/../../lib/gcc/pic32c/8.3.1/thumb/v7e-m+fp/hard/crti.o
LOAD /Applications/microchip/xc32/v4.45/bin/bin/../../lib/gcc/pic32c/8.3.1/thumb/v7e-m+fp/hard/crtbegin.o
LOAD build/sam_e51_cnano_123/production/_ext/1296496744/usb_uart.o
LOAD build/sam_e51_cnano_123/production/_ext/1360937237/coordinator.o
LOAD build/sam_e51_cnano_123/production/_ext/7187140/plib_clock.o
LOAD build/sam_e51_cnano_123/production/_ext/831051564/plib_cmcc.o
LOAD build/sam_e51_cnano_123/production/_ext/9336626/plib_evsys.o
LOAD build/sam_e51_cnano_123/production/_ext/830715028/plib_nvic.o
LOAD build/sam_e51_cnano_123/production/_ext/226030394/plib_nvmctrl.o
LOAD build/sam_e51_cnano_123/production/_ext/830661877/plib_port.o
LOAD build/sam_e51_cnano_123/production/_ext/314480351/plib_sercom5_usart.o
LOAD build/sam_e51_cnano_123/production/_ext/314480351/plib_sercom4_usart.o
LOAD build/sam_e51_cnano_123/production/_ext/865175840/xc32_monitor.o
LOAD build/sam_e51_cnano_123/production/_ext/570918426/initialization.o
LOAD build/sam_e51_cnano_123/production/_ext/570918426/interrupts.o
LOAD build/sam_e51_cnano_123/production/_ext/570918426/exceptions.o
LOAD build/sam_e51_cnano_123/production/_ext/570918426/startup_xc32.o
LOAD build/sam_e51_cnano_123/production/_ext/570918426/libc_syscalls.o
LOAD build/sam_e51_cnano_123/production/_ext/1360937237/main_sam_e51_cnano.o
LOAD build/sam_e51_cnano_123/production/_ext/1360937237/utils.o
LOAD build/sam_e51_cnano_123/production/_ext/1296496744/usb_uart_example.o
LOAD build/sam_e51_cnano_123/production/_ext/1360937237/worker_1.o
LOAD build/sam_e51_cnano_123/production/_ext/1360937237/worker_2.o
                0x0000000000000001                __MPLAB_BUILD = 0x1
                0x0000000000100000                __rom_end = (ORIGIN (rom) + LENGTH (rom))
                0x0000000020040000                __ram_end = (ORIGIN (ram) + LENGTH (ram))

.config_00804000
 *(.config_00804000)

.config_00804004
 *(.config_00804004)

.config_00804008
 *(.config_00804008)

.vectors        0x0000000000000000      0x260
                0x0000000000000000                . = ALIGN (0x4)
                0x0000000000000000                _sfixed = .
 *(.vectors .vectors.* .vectors_default .vectors_default.*)
 .vectors.exception_table
                0x0000000000000000      0x260 build/sam_e51_cnano_123/production/_ext/570918426/interrupts.o
                0x0000000000000000                exception_table
 *(.isr_vector)
 *(.reset*)
 *(.after_vectors)

.text           0x0000000000000260       0x20
                0x0000000000000260                . = ALIGN (0x4)
 *(.glue_7t)
 .glue_7t       0x0000000000000260        0x0 linker stubs
 *(.glue_7)
 .glue_7        0x0000000000000260        0x0 linker stubs
 *(.gnu.linkonce.r.*)
 *(.ARM.extab* .gnu.linkonce.armextab.*)
                0x0000000000000260                . = ALIGN (0x4)
 *(.init)
 .init          0x0000000000000260        0x4 /Applications/microchip/xc32/v4.45/bin/bin/../../lib/gcc/pic32c/8.3.1/thumb/v7e-m+fp/hard/crti.o
                0x0000000000000260                _init
 .init          0x0000000000000264        0x8 /Applications/microchip/xc32/v4.45/bin/bin/../../lib/gcc/pic32c/8.3.1/thumb/v7e-m+fp/hard/crtn.o
                0x000000000000026c                . = ALIGN (0x4)
                0x000000000000026c                __preinit_array_start = .
 *(.preinit_array)
                0x000000000000026c                __preinit_array_end = .
                0x000000000000026c                . = ALIGN (0x4)
                0x000000000000026c                __init_array_start = .
 *(SORT_BY_NAME(.init_array.*))
 *(.init_array)
 .init_array    0x000000000000026c        0x4 /Applications/microchip/xc32/v4.45/bin/bin/../../lib/gcc/pic32c/8.3.1/thumb/v7e-m+fp/hard/crtbegin.o
                0x0000000000000270                __init_array_end = .
                0x0000000000000270                . = ALIGN (0x4)
 *crtbegin.o(.ctors)
 *(EXCLUDE_FILE(*crtend.o) .ctors)
 *(SORT_BY_NAME(.ctors.*))
 *crtend.o(.ctors)
                0x0000000000000270                . = ALIGN (0x4)
 *(.fini)
 .fini          0x0000000000000270        0x4 /Applications/microchip/xc32/v4.45/bin/bin/../../lib/gcc/pic32c/8.3.1/thumb/v7e-m+fp/hard/crti.o
                0x0000000000000270                _fini
 .fini          0x0000000000000274        0x8 /Applications/microchip/xc32/v4.45/bin/bin/../../lib/gcc/pic32c/8.3.1/thumb/v7e-m+fp/hard/crtn.o
                0x000000000000027c                . = ALIGN (0x4)
                0x000000000000027c                __fini_array_start = .
 *(.fini_array)
 .fini_array    0x000000000000027c        0x4 /Applications/microchip/xc32/v4.45/bin/bin/../../lib/gcc/pic32c/8.3.1/thumb/v7e-m+fp/hard/crtbegin.o
 *(SORT_BY_NAME(.fini_array.*))
                0x0000000000000280                __fini_array_end = .
 *crtbegin.o(.dtors)
 *(EXCLUDE_FILE(*crtend.o) .dtors)
 *(SORT_BY_NAME(.dtors.*))
 *crtend.o(.dtors)
                0x0000000000000280                . = ALIGN (0x4)
                0x0000000000000280                _efixed = .
                [!provide]                        PROVIDE (__exidx_start = .)

.ARM.exidx      0x0000000000000280        0x8
 *(.ARM.exidx* .gnu.linkonce.armexidx.*)
 .ARM.exidx     0x0000000000000280        0x8 /Applications/microchip/xc32/v4.45/bin/bin/../../lib/gcc/pic32c/8.3.1/thumb/v7e-m+fp/hard/libgcc.a(_udivmoddi4.o)
                [!provide]                        PROVIDE (__exidx_end = .)
                0x0000000000000288                . = ALIGN (0x4)
                0x0000000000000288                _etext = .

.bss            0x0000000020000000        0x0
                0x0000000020000000                . = ALIGN (0x4)
                0x0000000020000000                __bss_start__ = .
                0x0000000020000000                _sbss = .
                0x0000000020000000                _szero = .
 *(COMMON)
                0x0000000020000000                . = ALIGN (0x4)
                0x0000000020000000                __bss_end__ = .
                0x0000000020000000                _ebss = .
                0x0000000020000000                _ezero = .
                0x0000000020000000                . = ALIGN (0x4)
                0x0000000020000000                _end = .
                0x000000002003ffff                _ram_end_ = ((ORIGIN (ram) + LENGTH (ram)) - 0x1)

.bkupram_bss
 *(.bkupram_bss .bkupram_bss.*)
 *(.pbss .pbss.*)
                0x0000000000000200                _min_heap_size = 0x200
START GROUP
LOAD /Applications/microchip/xc32/v4.45/bin/bin/../../lib/gcc/pic32c/8.3.1/../../../../pic32c/lib/thumb/v7e-m+fp/hard/libpic32c.a
LOAD /Applications/microchip/xc32/v4.45/bin/bin/../../lib/gcc/pic32c/8.3.1/../../../../pic32c/lib/thumb/v7e-m+fp/hard/libc-size-musl.a
LOAD /Applications/microchip/xc32/v4.45/bin/bin/../../lib/gcc/pic32c/8.3.1/../../../../pic32c/lib/thumb/v7e-m+fp/hard/liblmalloc-musl.a
LOAD /Applications/microchip/xc32/v4.45/bin/bin/../../lib/gcc/pic32c/8.3.1/../../../../pic32c/lib/thumb/v7e-m+fp/hard/libm-fast-emfloat.a
LOAD /Applications/microchip/xc32/v4.45/bin/bin/../../lib/gcc/pic32c/8.3.1/../../../../pic32c/lib/thumb/v7e-m+fp/hard/libm-musl.a
LOAD /Applications/microchip/xc32/v4.45/bin/bin/../../lib/gcc/pic32c/8.3.1/../../../../pic32c/lib/thumb/v7e-m+fp/hard/libc-musl.a
LOAD /Applications/microchip/xc32/v4.45/bin/bin/../../lib/gcc/pic32c/8.3.1/../../../../pic32c/lib/thumb/v7e-m+fp/hard/libm-fast-emfloat.a
LOAD /Applications/microchip/xc32/v4.45/bin/bin/../../lib/gcc/pic32c/8.3.1/../../../../pic32c/lib/thumb/v7e-m+fp/hard/libm-musl.a
LOAD /Applications/microchip/xc32/v4.45/bin/bin/../../lib/gcc/pic32c/8.3.1/thumb/v7e-m+fp/hard/libgcc.a
END GROUP
LOAD /Applications/microchip/xc32/v4.45/bin/bin/../../lib/gcc/pic32c/8.3.1/thumb/v7e-m+fp/hard/crtend.o
LOAD /Applications/microchip/xc32/v4.45/bin/bin/../../lib/gcc/pic32c/8.3.1/thumb/v7e-m+fp/hard/crtn.o
OUTPUT(dist/sam_e51_cnano_123/production/sam_e51_cnano.X.production.elf elf32-littlearm)
LOAD data_init
LOAD stack

.ARM.attributes
                0x0000000000000000       0x32
 .ARM.attributes
                0x0000000000000000       0x1e /Applications/microchip/xc32/v4.45/bin/bin/../../lib/gcc/pic32c/8.3.1/thumb/v7e-m+fp/hard/crti.o
 .ARM.attributes
                0x000000000000001e       0x34 /Applications/microchip/xc32/v4.45/bin/bin/../../lib/gcc/pic32c/8.3.1/thumb/v7e-m+fp/hard/crtbegin.o
 .ARM.attributes
                0x0000000000000052       0x34 build/sam_e51_cnano_123/production/_ext/1296496744/usb_uart.o
 .ARM.attributes
                0x0000000000000086       0x34 build/sam_e51_cnano_123/production/_ext/7187140/plib_clock.o
 .ARM.attributes
                0x00000000000000ba       0x34 build/sam_e51_cnano_123/production/_ext/9336626/plib_evsys.o
 .ARM.attributes
                0x00000000000000ee       0x34 build/sam_e51_cnano_123/production/_ext/830715028/plib_nvic.o
 .ARM.attributes
                0x0000000000000122       0x34 build/sam_e51_cnano_123/production/_ext/226030394/plib_nvmctrl.o
 .ARM.attributes
                0x0000000000000156       0x34 build/sam_e51_cnano_123/production/_ext/830661877/plib_port.o
 .ARM.attributes
                0x000000000000018a       0x34 build/sam_e51_cnano_123/production/_ext/314480351/plib_sercom5_usart.o
 .ARM.attributes
                0x00000000000001be       0x34 build/sam_e51_cnano_123/production/_ext/314480351/plib_sercom4_usart.o
 .ARM.attributes
                0x00000000000001f2       0x34 build/sam_e51_cnano_123/production/_ext/865175840/xc32_monitor.o
 .ARM.attributes
                0x0000000000000226       0x34 build/sam_e51_cnano_123/production/_ext/570918426/initialization.o
 .ARM.attributes
                0x000000000000025a       0x34 build/sam_e51_cnano_123/production/_ext/570918426/interrupts.o
 .ARM.attributes
                0x000000000000028e       0x34 build/sam_e51_cnano_123/production/_ext/570918426/exceptions.o
 .ARM.attributes
                0x00000000000002c2       0x34 build/sam_e51_cnano_123/production/_ext/570918426/startup_xc32.o
 .ARM.attributes
                0x00000000000002f6       0x34 build/sam_e51_cnano_123/production/_ext/1360937237/main_sam_e51_cnano.o
 .ARM.attributes
                0x000000000000032a       0x34 build/sam_e51_cnano_123/production/_ext/1360937237/utils.o
 .ARM.attributes
                0x000000000000035e       0x34 build/sam_e51_cnano_123/production/_ext/1360937237/worker_2.o
 .ARM.attributes
                0x0000000000000392       0x34 /Applications/microchip/xc32/v4.45/bin/bin/../../lib/gcc/pic32c/8.3.1/../../../../pic32c/lib/thumb/v7e-m+fp/hard/libpic32c.a(data_init.o)
 .ARM.attributes
                0x00000000000003c6       0x36 /Applications/microchip/xc32/v4.45/bin/bin/../../lib/gcc/pic32c/8.3.1/../../../../pic32c/lib/thumb/v7e-m+fp/hard/libc-size-musl.a(memcpy.o)
 .ARM.attributes
                0x00000000000003fc       0x36 /Applications/microchip/xc32/v4.45/bin/bin/../../lib/gcc/pic32c/8.3.1/../../../../pic32c/lib/thumb/v7e-m+fp/hard/libc-size-musl.a(memset.o)
 .ARM.attributes
                0x0000000000000432       0x36 /Applications/microchip/xc32/v4.45/bin/bin/../../lib/gcc/pic32c/8.3.1/../../../../pic32c/lib/thumb/v7e-m+fp/hard/libc-size-musl.a(strlen.o)
 .ARM.attributes
                0x0000000000000468       0x36 /Applications/microchip/xc32/v4.45/bin/bin/../../lib/gcc/pic32c/8.3.1/../../../../pic32c/lib/thumb/v7e-m+fp/hard/libc-size-musl.a(strncpy.o)
 .ARM.attributes
                0x000000000000049e       0x36 /Applications/microchip/xc32/v4.45/bin/bin/../../lib/gcc/pic32c/8.3.1/../../../../pic32c/lib/thumb/v7e-m+fp/hard/libc-size-musl.a(stpncpy.o)
 .ARM.attributes
                0x00000000000004d4       0x36 /Applications/microchip/xc32/v4.45/bin/bin/../../lib/gcc/pic32c/8.3.1/../../../../pic32c/lib/thumb/v7e-m+fp/hard/libc-musl.a(__libc_start_main.o)
 .ARM.attributes
                0x000000000000050a       0x34 /Applications/microchip/xc32/v4.45/bin/bin/../../lib/gcc/pic32c/8.3.1/../../../../pic32c/lib/thumb/v7e-m+fp/hard/libc-musl.a(libc.o)
 .ARM.attributes
                0x000000000000053e       0x36 /Applications/microchip/xc32/v4.45/bin/bin/../../lib/gcc/pic32c/8.3.1/../../../../pic32c/lib/thumb/v7e-m+fp/hard/libc-musl.a(stdin.o)
 .ARM.attributes
                0x0000000000000574       0x36 /Applications/microchip/xc32/v4.45/bin/bin/../../lib/gcc/pic32c/8.3.1/../../../../pic32c/lib/thumb/v7e-m+fp/hard/libc-musl.a(stdout.o)
 .ARM.attributes
                0x00000000000005aa       0x36 /Applications/microchip/xc32/v4.45/bin/bin/../../lib/gcc/pic32c/8.3.1/../../../../pic32c/lib/thumb/v7e-m+fp/hard/libc-musl.a(printf.o)
 .ARM.attributes
                0x00000000000005e0       0x36 /Applications/microchip/xc32/v4.45/bin/bin/../../lib/gcc/pic32c/8.3.1/../../../../pic32c/lib/thumb/v7e-m+fp/hard/libc-musl.a(puts.o)
 .ARM.attributes
                0x0000000000000616       0x36 /Applications/microchip/xc32/v4.45/bin/bin/../../lib/gcc/pic32c/8.3.1/../../../../pic32c/lib/thumb/v7e-m+fp/hard/libc-musl.a(setbuf.o)
 .ARM.attributes
                0x000000000000064c       0x36 /Applications/microchip/xc32/v4.45/bin/bin/../../lib/gcc/pic32c/8.3.1/../../../../pic32c/lib/thumb/v7e-m+fp/hard/libc-musl.a(sprintf.o)
 .ARM.attributes
                0x0000000000000682       0x36 /Applications/microchip/xc32/v4.45/bin/bin/../../lib/gcc/pic32c/8.3.1/../../../../pic32c/lib/thumb/v7e-m+fp/hard/libc-musl.a(vsprintf.o)
 .ARM.attributes
                0x00000000000006b8       0x34 /Applications/microchip/xc32/v4.45/bin/bin/../../lib/gcc/pic32c/8.3.1/../../../../pic32c/lib/thumb/v7e-m+fp/hard/libc-musl.a(__environ.o)
 .ARM.attributes
                0x00000000000006ec       0x36 /Applications/microchip/xc32/v4.45/bin/bin/../../lib/gcc/pic32c/8.3.1/../../../../pic32c/lib/thumb/v7e-m+fp/hard/libc-musl.a(fputs.o)
 .ARM.attributes
                0x0000000000000722       0x36 /Applications/microchip/xc32/v4.45/bin/bin/../../lib/gcc/pic32c/8.3.1/../../../../pic32c/lib/thumb/v7e-m+fp/hard/libc-musl.a(__stdio_read.o)
 .ARM.attributes
                0x0000000000000758       0x36 /Applications/microchip/xc32/v4.45/bin/bin/../../lib/gcc/pic32c/8.3.1/../../../../pic32c/lib/thumb/v7e-m+fp/hard/libc-musl.a(__towrite_rw.o)
 .ARM.attributes
                0x000000000000078e       0x36 /Applications/microchip/xc32/v4.45/bin/bin/../../lib/gcc/pic32c/8.3.1/../../../../pic32c/lib/thumb/v7e-m+fp/hard/libc-musl.a(fwrite.o)
 .ARM.attributes
                0x00000000000007c4       0x36 /Applications/microchip/xc32/v4.45/bin/bin/../../lib/gcc/pic32c/8.3.1/../../../../pic32c/lib/thumb/v7e-m+fp/hard/libc-musl.a(putc.o)
 .ARM.attributes
                0x00000000000007fa       0x36 /Applications/microchip/xc32/v4.45/bin/bin/../../lib/gcc/pic32c/8.3.1/../../../../pic32c/lib/thumb/v7e-m+fp/hard/libc-musl.a(setvbuf.o)
 .ARM.attributes
                0x0000000000000830       0x36 /Applications/microchip/xc32/v4.45/bin/bin/../../lib/gcc/pic32c/8.3.1/../../../../pic32c/lib/thumb/v7e-m+fp/hard/libc-musl.a(vfprintf.o)
 .ARM.attributes
                0x0000000000000866       0x36 /Applications/microchip/xc32/v4.45/bin/bin/../../lib/gcc/pic32c/8.3.1/../../../../pic32c/lib/thumb/v7e-m+fp/hard/libc-musl.a(vsnprintf.o)
 .ARM.attributes
                0x000000000000089c       0x36 /Applications/microchip/xc32/v4.45/bin/bin/../../lib/gcc/pic32c/8.3.1/../../../../pic32c/lib/thumb/v7e-m+fp/hard/libc-musl.a(readv.o)
 .ARM.attributes
                0x00000000000008d2       0x34 /Applications/microchip/xc32/v4.45/bin/bin/../../lib/gcc/pic32c/8.3.1/../../../../pic32c/lib/thumb/v7e-m+fp/hard/libc-musl.a(__errno_location.o)
 .ARM.attributes
                0x0000000000000906       0x36 /Applications/microchip/xc32/v4.45/bin/bin/../../lib/gcc/pic32c/8.3.1/../../../../pic32c/lib/thumb/v7e-m+fp/hard/libc-musl.a(__init_stdio.o)
 .ARM.attributes
                0x000000000000093c       0x36 /Applications/microchip/xc32/v4.45/bin/bin/../../lib/gcc/pic32c/8.3.1/../../../../pic32c/lib/thumb/v7e-m+fp/hard/libc-musl.a(__out.o)
 .ARM.attributes
                0x0000000000000972       0x36 /Applications/microchip/xc32/v4.45/bin/bin/../../lib/gcc/pic32c/8.3.1/../../../../pic32c/lib/thumb/v7e-m+fp/hard/libc-musl.a(__pop_float.o)
 .ARM.attributes
                0x00000000000009a8       0x36 /Applications/microchip/xc32/v4.45/bin/bin/../../lib/gcc/pic32c/8.3.1/../../../../pic32c/lib/thumb/v7e-m+fp/hard/libc-musl.a(__pop_int.o)
 .ARM.attributes
                0x00000000000009de       0x36 /Applications/microchip/xc32/v4.45/bin/bin/../../lib/gcc/pic32c/8.3.1/../../../../pic32c/lib/thumb/v7e-m+fp/hard/libc-musl.a(__pop_ptr.o)
 .ARM.attributes
                0x0000000000000a14       0x36 /Applications/microchip/xc32/v4.45/bin/bin/../../lib/gcc/pic32c/8.3.1/../../../../pic32c/lib/thumb/v7e-m+fp/hard/libc-musl.a(__printf_core.o)
 .ARM.attributes
                0x0000000000000a4a       0x36 /Applications/microchip/xc32/v4.45/bin/bin/../../lib/gcc/pic32c/8.3.1/../../../../pic32c/lib/thumb/v7e-m+fp/hard/libc-musl.a(__putc.o)
 .ARM.attributes
                0x0000000000000a80       0x36 /Applications/microchip/xc32/v4.45/bin/bin/../../lib/gcc/pic32c/8.3.1/../../../../pic32c/lib/thumb/v7e-m+fp/hard/libc-musl.a(__stderr.o)
 .ARM.attributes
                0x0000000000000ab6       0x36 /Applications/microchip/xc32/v4.45/bin/bin/../../lib/gcc/pic32c/8.3.1/../../../../pic32c/lib/thumb/v7e-m+fp/hard/libc-musl.a(__stdio_close.o)
 .ARM.attributes
                0x0000000000000aec       0x36 /Applications/microchip/xc32/v4.45/bin/bin/../../lib/gcc/pic32c/8.3.1/../../../../pic32c/lib/thumb/v7e-m+fp/hard/libc-musl.a(__stdio_write.o)
 .ARM.attributes
                0x0000000000000b22       0x36 /Applications/microchip/xc32/v4.45/bin/bin/../../lib/gcc/pic32c/8.3.1/../../../../pic32c/lib/thumb/v7e-m+fp/hard/libc-musl.a(__stdout.o)
 .ARM.attributes
                0x0000000000000b58       0x36 /Applications/microchip/xc32/v4.45/bin/bin/../../lib/gcc/pic32c/8.3.1/../../../../pic32c/lib/thumb/v7e-m+fp/hard/libc-musl.a(__towrite.o)
 .ARM.attributes
                0x0000000000000b8e       0x36 /Applications/microchip/xc32/v4.45/bin/bin/../../lib/gcc/pic32c/8.3.1/../../../../pic32c/lib/thumb/v7e-m+fp/hard/libc-musl.a(atoi.o)
 .ARM.attributes
                0x0000000000000bc4       0x36 /Applications/microchip/xc32/v4.45/bin/bin/../../lib/gcc/pic32c/8.3.1/../../../../pic32c/lib/thumb/v7e-m+fp/hard/libc-musl.a(writev.o)
 .ARM.attributes
                0x0000000000000bfa       0x36 /Applications/microchip/xc32/v4.45/bin/bin/../../lib/gcc/pic32c/8.3.1/../../../../pic32c/lib/thumb/v7e-m+fp/hard/libc-musl.a(tolower.o)
 .ARM.attributes
                0x0000000000000c30       0x36 /Applications/microchip/xc32/v4.45/bin/bin/../../lib/gcc/pic32c/8.3.1/../../../../pic32c/lib/thumb/v7e-m+fp/hard/libc-musl.a(__overflow.o)
 .ARM.attributes
                0x0000000000000c66       0x36 /Applications/microchip/xc32/v4.45/bin/bin/../../lib/gcc/pic32c/8.3.1/../../../../pic32c/lib/thumb/v7e-m+fp/hard/libc-musl.a(__fmt_a.o)
 .ARM.attributes
                0x0000000000000c9c       0x36 /Applications/microchip/xc32/v4.45/bin/bin/../../lib/gcc/pic32c/8.3.1/../../../../pic32c/lib/thumb/v7e-m+fp/hard/libc-musl.a(__fmt_d.o)
 .ARM.attributes
                0x0000000000000cd2       0x36 /Applications/microchip/xc32/v4.45/bin/bin/../../lib/gcc/pic32c/8.3.1/../../../../pic32c/lib/thumb/v7e-m+fp/hard/libc-musl.a(__fmt_fp.o)
 .ARM.attributes
                0x0000000000000d08       0x36 /Applications/microchip/xc32/v4.45/bin/bin/../../lib/gcc/pic32c/8.3.1/../../../../pic32c/lib/thumb/v7e-m+fp/hard/libc-musl.a(__fmt_o.o)
 .ARM.attributes
                0x0000000000000d3e       0x36 /Applications/microchip/xc32/v4.45/bin/bin/../../lib/gcc/pic32c/8.3.1/../../../../pic32c/lib/thumb/v7e-m+fp/hard/libc-musl.a(__fmt_s.o)
 .ARM.attributes
                0x0000000000000d74       0x36 /Applications/microchip/xc32/v4.45/bin/bin/../../lib/gcc/pic32c/8.3.1/../../../../pic32c/lib/thumb/v7e-m+fp/hard/libc-musl.a(__fmt_u.o)
 .ARM.attributes
                0x0000000000000daa       0x36 /Applications/microchip/xc32/v4.45/bin/bin/../../lib/gcc/pic32c/8.3.1/../../../../pic32c/lib/thumb/v7e-m+fp/hard/libc-musl.a(__fmt_x.o)
 .ARM.attributes
                0x0000000000000de0       0x36 /Applications/microchip/xc32/v4.45/bin/bin/../../lib/gcc/pic32c/8.3.1/../../../../pic32c/lib/thumb/v7e-m+fp/hard/libc-musl.a(__fwrite.o)
 .ARM.attributes
                0x0000000000000e16       0x36 /Applications/microchip/xc32/v4.45/bin/bin/../../lib/gcc/pic32c/8.3.1/../../../../pic32c/lib/thumb/v7e-m+fp/hard/libc-musl.a(toupper.o)
 .ARM.attributes
                0x0000000000000e4c       0x36 /Applications/microchip/xc32/v4.45/bin/bin/../../lib/gcc/pic32c/8.3.1/../../../../pic32c/lib/thumb/v7e-m+fp/hard/libc-musl.a(__cvt_u.o)
 .ARM.attributes
                0x0000000000000e82       0x34 /Applications/microchip/xc32/v4.45/bin/bin/../../lib/gcc/pic32c/8.3.1/../../../../pic32c/lib/thumb/v7e-m+fp/hard/libm-fast-emfloat.a(fma.o)
 .ARM.attributes
                0x0000000000000eb6       0x34 /Applications/microchip/xc32/v4.45/bin/bin/../../lib/gcc/pic32c/8.3.1/../../../../pic32c/lib/thumb/v7e-m+fp/hard/libm-fast-emfloat.a(floor.o)
 .ARM.attributes
                0x0000000000000eea       0x20 /Applications/microchip/xc32/v4.45/bin/bin/../../lib/gcc/pic32c/8.3.1/../../../../pic32c/lib/thumb/v7e-m+fp/hard/libm-fast-emfloat.a(__aeabi_dadd.o)
 .ARM.attributes
                0x0000000000000f0a       0x20 /Applications/microchip/xc32/v4.45/bin/bin/../../lib/gcc/pic32c/8.3.1/../../../../pic32c/lib/thumb/v7e-m+fp/hard/libm-fast-emfloat.a(__aeabi_dsub.o)
 .ARM.attributes
                0x0000000000000f2a       0x20 /Applications/microchip/xc32/v4.45/bin/bin/../../lib/gcc/pic32c/8.3.1/../../../../pic32c/lib/thumb/v7e-m+fp/hard/libm-fast-emfloat.a(__aeabi_dmul.o)
 .ARM.attributes
                0x0000000000000f4a       0x20 /Applications/microchip/xc32/v4.45/bin/bin/../../lib/gcc/pic32c/8.3.1/../../../../pic32c/lib/thumb/v7e-m+fp/hard/libm-fast-emfloat.a(__aeabi_ddiv.o)
 .ARM.attributes
                0x0000000000000f6a       0x20 /Applications/microchip/xc32/v4.45/bin/bin/../../lib/gcc/pic32c/8.3.1/../../../../pic32c/lib/thumb/v7e-m+fp/hard/libm-fast-emfloat.a(__aeabi_dcmple.o)
 .ARM.attributes
                0x0000000000000f8a       0x20 /Applications/microchip/xc32/v4.45/bin/bin/../../lib/gcc/pic32c/8.3.1/../../../../pic32c/lib/thumb/v7e-m+fp/hard/libm-fast-emfloat.a(__aeabi_dcmpeq.o)
 .ARM.attributes
                0x0000000000000faa       0x20 /Applications/microchip/xc32/v4.45/bin/bin/../../lib/gcc/pic32c/8.3.1/../../../../pic32c/lib/thumb/v7e-m+fp/hard/libm-fast-emfloat.a(__aeabi_dcmpgt.o)
 .ARM.attributes
                0x0000000000000fca       0x20 /Applications/microchip/xc32/v4.45/bin/bin/../../lib/gcc/pic32c/8.3.1/../../../../pic32c/lib/thumb/v7e-m+fp/hard/libm-fast-emfloat.a(__aeabi_dcmplt.o)
 .ARM.attributes
                0x0000000000000fea       0x20 /Applications/microchip/xc32/v4.45/bin/bin/../../lib/gcc/pic32c/8.3.1/../../../../pic32c/lib/thumb/v7e-m+fp/hard/libm-fast-emfloat.a(__aeabi_d2iz.o)
 .ARM.attributes
                0x000000000000100a       0x1e /Applications/microchip/xc32/v4.45/bin/bin/../../lib/gcc/pic32c/8.3.1/thumb/v7e-m+fp/hard/libgcc.a(_aeabi_uldivmod.o)
 .ARM.attributes
                0x0000000000001028       0x34 /Applications/microchip/xc32/v4.45/bin/bin/../../lib/gcc/pic32c/8.3.1/thumb/v7e-m+fp/hard/libgcc.a(_udivmoddi4.o)
 .ARM.attributes
                0x000000000000105c       0x1e /Applications/microchip/xc32/v4.45/bin/bin/../../lib/gcc/pic32c/8.3.1/thumb/v7e-m+fp/hard/libgcc.a(_dvmd_tls.o)
 .ARM.attributes
                0x000000000000107a       0x34 /Applications/microchip/xc32/v4.45/bin/bin/../../lib/gcc/pic32c/8.3.1/../../../../pic32c/lib/thumb/v7e-m+fp/hard/libpic32c.a(close.o)
 .ARM.attributes
                0x00000000000010ae       0x34 /Applications/microchip/xc32/v4.45/bin/bin/../../lib/gcc/pic32c/8.3.1/../../../../pic32c/lib/thumb/v7e-m+fp/hard/libpic32c.a(lseek.o)
 .ARM.attributes
                0x00000000000010e2       0x36 /Applications/microchip/xc32/v4.45/bin/bin/../../lib/gcc/pic32c/8.3.1/../../../../pic32c/lib/thumb/v7e-m+fp/hard/libc-size-musl.a(strcpy.o)
 .ARM.attributes
                0x0000000000001118       0x36 /Applications/microchip/xc32/v4.45/bin/bin/../../lib/gcc/pic32c/8.3.1/../../../../pic32c/lib/thumb/v7e-m+fp/hard/libc-size-musl.a(stpcpy.o)
 .ARM.attributes
                0x000000000000114e       0x36 /Applications/microchip/xc32/v4.45/bin/bin/../../lib/gcc/pic32c/8.3.1/../../../../pic32c/lib/thumb/v7e-m+fp/hard/liblmalloc-musl.a(lite_malloc.o)
 .ARM.attributes
                0x0000000000001184       0x36 /Applications/microchip/xc32/v4.45/bin/bin/../../lib/gcc/pic32c/8.3.1/../../../../pic32c/lib/thumb/v7e-m+fp/hard/liblmalloc-musl.a(lite_free.o)
 .ARM.attributes
                0x00000000000011ba       0x36 /Applications/microchip/xc32/v4.45/bin/bin/../../lib/gcc/pic32c/8.3.1/../../../../pic32c/lib/thumb/v7e-m+fp/hard/libc-musl.a(expand_heap.o)
 .ARM.attributes
                0x00000000000011f0       0x34 /Applications/microchip/xc32/v4.45/bin/bin/../../lib/gcc/pic32c/8.3.1/../../../../pic32c/lib/thumb/v7e-m+fp/hard/libpic32c.a(sbrk.o)
 .ARM.attributes
                0x0000000000001224       0x1e /Applications/microchip/xc32/v4.45/bin/bin/../../lib/gcc/pic32c/8.3.1/thumb/v7e-m+fp/hard/crtn.o
 .ARM.attributes
                0x0000000000001242       0x34 /Applications/microchip/xc32/v4.45/bin/bin/../../lib/gcc/pic32c/8.3.1/../../../../pic32c/lib/thumb/v7e-m+fp/hard/libpic32c.a(pic32_data_init_clear.o)
 .ARM.attributes
                0x0000000000001276       0x34 /Applications/microchip/xc32/v4.45/bin/bin/../../lib/gcc/pic32c/8.3.1/../../../../pic32c/lib/thumb/v7e-m+fp/hard/libpic32c.a(pic32_data_init_copy.o)

.comment        0x0000000000000000       0x2b
 .comment       0x0000000000000000       0x2b /Applications/microchip/xc32/v4.45/bin/bin/../../lib/gcc/pic32c/8.3.1/thumb/v7e-m+fp/hard/crtbegin.o
                                         0x2c (size before relaxing)
 .comment       0x000000000000002b       0x2c build/sam_e51_cnano_123/production/_ext/1296496744/usb_uart.o
 .comment       0x000000000000002b       0x2c build/sam_e51_cnano_123/production/_ext/7187140/plib_clock.o
 .comment       0x000000000000002b       0x2c build/sam_e51_cnano_123/production/_ext/9336626/plib_evsys.o
 .comment       0x000000000000002b       0x2c build/sam_e51_cnano_123/production/_ext/830715028/plib_nvic.o
 .comment       0x000000000000002b       0x2c build/sam_e51_cnano_123/production/_ext/226030394/plib_nvmctrl.o
 .comment       0x000000000000002b       0x2c build/sam_e51_cnano_123/production/_ext/830661877/plib_port.o
 .comment       0x000000000000002b       0x2c build/sam_e51_cnano_123/production/_ext/314480351/plib_sercom5_usart.o
 .comment       0x000000000000002b       0x2c build/sam_e51_cnano_123/production/_ext/314480351/plib_sercom4_usart.o
 .comment       0x000000000000002b       0x2c build/sam_e51_cnano_123/production/_ext/865175840/xc32_monitor.o
 .comment       0x000000000000002b       0x2c build/sam_e51_cnano_123/production/_ext/570918426/initialization.o
 .comment       0x000000000000002b       0x2c build/sam_e51_cnano_123/production/_ext/570918426/interrupts.o
 .comment       0x000000000000002b       0x2c build/sam_e51_cnano_123/production/_ext/570918426/exceptions.o
 .comment       0x000000000000002b       0x2c build/sam_e51_cnano_123/production/_ext/570918426/startup_xc32.o
 .comment       0x000000000000002b       0x2c build/sam_e51_cnano_123/production/_ext/1360937237/main_sam_e51_cnano.o
 .comment       0x000000000000002b       0x2c build/sam_e51_cnano_123/production/_ext/1360937237/utils.o
 .comment       0x000000000000002b       0x2c build/sam_e51_cnano_123/production/_ext/1360937237/worker_2.o
 .comment       0x000000000000002b       0x2c /Applications/microchip/xc32/v4.45/bin/bin/../../lib/gcc/pic32c/8.3.1/../../../../pic32c/lib/thumb/v7e-m+fp/hard/libpic32c.a(data_init.o)
 .comment       0x000000000000002b       0x2c /Applications/microchip/xc32/v4.45/bin/bin/../../lib/gcc/pic32c/8.3.1/../../../../pic32c/lib/thumb/v7e-m+fp/hard/libc-size-musl.a(memcpy.o)
 .comment       0x000000000000002b       0x2c /Applications/microchip/xc32/v4.45/bin/bin/../../lib/gcc/pic32c/8.3.1/../../../../pic32c/lib/thumb/v7e-m+fp/hard/libc-size-musl.a(memset.o)
 .comment       0x000000000000002b       0x2c /Applications/microchip/xc32/v4.45/bin/bin/../../lib/gcc/pic32c/8.3.1/../../../../pic32c/lib/thumb/v7e-m+fp/hard/libc-size-musl.a(strlen.o)
 .comment       0x000000000000002b       0x2c /Applications/microchip/xc32/v4.45/bin/bin/../../lib/gcc/pic32c/8.3.1/../../../../pic32c/lib/thumb/v7e-m+fp/hard/libc-size-musl.a(strncpy.o)
 .comment       0x000000000000002b       0x2c /Applications/microchip/xc32/v4.45/bin/bin/../../lib/gcc/pic32c/8.3.1/../../../../pic32c/lib/thumb/v7e-m+fp/hard/libc-size-musl.a(stpncpy.o)
 .comment       0x000000000000002b       0x2c /Applications/microchip/xc32/v4.45/bin/bin/../../lib/gcc/pic32c/8.3.1/../../../../pic32c/lib/thumb/v7e-m+fp/hard/libc-musl.a(__libc_start_main.o)
 .comment       0x000000000000002b       0x2c /Applications/microchip/xc32/v4.45/bin/bin/../../lib/gcc/pic32c/8.3.1/../../../../pic32c/lib/thumb/v7e-m+fp/hard/libc-musl.a(libc.o)
 .comment       0x000000000000002b       0x2c /Applications/microchip/xc32/v4.45/bin/bin/../../lib/gcc/pic32c/8.3.1/../../../../pic32c/lib/thumb/v7e-m+fp/hard/libc-musl.a(stdin.o)
 .comment       0x000000000000002b       0x2c /Applications/microchip/xc32/v4.45/bin/bin/../../lib/gcc/pic32c/8.3.1/../../../../pic32c/lib/thumb/v7e-m+fp/hard/libc-musl.a(stdout.o)
 .comment       0x000000000000002b       0x2c /Applications/microchip/xc32/v4.45/bin/bin/../../lib/gcc/pic32c/8.3.1/../../../../pic32c/lib/thumb/v7e-m+fp/hard/libc-musl.a(printf.o)
 .comment       0x000000000000002b       0x2c /Applications/microchip/xc32/v4.45/bin/bin/../../lib/gcc/pic32c/8.3.1/../../../../pic32c/lib/thumb/v7e-m+fp/hard/libc-musl.a(puts.o)
 .comment       0x000000000000002b       0x2c /Applications/microchip/xc32/v4.45/bin/bin/../../lib/gcc/pic32c/8.3.1/../../../../pic32c/lib/thumb/v7e-m+fp/hard/libc-musl.a(setbuf.o)
 .comment       0x000000000000002b       0x2c /Applications/microchip/xc32/v4.45/bin/bin/../../lib/gcc/pic32c/8.3.1/../../../../pic32c/lib/thumb/v7e-m+fp/hard/libc-musl.a(sprintf.o)
 .comment       0x000000000000002b       0x2c /Applications/microchip/xc32/v4.45/bin/bin/../../lib/gcc/pic32c/8.3.1/../../../../pic32c/lib/thumb/v7e-m+fp/hard/libc-musl.a(vsprintf.o)
 .comment       0x000000000000002b       0x2c /Applications/microchip/xc32/v4.45/bin/bin/../../lib/gcc/pic32c/8.3.1/../../../../pic32c/lib/thumb/v7e-m+fp/hard/libc-musl.a(__environ.o)
 .comment       0x000000000000002b       0x2c /Applications/microchip/xc32/v4.45/bin/bin/../../lib/gcc/pic32c/8.3.1/../../../../pic32c/lib/thumb/v7e-m+fp/hard/libc-musl.a(fputs.o)
 .comment       0x000000000000002b       0x2c /Applications/microchip/xc32/v4.45/bin/bin/../../lib/gcc/pic32c/8.3.1/../../../../pic32c/lib/thumb/v7e-m+fp/hard/libc-musl.a(__stdio_read.o)
 .comment       0x000000000000002b       0x2c /Applications/microchip/xc32/v4.45/bin/bin/../../lib/gcc/pic32c/8.3.1/../../../../pic32c/lib/thumb/v7e-m+fp/hard/libc-musl.a(__towrite_rw.o)
 .comment       0x000000000000002b       0x2c /Applications/microchip/xc32/v4.45/bin/bin/../../lib/gcc/pic32c/8.3.1/../../../../pic32c/lib/thumb/v7e-m+fp/hard/libc-musl.a(fwrite.o)
 .comment       0x000000000000002b       0x2c /Applications/microchip/xc32/v4.45/bin/bin/../../lib/gcc/pic32c/8.3.1/../../../../pic32c/lib/thumb/v7e-m+fp/hard/libc-musl.a(putc.o)
 .comment       0x000000000000002b       0x2c /Applications/microchip/xc32/v4.45/bin/bin/../../lib/gcc/pic32c/8.3.1/../../../../pic32c/lib/thumb/v7e-m+fp/hard/libc-musl.a(setvbuf.o)
 .comment       0x000000000000002b       0x2c /Applications/microchip/xc32/v4.45/bin/bin/../../lib/gcc/pic32c/8.3.1/../../../../pic32c/lib/thumb/v7e-m+fp/hard/libc-musl.a(vfprintf.o)
 .comment       0x000000000000002b       0x2c /Applications/microchip/xc32/v4.45/bin/bin/../../lib/gcc/pic32c/8.3.1/../../../../pic32c/lib/thumb/v7e-m+fp/hard/libc-musl.a(vsnprintf.o)
 .comment       0x000000000000002b       0x2c /Applications/microchip/xc32/v4.45/bin/bin/../../lib/gcc/pic32c/8.3.1/../../../../pic32c/lib/thumb/v7e-m+fp/hard/libc-musl.a(readv.o)
 .comment       0x000000000000002b       0x2c /Applications/microchip/xc32/v4.45/bin/bin/../../lib/gcc/pic32c/8.3.1/../../../../pic32c/lib/thumb/v7e-m+fp/hard/libc-musl.a(__errno_location.o)
 .comment       0x000000000000002b       0x2c /Applications/microchip/xc32/v4.45/bin/bin/../../lib/gcc/pic32c/8.3.1/../../../../pic32c/lib/thumb/v7e-m+fp/hard/libc-musl.a(__init_stdio.o)
 .comment       0x000000000000002b       0x2c /Applications/microchip/xc32/v4.45/bin/bin/../../lib/gcc/pic32c/8.3.1/../../../../pic32c/lib/thumb/v7e-m+fp/hard/libc-musl.a(__out.o)
 .comment       0x000000000000002b       0x2c /Applications/microchip/xc32/v4.45/bin/bin/../../lib/gcc/pic32c/8.3.1/../../../../pic32c/lib/thumb/v7e-m+fp/hard/libc-musl.a(__pop_float.o)
 .comment       0x000000000000002b       0x2c /Applications/microchip/xc32/v4.45/bin/bin/../../lib/gcc/pic32c/8.3.1/../../../../pic32c/lib/thumb/v7e-m+fp/hard/libc-musl.a(__pop_int.o)
 .comment       0x000000000000002b       0x2c /Applications/microchip/xc32/v4.45/bin/bin/../../lib/gcc/pic32c/8.3.1/../../../../pic32c/lib/thumb/v7e-m+fp/hard/libc-musl.a(__pop_ptr.o)
 .comment       0x000000000000002b       0x2c /Applications/microchip/xc32/v4.45/bin/bin/../../lib/gcc/pic32c/8.3.1/../../../../pic32c/lib/thumb/v7e-m+fp/hard/libc-musl.a(__printf_core.o)
 .comment       0x000000000000002b       0x2c /Applications/microchip/xc32/v4.45/bin/bin/../../lib/gcc/pic32c/8.3.1/../../../../pic32c/lib/thumb/v7e-m+fp/hard/libc-musl.a(__putc.o)
 .comment       0x000000000000002b       0x2c /Applications/microchip/xc32/v4.45/bin/bin/../../lib/gcc/pic32c/8.3.1/../../../../pic32c/lib/thumb/v7e-m+fp/hard/libc-musl.a(__stderr.o)
 .comment       0x000000000000002b       0x2c /Applications/microchip/xc32/v4.45/bin/bin/../../lib/gcc/pic32c/8.3.1/../../../../pic32c/lib/thumb/v7e-m+fp/hard/libc-musl.a(__stdio_close.o)
 .comment       0x000000000000002b       0x2c /Applications/microchip/xc32/v4.45/bin/bin/../../lib/gcc/pic32c/8.3.1/../../../../pic32c/lib/thumb/v7e-m+fp/hard/libc-musl.a(__stdio_write.o)
 .comment       0x000000000000002b       0x2c /Applications/microchip/xc32/v4.45/bin/bin/../../lib/gcc/pic32c/8.3.1/../../../../pic32c/lib/thumb/v7e-m+fp/hard/libc-musl.a(__stdout.o)
 .comment       0x000000000000002b       0x2c /Applications/microchip/xc32/v4.45/bin/bin/../../lib/gcc/pic32c/8.3.1/../../../../pic32c/lib/thumb/v7e-m+fp/hard/libc-musl.a(__towrite.o)
 .comment       0x000000000000002b       0x2c /Applications/microchip/xc32/v4.45/bin/bin/../../lib/gcc/pic32c/8.3.1/../../../../pic32c/lib/thumb/v7e-m+fp/hard/libc-musl.a(atoi.o)
 .comment       0x000000000000002b       0x2c /Applications/microchip/xc32/v4.45/bin/bin/../../lib/gcc/pic32c/8.3.1/../../../../pic32c/lib/thumb/v7e-m+fp/hard/libc-musl.a(writev.o)
 .comment       0x000000000000002b       0x2c /Applications/microchip/xc32/v4.45/bin/bin/../../lib/gcc/pic32c/8.3.1/../../../../pic32c/lib/thumb/v7e-m+fp/hard/libc-musl.a(tolower.o)
 .comment       0x000000000000002b       0x2c /Applications/microchip/xc32/v4.45/bin/bin/../../lib/gcc/pic32c/8.3.1/../../../../pic32c/lib/thumb/v7e-m+fp/hard/libc-musl.a(__overflow.o)
 .comment       0x000000000000002b       0x2c /Applications/microchip/xc32/v4.45/bin/bin/../../lib/gcc/pic32c/8.3.1/../../../../pic32c/lib/thumb/v7e-m+fp/hard/libc-musl.a(__fmt_a.o)
 .comment       0x000000000000002b       0x2c /Applications/microchip/xc32/v4.45/bin/bin/../../lib/gcc/pic32c/8.3.1/../../../../pic32c/lib/thumb/v7e-m+fp/hard/libc-musl.a(__fmt_d.o)
 .comment       0x000000000000002b       0x2c /Applications/microchip/xc32/v4.45/bin/bin/../../lib/gcc/pic32c/8.3.1/../../../../pic32c/lib/thumb/v7e-m+fp/hard/libc-musl.a(__fmt_fp.o)
 .comment       0x000000000000002b       0x2c /Applications/microchip/xc32/v4.45/bin/bin/../../lib/gcc/pic32c/8.3.1/../../../../pic32c/lib/thumb/v7e-m+fp/hard/libc-musl.a(__fmt_o.o)
 .comment       0x000000000000002b       0x2c /Applications/microchip/xc32/v4.45/bin/bin/../../lib/gcc/pic32c/8.3.1/../../../../pic32c/lib/thumb/v7e-m+fp/hard/libc-musl.a(__fmt_s.o)
 .comment       0x000000000000002b       0x2c /Applications/microchip/xc32/v4.45/bin/bin/../../lib/gcc/pic32c/8.3.1/../../../../pic32c/lib/thumb/v7e-m+fp/hard/libc-musl.a(__fmt_u.o)
 .comment       0x000000000000002b       0x2c /Applications/microchip/xc32/v4.45/bin/bin/../../lib/gcc/pic32c/8.3.1/../../../../pic32c/lib/thumb/v7e-m+fp/hard/libc-musl.a(__fmt_x.o)
 .comment       0x000000000000002b       0x2c /Applications/microchip/xc32/v4.45/bin/bin/../../lib/gcc/pic32c/8.3.1/../../../../pic32c/lib/thumb/v7e-m+fp/hard/libc-musl.a(__fwrite.o)
 .comment       0x000000000000002b       0x2c /Applications/microchip/xc32/v4.45/bin/bin/../../lib/gcc/pic32c/8.3.1/../../../../pic32c/lib/thumb/v7e-m+fp/hard/libc-musl.a(toupper.o)
 .comment       0x000000000000002b       0x2c /Applications/microchip/xc32/v4.45/bin/bin/../../lib/gcc/pic32c/8.3.1/../../../../pic32c/lib/thumb/v7e-m+fp/hard/libc-musl.a(__cvt_u.o)
 .comment       0x000000000000002b       0x2c /Applications/microchip/xc32/v4.45/bin/bin/../../lib/gcc/pic32c/8.3.1/../../../../pic32c/lib/thumb/v7e-m+fp/hard/libm-fast-emfloat.a(fma.o)
 .comment       0x000000000000002b       0x2c /Applications/microchip/xc32/v4.45/bin/bin/../../lib/gcc/pic32c/8.3.1/../../../../pic32c/lib/thumb/v7e-m+fp/hard/libm-fast-emfloat.a(floor.o)
 .comment       0x000000000000002b       0x2c /Applications/microchip/xc32/v4.45/bin/bin/../../lib/gcc/pic32c/8.3.1/thumb/v7e-m+fp/hard/libgcc.a(_udivmoddi4.o)
 .comment       0x000000000000002b       0x2c /Applications/microchip/xc32/v4.45/bin/bin/../../lib/gcc/pic32c/8.3.1/../../../../pic32c/lib/thumb/v7e-m+fp/hard/libpic32c.a(close.o)
 .comment       0x000000000000002b       0x2c /Applications/microchip/xc32/v4.45/bin/bin/../../lib/gcc/pic32c/8.3.1/../../../../pic32c/lib/thumb/v7e-m+fp/hard/libpic32c.a(lseek.o)
 .comment       0x000000000000002b       0x2c /Applications/microchip/xc32/v4.45/bin/bin/../../lib/gcc/pic32c/8.3.1/../../../../pic32c/lib/thumb/v7e-m+fp/hard/libc-size-musl.a(strcpy.o)
 .comment       0x000000000000002b       0x2c /Applications/microchip/xc32/v4.45/bin/bin/../../lib/gcc/pic32c/8.3.1/../../../../pic32c/lib/thumb/v7e-m+fp/hard/libc-size-musl.a(stpcpy.o)
 .comment       0x000000000000002b       0x2c /Applications/microchip/xc32/v4.45/bin/bin/../../lib/gcc/pic32c/8.3.1/../../../../pic32c/lib/thumb/v7e-m+fp/hard/liblmalloc-musl.a(lite_malloc.o)
 .comment       0x000000000000002b       0x2c /Applications/microchip/xc32/v4.45/bin/bin/../../lib/gcc/pic32c/8.3.1/../../../../pic32c/lib/thumb/v7e-m+fp/hard/liblmalloc-musl.a(lite_free.o)
 .comment       0x000000000000002b       0x2c /Applications/microchip/xc32/v4.45/bin/bin/../../lib/gcc/pic32c/8.3.1/../../../../pic32c/lib/thumb/v7e-m+fp/hard/libc-musl.a(expand_heap.o)
 .comment       0x000000000000002b       0x2c /Applications/microchip/xc32/v4.45/bin/bin/../../lib/gcc/pic32c/8.3.1/../../../../pic32c/lib/thumb/v7e-m+fp/hard/libpic32c.a(sbrk.o)
 .comment       0x000000000000002b       0x2c /Applications/microchip/xc32/v4.45/bin/bin/../../lib/gcc/pic32c/8.3.1/../../../../pic32c/lib/thumb/v7e-m+fp/hard/libpic32c.a(pic32_data_init_clear.o)
 .comment       0x000000000000002b       0x2c /Applications/microchip/xc32/v4.45/bin/bin/../../lib/gcc/pic32c/8.3.1/../../../../pic32c/lib/thumb/v7e-m+fp/hard/libpic32c.a(pic32_data_init_copy.o)

.debug_info     0x0000000000000000    0x10383
 .debug_info    0x0000000000000000      0x267 build/sam_e51_cnano_123/production/_ext/1296496744/usb_uart.o
 .debug_info    0x0000000000000267      0x639 build/sam_e51_cnano_123/production/_ext/7187140/plib_clock.o
 .debug_info    0x00000000000008a0       0x9b build/sam_e51_cnano_123/production/_ext/9336626/plib_evsys.o
 .debug_info    0x000000000000093b      0xb28 build/sam_e51_cnano_123/production/_ext/830715028/plib_nvic.o
 .debug_info    0x0000000000001463      0x8e5 build/sam_e51_cnano_123/production/_ext/226030394/plib_nvmctrl.o
 .debug_info    0x0000000000001d48      0x70c build/sam_e51_cnano_123/production/_ext/830661877/plib_port.o
 .debug_info    0x0000000000002454      0xf76 build/sam_e51_cnano_123/production/_ext/314480351/plib_sercom5_usart.o
 .debug_info    0x00000000000033ca     0x121c build/sam_e51_cnano_123/production/_ext/314480351/plib_sercom4_usart.o
 .debug_info    0x00000000000045e6      0x1d5 build/sam_e51_cnano_123/production/_ext/865175840/xc32_monitor.o
 .debug_info    0x00000000000047bb      0x1f4 build/sam_e51_cnano_123/production/_ext/570918426/initialization.o
 .debug_info    0x00000000000049af      0xa73 build/sam_e51_cnano_123/production/_ext/570918426/interrupts.o
 .debug_info    0x0000000000005422      0x116 build/sam_e51_cnano_123/production/_ext/570918426/exceptions.o
 .debug_info    0x0000000000005538      0x55b build/sam_e51_cnano_123/production/_ext/570918426/startup_xc32.o
 .debug_info    0x0000000000005a93       0xe4 build/sam_e51_cnano_123/production/_ext/1360937237/main_sam_e51_cnano.o
 .debug_info    0x0000000000005b77     0x110e build/sam_e51_cnano_123/production/_ext/1360937237/utils.o
 .debug_info    0x0000000000006c85      0x618 build/sam_e51_cnano_123/production/_ext/1360937237/worker_2.o
 .debug_info    0x000000000000729d       0x54 /Applications/microchip/xc32/v4.45/bin/bin/../../lib/gcc/pic32c/8.3.1/../../../../pic32c/lib/thumb/v7e-m+fp/hard/libpic32c.a(data_init.o)
 .debug_info    0x00000000000072f1       0xf3 /Applications/microchip/xc32/v4.45/bin/bin/../../lib/gcc/pic32c/8.3.1/../../../../pic32c/lib/thumb/v7e-m+fp/hard/libc-size-musl.a(memcpy.o)
 .debug_info    0x00000000000073e4       0xbb /Applications/microchip/xc32/v4.45/bin/bin/../../lib/gcc/pic32c/8.3.1/../../../../pic32c/lib/thumb/v7e-m+fp/hard/libc-size-musl.a(memset.o)
 .debug_info    0x000000000000749f       0xa4 /Applications/microchip/xc32/v4.45/bin/bin/../../lib/gcc/pic32c/8.3.1/../../../../pic32c/lib/thumb/v7e-m+fp/hard/libc-size-musl.a(strlen.o)
 .debug_info    0x0000000000007543       0xde /Applications/microchip/xc32/v4.45/bin/bin/../../lib/gcc/pic32c/8.3.1/../../../../pic32c/lib/thumb/v7e-m+fp/hard/libc-size-musl.a(strncpy.o)
 .debug_info    0x0000000000007621       0xe1 /Applications/microchip/xc32/v4.45/bin/bin/../../lib/gcc/pic32c/8.3.1/../../../../pic32c/lib/thumb/v7e-m+fp/hard/libc-size-musl.a(stpncpy.o)
 .debug_info    0x0000000000007702      0x2fb /Applications/microchip/xc32/v4.45/bin/bin/../../lib/gcc/pic32c/8.3.1/../../../../pic32c/lib/thumb/v7e-m+fp/hard/libc-musl.a(__libc_start_main.o)
 .debug_info    0x00000000000079fd      0x276 /Applications/microchip/xc32/v4.45/bin/bin/../../lib/gcc/pic32c/8.3.1/../../../../pic32c/lib/thumb/v7e-m+fp/hard/libc-musl.a(libc.o)
 .debug_info    0x0000000000007c73      0x404 /Applications/microchip/xc32/v4.45/bin/bin/../../lib/gcc/pic32c/8.3.1/../../../../pic32c/lib/thumb/v7e-m+fp/hard/libc-musl.a(stdin.o)
 .debug_info    0x0000000000008077      0x1e9 /Applications/microchip/xc32/v4.45/bin/bin/../../lib/gcc/pic32c/8.3.1/../../../../pic32c/lib/thumb/v7e-m+fp/hard/libc-musl.a(stdout.o)
 .debug_info    0x0000000000008260      0x129 /Applications/microchip/xc32/v4.45/bin/bin/../../lib/gcc/pic32c/8.3.1/../../../../pic32c/lib/thumb/v7e-m+fp/hard/libc-musl.a(printf.o)
 .debug_info    0x0000000000008389      0x3ac /Applications/microchip/xc32/v4.45/bin/bin/../../lib/gcc/pic32c/8.3.1/../../../../pic32c/lib/thumb/v7e-m+fp/hard/libc-musl.a(puts.o)
 .debug_info    0x0000000000008735       0xdb /Applications/microchip/xc32/v4.45/bin/bin/../../lib/gcc/pic32c/8.3.1/../../../../pic32c/lib/thumb/v7e-m+fp/hard/libc-musl.a(setbuf.o)
 .debug_info    0x0000000000008810      0x116 /Applications/microchip/xc32/v4.45/bin/bin/../../lib/gcc/pic32c/8.3.1/../../../../pic32c/lib/thumb/v7e-m+fp/hard/libc-musl.a(sprintf.o)
 .debug_info    0x0000000000008926      0x10e /Applications/microchip/xc32/v4.45/bin/bin/../../lib/gcc/pic32c/8.3.1/../../../../pic32c/lib/thumb/v7e-m+fp/hard/libc-musl.a(vsprintf.o)
 .debug_info    0x0000000000008a34       0x97 /Applications/microchip/xc32/v4.45/bin/bin/../../lib/gcc/pic32c/8.3.1/../../../../pic32c/lib/thumb/v7e-m+fp/hard/libc-musl.a(__environ.o)
 .debug_info    0x0000000000008acb      0x3b6 /Applications/microchip/xc32/v4.45/bin/bin/../../lib/gcc/pic32c/8.3.1/../../../../pic32c/lib/thumb/v7e-m+fp/hard/libc-musl.a(fputs.o)
 .debug_info    0x0000000000008e81      0x3ef /Applications/microchip/xc32/v4.45/bin/bin/../../lib/gcc/pic32c/8.3.1/../../../../pic32c/lib/thumb/v7e-m+fp/hard/libc-musl.a(__stdio_read.o)
 .debug_info    0x0000000000009270      0x331 /Applications/microchip/xc32/v4.45/bin/bin/../../lib/gcc/pic32c/8.3.1/../../../../pic32c/lib/thumb/v7e-m+fp/hard/libc-musl.a(__towrite_rw.o)
 .debug_info    0x00000000000095a1      0x257 /Applications/microchip/xc32/v4.45/bin/bin/../../lib/gcc/pic32c/8.3.1/../../../../pic32c/lib/thumb/v7e-m+fp/hard/libc-musl.a(fwrite.o)
 .debug_info    0x00000000000097f8      0x224 /Applications/microchip/xc32/v4.45/bin/bin/../../lib/gcc/pic32c/8.3.1/../../../../pic32c/lib/thumb/v7e-m+fp/hard/libc-musl.a(putc.o)
 .debug_info    0x0000000000009a1c      0x2bd /Applications/microchip/xc32/v4.45/bin/bin/../../lib/gcc/pic32c/8.3.1/../../../../pic32c/lib/thumb/v7e-m+fp/hard/libc-musl.a(setvbuf.o)
 .debug_info    0x0000000000009cd9      0x406 /Applications/microchip/xc32/v4.45/bin/bin/../../lib/gcc/pic32c/8.3.1/../../../../pic32c/lib/thumb/v7e-m+fp/hard/libc-musl.a(vfprintf.o)
 .debug_info    0x000000000000a0df      0x43a /Applications/microchip/xc32/v4.45/bin/bin/../../lib/gcc/pic32c/8.3.1/../../../../pic32c/lib/thumb/v7e-m+fp/hard/libc-musl.a(vsnprintf.o)
 .debug_info    0x000000000000a519      0x146 /Applications/microchip/xc32/v4.45/bin/bin/../../lib/gcc/pic32c/8.3.1/../../../../pic32c/lib/thumb/v7e-m+fp/hard/libc-musl.a(readv.o)
 .debug_info    0x000000000000a65f       0x5b /Applications/microchip/xc32/v4.45/bin/bin/../../lib/gcc/pic32c/8.3.1/../../../../pic32c/lib/thumb/v7e-m+fp/hard/libc-musl.a(__errno_location.o)
 .debug_info    0x000000000000a6ba       0xc3 /Applications/microchip/xc32/v4.45/bin/bin/../../lib/gcc/pic32c/8.3.1/../../../../pic32c/lib/thumb/v7e-m+fp/hard/libc-musl.a(__init_stdio.o)
 .debug_info    0x000000000000a77d      0x2b2 /Applications/microchip/xc32/v4.45/bin/bin/../../lib/gcc/pic32c/8.3.1/../../../../pic32c/lib/thumb/v7e-m+fp/hard/libc-musl.a(__out.o)
 .debug_info    0x000000000000aa2f      0x162 /Applications/microchip/xc32/v4.45/bin/bin/../../lib/gcc/pic32c/8.3.1/../../../../pic32c/lib/thumb/v7e-m+fp/hard/libc-musl.a(__pop_float.o)
 .debug_info    0x000000000000ab91      0x183 /Applications/microchip/xc32/v4.45/bin/bin/../../lib/gcc/pic32c/8.3.1/../../../../pic32c/lib/thumb/v7e-m+fp/hard/libc-musl.a(__pop_int.o)
 .debug_info    0x000000000000ad14      0x187 /Applications/microchip/xc32/v4.45/bin/bin/../../lib/gcc/pic32c/8.3.1/../../../../pic32c/lib/thumb/v7e-m+fp/hard/libc-musl.a(__pop_ptr.o)
 .debug_info    0x000000000000ae9b      0xa5d /Applications/microchip/xc32/v4.45/bin/bin/../../lib/gcc/pic32c/8.3.1/../../../../pic32c/lib/thumb/v7e-m+fp/hard/libc-musl.a(__printf_core.o)
 .debug_info    0x000000000000b8f8      0x28f /Applications/microchip/xc32/v4.45/bin/bin/../../lib/gcc/pic32c/8.3.1/../../../../pic32c/lib/thumb/v7e-m+fp/hard/libc-musl.a(__putc.o)
 .debug_info    0x000000000000bb87      0x3a9 /Applications/microchip/xc32/v4.45/bin/bin/../../lib/gcc/pic32c/8.3.1/../../../../pic32c/lib/thumb/v7e-m+fp/hard/libc-musl.a(__stderr.o)
 .debug_info    0x000000000000bf30      0x3ff /Applications/microchip/xc32/v4.45/bin/bin/../../lib/gcc/pic32c/8.3.1/../../../../pic32c/lib/thumb/v7e-m+fp/hard/libc-musl.a(__stdio_close.o)
 .debug_info    0x000000000000c32f      0x43e /Applications/microchip/xc32/v4.45/bin/bin/../../lib/gcc/pic32c/8.3.1/../../../../pic32c/lib/thumb/v7e-m+fp/hard/libc-musl.a(__stdio_write.o)
 .debug_info    0x000000000000c76d      0x3a9 /Applications/microchip/xc32/v4.45/bin/bin/../../lib/gcc/pic32c/8.3.1/../../../../pic32c/lib/thumb/v7e-m+fp/hard/libc-musl.a(__stdout.o)
 .debug_info    0x000000000000cb16      0x275 /Applications/microchip/xc32/v4.45/bin/bin/../../lib/gcc/pic32c/8.3.1/../../../../pic32c/lib/thumb/v7e-m+fp/hard/libc-musl.a(__towrite.o)
 .debug_info    0x000000000000cd8b       0xf4 /Applications/microchip/xc32/v4.45/bin/bin/../../lib/gcc/pic32c/8.3.1/../../../../pic32c/lib/thumb/v7e-m+fp/hard/libc-musl.a(atoi.o)
 .debug_info    0x000000000000ce7f      0x146 /Applications/microchip/xc32/v4.45/bin/bin/../../lib/gcc/pic32c/8.3.1/../../../../pic32c/lib/thumb/v7e-m+fp/hard/libc-musl.a(writev.o)
 .debug_info    0x000000000000cfc5      0x12b /Applications/microchip/xc32/v4.45/bin/bin/../../lib/gcc/pic32c/8.3.1/../../../../pic32c/lib/thumb/v7e-m+fp/hard/libc-musl.a(tolower.o)
 .debug_info    0x000000000000d0f0      0x388 /Applications/microchip/xc32/v4.45/bin/bin/../../lib/gcc/pic32c/8.3.1/../../../../pic32c/lib/thumb/v7e-m+fp/hard/libc-musl.a(__overflow.o)
 .debug_info    0x000000000000d478      0x646 /Applications/microchip/xc32/v4.45/bin/bin/../../lib/gcc/pic32c/8.3.1/../../../../pic32c/lib/thumb/v7e-m+fp/hard/libc-musl.a(__fmt_a.o)
 .debug_info    0x000000000000dabe      0x330 /Applications/microchip/xc32/v4.45/bin/bin/../../lib/gcc/pic32c/8.3.1/../../../../pic32c/lib/thumb/v7e-m+fp/hard/libc-musl.a(__fmt_d.o)
 .debug_info    0x000000000000ddee      0x673 /Applications/microchip/xc32/v4.45/bin/bin/../../lib/gcc/pic32c/8.3.1/../../../../pic32c/lib/thumb/v7e-m+fp/hard/libc-musl.a(__fmt_fp.o)
 .debug_info    0x000000000000e461      0x301 /Applications/microchip/xc32/v4.45/bin/bin/../../lib/gcc/pic32c/8.3.1/../../../../pic32c/lib/thumb/v7e-m+fp/hard/libc-musl.a(__fmt_o.o)
 .debug_info    0x000000000000e762      0x2b2 /Applications/microchip/xc32/v4.45/bin/bin/../../lib/gcc/pic32c/8.3.1/../../../../pic32c/lib/thumb/v7e-m+fp/hard/libc-musl.a(__fmt_s.o)
 .debug_info    0x000000000000ea14      0x301 /Applications/microchip/xc32/v4.45/bin/bin/../../lib/gcc/pic32c/8.3.1/../../../../pic32c/lib/thumb/v7e-m+fp/hard/libc-musl.a(__fmt_u.o)
 .debug_info    0x000000000000ed15      0x331 /Applications/microchip/xc32/v4.45/bin/bin/../../lib/gcc/pic32c/8.3.1/../../../../pic32c/lib/thumb/v7e-m+fp/hard/libc-musl.a(__fmt_x.o)
 .debug_info    0x000000000000f046      0x2b9 /Applications/microchip/xc32/v4.45/bin/bin/../../lib/gcc/pic32c/8.3.1/../../../../pic32c/lib/thumb/v7e-m+fp/hard/libc-musl.a(__fwrite.o)
 .debug_info    0x000000000000f2ff      0x12b /Applications/microchip/xc32/v4.45/bin/bin/../../lib/gcc/pic32c/8.3.1/../../../../pic32c/lib/thumb/v7e-m+fp/hard/libc-musl.a(toupper.o)
 .debug_info    0x000000000000f42a      0x1d9 /Applications/microchip/xc32/v4.45/bin/bin/../../lib/gcc/pic32c/8.3.1/../../../../pic32c/lib/thumb/v7e-m+fp/hard/libc-musl.a(__cvt_u.o)
 .debug_info    0x000000000000f603       0x26 /Applications/microchip/xc32/v4.45/bin/bin/../../lib/gcc/pic32c/8.3.1/thumb/v7e-m+fp/hard/libgcc.a(_aeabi_uldivmod.o)
 .debug_info    0x000000000000f629      0x52a /Applications/microchip/xc32/v4.45/bin/bin/../../lib/gcc/pic32c/8.3.1/thumb/v7e-m+fp/hard/libgcc.a(_udivmoddi4.o)
 .debug_info    0x000000000000fb53       0x26 /Applications/microchip/xc32/v4.45/bin/bin/../../lib/gcc/pic32c/8.3.1/thumb/v7e-m+fp/hard/libgcc.a(_dvmd_tls.o)
 .debug_info    0x000000000000fb79       0x3f /Applications/microchip/xc32/v4.45/bin/bin/../../lib/gcc/pic32c/8.3.1/../../../../pic32c/lib/thumb/v7e-m+fp/hard/libpic32c.a(close.o)
 .debug_info    0x000000000000fbb8       0x3f /Applications/microchip/xc32/v4.45/bin/bin/../../lib/gcc/pic32c/8.3.1/../../../../pic32c/lib/thumb/v7e-m+fp/hard/libpic32c.a(lseek.o)
 .debug_info    0x000000000000fbf7       0xbd /Applications/microchip/xc32/v4.45/bin/bin/../../lib/gcc/pic32c/8.3.1/../../../../pic32c/lib/thumb/v7e-m+fp/hard/libc-size-musl.a(strcpy.o)
 .debug_info    0x000000000000fcb4       0xac /Applications/microchip/xc32/v4.45/bin/bin/../../lib/gcc/pic32c/8.3.1/../../../../pic32c/lib/thumb/v7e-m+fp/hard/libc-size-musl.a(stpcpy.o)
 .debug_info    0x000000000000fd60      0x1bd /Applications/microchip/xc32/v4.45/bin/bin/../../lib/gcc/pic32c/8.3.1/../../../../pic32c/lib/thumb/v7e-m+fp/hard/liblmalloc-musl.a(lite_malloc.o)
 .debug_info    0x000000000000ff1d      0x26f /Applications/microchip/xc32/v4.45/bin/bin/../../lib/gcc/pic32c/8.3.1/../../../../pic32c/lib/thumb/v7e-m+fp/hard/liblmalloc-musl.a(lite_free.o)
 .debug_info    0x000000000001018c      0x10e /Applications/microchip/xc32/v4.45/bin/bin/../../lib/gcc/pic32c/8.3.1/../../../../pic32c/lib/thumb/v7e-m+fp/hard/libc-musl.a(expand_heap.o)
 .debug_info    0x000000000001029a       0x6a /Applications/microchip/xc32/v4.45/bin/bin/../../lib/gcc/pic32c/8.3.1/../../../../pic32c/lib/thumb/v7e-m+fp/hard/libpic32c.a(sbrk.o)
 .debug_info    0x0000000000010304       0x3f /Applications/microchip/xc32/v4.45/bin/bin/../../lib/gcc/pic32c/8.3.1/../../../../pic32c/lib/thumb/v7e-m+fp/hard/libpic32c.a(pic32_data_init_clear.o)
 .debug_info    0x0000000000010343       0x40 /Applications/microchip/xc32/v4.45/bin/bin/../../lib/gcc/pic32c/8.3.1/../../../../pic32c/lib/thumb/v7e-m+fp/hard/libpic32c.a(pic32_data_init_copy.o)

.debug_abbrev   0x0000000000000000     0x59de
 .debug_abbrev  0x0000000000000000       0xb3 build/sam_e51_cnano_123/production/_ext/1296496744/usb_uart.o
 .debug_abbrev  0x00000000000000b3      0x10b build/sam_e51_cnano_123/production/_ext/7187140/plib_clock.o
 .debug_abbrev  0x00000000000001be       0x46 build/sam_e51_cnano_123/production/_ext/9336626/plib_evsys.o
 .debug_abbrev  0x0000000000000204      0x1fe build/sam_e51_cnano_123/production/_ext/830715028/plib_nvic.o
 .debug_abbrev  0x0000000000000402      0x23c build/sam_e51_cnano_123/production/_ext/226030394/plib_nvmctrl.o
 .debug_abbrev  0x000000000000063e      0x1f1 build/sam_e51_cnano_123/production/_ext/830661877/plib_port.o
 .debug_abbrev  0x000000000000082f      0x2b1 build/sam_e51_cnano_123/production/_ext/314480351/plib_sercom5_usart.o
 .debug_abbrev  0x0000000000000ae0      0x345 build/sam_e51_cnano_123/production/_ext/314480351/plib_sercom4_usart.o
 .debug_abbrev  0x0000000000000e25       0xd8 build/sam_e51_cnano_123/production/_ext/865175840/xc32_monitor.o
 .debug_abbrev  0x0000000000000efd      0x11e build/sam_e51_cnano_123/production/_ext/570918426/initialization.o
 .debug_abbrev  0x000000000000101b       0xc0 build/sam_e51_cnano_123/production/_ext/570918426/interrupts.o
 .debug_abbrev  0x00000000000010db       0x49 build/sam_e51_cnano_123/production/_ext/570918426/exceptions.o
 .debug_abbrev  0x0000000000001124      0x1e3 build/sam_e51_cnano_123/production/_ext/570918426/startup_xc32.o
 .debug_abbrev  0x0000000000001307       0x82 build/sam_e51_cnano_123/production/_ext/1360937237/main_sam_e51_cnano.o
 .debug_abbrev  0x0000000000001389      0x333 build/sam_e51_cnano_123/production/_ext/1360937237/utils.o
 .debug_abbrev  0x00000000000016bc      0x140 build/sam_e51_cnano_123/production/_ext/1360937237/worker_2.o
 .debug_abbrev  0x00000000000017fc       0x44 /Applications/microchip/xc32/v4.45/bin/bin/../../lib/gcc/pic32c/8.3.1/../../../../pic32c/lib/thumb/v7e-m+fp/hard/libpic32c.a(data_init.o)
 .debug_abbrev  0x0000000000001840       0xbb /Applications/microchip/xc32/v4.45/bin/bin/../../lib/gcc/pic32c/8.3.1/../../../../pic32c/lib/thumb/v7e-m+fp/hard/libc-size-musl.a(memcpy.o)
 .debug_abbrev  0x00000000000018fb       0xa2 /Applications/microchip/xc32/v4.45/bin/bin/../../lib/gcc/pic32c/8.3.1/../../../../pic32c/lib/thumb/v7e-m+fp/hard/libc-size-musl.a(memset.o)
 .debug_abbrev  0x000000000000199d       0x91 /Applications/microchip/xc32/v4.45/bin/bin/../../lib/gcc/pic32c/8.3.1/../../../../pic32c/lib/thumb/v7e-m+fp/hard/libc-size-musl.a(strlen.o)
 .debug_abbrev  0x0000000000001a2e       0x9d /Applications/microchip/xc32/v4.45/bin/bin/../../lib/gcc/pic32c/8.3.1/../../../../pic32c/lib/thumb/v7e-m+fp/hard/libc-size-musl.a(strncpy.o)
 .debug_abbrev  0x0000000000001acb       0xa5 /Applications/microchip/xc32/v4.45/bin/bin/../../lib/gcc/pic32c/8.3.1/../../../../pic32c/lib/thumb/v7e-m+fp/hard/libc-size-musl.a(stpncpy.o)
 .debug_abbrev  0x0000000000001b70      0x133 /Applications/microchip/xc32/v4.45/bin/bin/../../lib/gcc/pic32c/8.3.1/../../../../pic32c/lib/thumb/v7e-m+fp/hard/libc-musl.a(__libc_start_main.o)
 .debug_abbrev  0x0000000000001ca3       0xd4 /Applications/microchip/xc32/v4.45/bin/bin/../../lib/gcc/pic32c/8.3.1/../../../../pic32c/lib/thumb/v7e-m+fp/hard/libc-musl.a(libc.o)
 .debug_abbrev  0x0000000000001d77      0x1b6 /Applications/microchip/xc32/v4.45/bin/bin/../../lib/gcc/pic32c/8.3.1/../../../../pic32c/lib/thumb/v7e-m+fp/hard/libc-musl.a(stdin.o)
 .debug_abbrev  0x0000000000001f2d      0x162 /Applications/microchip/xc32/v4.45/bin/bin/../../lib/gcc/pic32c/8.3.1/../../../../pic32c/lib/thumb/v7e-m+fp/hard/libc-musl.a(stdout.o)
 .debug_abbrev  0x000000000000208f      0x11d /Applications/microchip/xc32/v4.45/bin/bin/../../lib/gcc/pic32c/8.3.1/../../../../pic32c/lib/thumb/v7e-m+fp/hard/libc-musl.a(printf.o)
 .debug_abbrev  0x00000000000021ac      0x159 /Applications/microchip/xc32/v4.45/bin/bin/../../lib/gcc/pic32c/8.3.1/../../../../pic32c/lib/thumb/v7e-m+fp/hard/libc-musl.a(puts.o)
 .debug_abbrev  0x0000000000002305       0xab /Applications/microchip/xc32/v4.45/bin/bin/../../lib/gcc/pic32c/8.3.1/../../../../pic32c/lib/thumb/v7e-m+fp/hard/libc-musl.a(setbuf.o)
 .debug_abbrev  0x00000000000023b0      0x106 /Applications/microchip/xc32/v4.45/bin/bin/../../lib/gcc/pic32c/8.3.1/../../../../pic32c/lib/thumb/v7e-m+fp/hard/libc-musl.a(sprintf.o)
 .debug_abbrev  0x00000000000024b6       0xce /Applications/microchip/xc32/v4.45/bin/bin/../../lib/gcc/pic32c/8.3.1/../../../../pic32c/lib/thumb/v7e-m+fp/hard/libc-musl.a(vsprintf.o)
 .debug_abbrev  0x0000000000002584       0x62 /Applications/microchip/xc32/v4.45/bin/bin/../../lib/gcc/pic32c/8.3.1/../../../../pic32c/lib/thumb/v7e-m+fp/hard/libc-musl.a(__environ.o)
 .debug_abbrev  0x00000000000025e6      0x146 /Applications/microchip/xc32/v4.45/bin/bin/../../lib/gcc/pic32c/8.3.1/../../../../pic32c/lib/thumb/v7e-m+fp/hard/libc-musl.a(fputs.o)
 .debug_abbrev  0x000000000000272c      0x16c /Applications/microchip/xc32/v4.45/bin/bin/../../lib/gcc/pic32c/8.3.1/../../../../pic32c/lib/thumb/v7e-m+fp/hard/libc-musl.a(__stdio_read.o)
 .debug_abbrev  0x0000000000002898       0xf8 /Applications/microchip/xc32/v4.45/bin/bin/../../lib/gcc/pic32c/8.3.1/../../../../pic32c/lib/thumb/v7e-m+fp/hard/libc-musl.a(__towrite_rw.o)
 .debug_abbrev  0x0000000000002990      0x13f /Applications/microchip/xc32/v4.45/bin/bin/../../lib/gcc/pic32c/8.3.1/../../../../pic32c/lib/thumb/v7e-m+fp/hard/libc-musl.a(fwrite.o)
 .debug_abbrev  0x0000000000002acf      0x125 /Applications/microchip/xc32/v4.45/bin/bin/../../lib/gcc/pic32c/8.3.1/../../../../pic32c/lib/thumb/v7e-m+fp/hard/libc-musl.a(putc.o)
 .debug_abbrev  0x0000000000002bf4      0x138 /Applications/microchip/xc32/v4.45/bin/bin/../../lib/gcc/pic32c/8.3.1/../../../../pic32c/lib/thumb/v7e-m+fp/hard/libc-musl.a(setvbuf.o)
 .debug_abbrev  0x0000000000002d2c      0x189 /Applications/microchip/xc32/v4.45/bin/bin/../../lib/gcc/pic32c/8.3.1/../../../../pic32c/lib/thumb/v7e-m+fp/hard/libc-musl.a(vfprintf.o)
 .debug_abbrev  0x0000000000002eb5      0x195 /Applications/microchip/xc32/v4.45/bin/bin/../../lib/gcc/pic32c/8.3.1/../../../../pic32c/lib/thumb/v7e-m+fp/hard/libc-musl.a(vsnprintf.o)
 .debug_abbrev  0x000000000000304a       0xf7 /Applications/microchip/xc32/v4.45/bin/bin/../../lib/gcc/pic32c/8.3.1/../../../../pic32c/lib/thumb/v7e-m+fp/hard/libc-musl.a(readv.o)
 .debug_abbrev  0x0000000000003141       0x39 /Applications/microchip/xc32/v4.45/bin/bin/../../lib/gcc/pic32c/8.3.1/../../../../pic32c/lib/thumb/v7e-m+fp/hard/libc-musl.a(__errno_location.o)
 .debug_abbrev  0x000000000000317a       0x65 /Applications/microchip/xc32/v4.45/bin/bin/../../lib/gcc/pic32c/8.3.1/../../../../pic32c/lib/thumb/v7e-m+fp/hard/libc-musl.a(__init_stdio.o)
 .debug_abbrev  0x00000000000031df      0x18c /Applications/microchip/xc32/v4.45/bin/bin/../../lib/gcc/pic32c/8.3.1/../../../../pic32c/lib/thumb/v7e-m+fp/hard/libc-musl.a(__out.o)
 .debug_abbrev  0x000000000000336b       0xdc /Applications/microchip/xc32/v4.45/bin/bin/../../lib/gcc/pic32c/8.3.1/../../../../pic32c/lib/thumb/v7e-m+fp/hard/libc-musl.a(__pop_float.o)
 .debug_abbrev  0x0000000000003447       0xdc /Applications/microchip/xc32/v4.45/bin/bin/../../lib/gcc/pic32c/8.3.1/../../../../pic32c/lib/thumb/v7e-m+fp/hard/libc-musl.a(__pop_int.o)
 .debug_abbrev  0x0000000000003523       0xed /Applications/microchip/xc32/v4.45/bin/bin/../../lib/gcc/pic32c/8.3.1/../../../../pic32c/lib/thumb/v7e-m+fp/hard/libc-musl.a(__pop_ptr.o)
 .debug_abbrev  0x0000000000003610      0x332 /Applications/microchip/xc32/v4.45/bin/bin/../../lib/gcc/pic32c/8.3.1/../../../../pic32c/lib/thumb/v7e-m+fp/hard/libc-musl.a(__printf_core.o)
 .debug_abbrev  0x0000000000003942      0x10f /Applications/microchip/xc32/v4.45/bin/bin/../../lib/gcc/pic32c/8.3.1/../../../../pic32c/lib/thumb/v7e-m+fp/hard/libc-musl.a(__putc.o)
 .debug_abbrev  0x0000000000003a51      0x181 /Applications/microchip/xc32/v4.45/bin/bin/../../lib/gcc/pic32c/8.3.1/../../../../pic32c/lib/thumb/v7e-m+fp/hard/libc-musl.a(__stderr.o)
 .debug_abbrev  0x0000000000003bd2      0x152 /Applications/microchip/xc32/v4.45/bin/bin/../../lib/gcc/pic32c/8.3.1/../../../../pic32c/lib/thumb/v7e-m+fp/hard/libc-musl.a(__stdio_close.o)
 .debug_abbrev  0x0000000000003d24      0x1bd /Applications/microchip/xc32/v4.45/bin/bin/../../lib/gcc/pic32c/8.3.1/../../../../pic32c/lib/thumb/v7e-m+fp/hard/libc-musl.a(__stdio_write.o)
 .debug_abbrev  0x0000000000003ee1      0x181 /Applications/microchip/xc32/v4.45/bin/bin/../../lib/gcc/pic32c/8.3.1/../../../../pic32c/lib/thumb/v7e-m+fp/hard/libc-musl.a(__stdout.o)
 .debug_abbrev  0x0000000000004062      0x114 /Applications/microchip/xc32/v4.45/bin/bin/../../lib/gcc/pic32c/8.3.1/../../../../pic32c/lib/thumb/v7e-m+fp/hard/libc-musl.a(__towrite.o)
 .debug_abbrev  0x0000000000004176       0xc6 /Applications/microchip/xc32/v4.45/bin/bin/../../lib/gcc/pic32c/8.3.1/../../../../pic32c/lib/thumb/v7e-m+fp/hard/libc-musl.a(atoi.o)
 .debug_abbrev  0x000000000000423c       0xf7 /Applications/microchip/xc32/v4.45/bin/bin/../../lib/gcc/pic32c/8.3.1/../../../../pic32c/lib/thumb/v7e-m+fp/hard/libc-musl.a(writev.o)
 .debug_abbrev  0x0000000000004333      0x108 /Applications/microchip/xc32/v4.45/bin/bin/../../lib/gcc/pic32c/8.3.1/../../../../pic32c/lib/thumb/v7e-m+fp/hard/libc-musl.a(tolower.o)
 .debug_abbrev  0x000000000000443b      0x141 /Applications/microchip/xc32/v4.45/bin/bin/../../lib/gcc/pic32c/8.3.1/../../../../pic32c/lib/thumb/v7e-m+fp/hard/libc-musl.a(__overflow.o)
 .debug_abbrev  0x000000000000457c      0x1d5 /Applications/microchip/xc32/v4.45/bin/bin/../../lib/gcc/pic32c/8.3.1/../../../../pic32c/lib/thumb/v7e-m+fp/hard/libc-musl.a(__fmt_a.o)
 .debug_abbrev  0x0000000000004751      0x161 /Applications/microchip/xc32/v4.45/bin/bin/../../lib/gcc/pic32c/8.3.1/../../../../pic32c/lib/thumb/v7e-m+fp/hard/libc-musl.a(__fmt_d.o)
 .debug_abbrev  0x00000000000048b2      0x1f4 /Applications/microchip/xc32/v4.45/bin/bin/../../lib/gcc/pic32c/8.3.1/../../../../pic32c/lib/thumb/v7e-m+fp/hard/libc-musl.a(__fmt_fp.o)
 .debug_abbrev  0x0000000000004aa6      0x161 /Applications/microchip/xc32/v4.45/bin/bin/../../lib/gcc/pic32c/8.3.1/../../../../pic32c/lib/thumb/v7e-m+fp/hard/libc-musl.a(__fmt_o.o)
 .debug_abbrev  0x0000000000004c07      0x14c /Applications/microchip/xc32/v4.45/bin/bin/../../lib/gcc/pic32c/8.3.1/../../../../pic32c/lib/thumb/v7e-m+fp/hard/libc-musl.a(__fmt_s.o)
 .debug_abbrev  0x0000000000004d53      0x161 /Applications/microchip/xc32/v4.45/bin/bin/../../lib/gcc/pic32c/8.3.1/../../../../pic32c/lib/thumb/v7e-m+fp/hard/libc-musl.a(__fmt_u.o)
 .debug_abbrev  0x0000000000004eb4      0x150 /Applications/microchip/xc32/v4.45/bin/bin/../../lib/gcc/pic32c/8.3.1/../../../../pic32c/lib/thumb/v7e-m+fp/hard/libc-musl.a(__fmt_x.o)
 .debug_abbrev  0x0000000000005004      0x127 /Applications/microchip/xc32/v4.45/bin/bin/../../lib/gcc/pic32c/8.3.1/../../../../pic32c/lib/thumb/v7e-m+fp/hard/libc-musl.a(__fwrite.o)
 .debug_abbrev  0x000000000000512b      0x108 /Applications/microchip/xc32/v4.45/bin/bin/../../lib/gcc/pic32c/8.3.1/../../../../pic32c/lib/thumb/v7e-m+fp/hard/libc-musl.a(toupper.o)
 .debug_abbrev  0x0000000000005233       0xe5 /Applications/microchip/xc32/v4.45/bin/bin/../../lib/gcc/pic32c/8.3.1/../../../../pic32c/lib/thumb/v7e-m+fp/hard/libc-musl.a(__cvt_u.o)
 .debug_abbrev  0x0000000000005318       0x14 /Applications/microchip/xc32/v4.45/bin/bin/../../lib/gcc/pic32c/8.3.1/thumb/v7e-m+fp/hard/libgcc.a(_aeabi_uldivmod.o)
 .debug_abbrev  0x000000000000532c      0x122 /Applications/microchip/xc32/v4.45/bin/bin/../../lib/gcc/pic32c/8.3.1/thumb/v7e-m+fp/hard/libgcc.a(_udivmoddi4.o)
 .debug_abbrev  0x000000000000544e       0x14 /Applications/microchip/xc32/v4.45/bin/bin/../../lib/gcc/pic32c/8.3.1/thumb/v7e-m+fp/hard/libgcc.a(_dvmd_tls.o)
 .debug_abbrev  0x0000000000005462       0x2e /Applications/microchip/xc32/v4.45/bin/bin/../../lib/gcc/pic32c/8.3.1/../../../../pic32c/lib/thumb/v7e-m+fp/hard/libpic32c.a(close.o)
 .debug_abbrev  0x0000000000005490       0x2e /Applications/microchip/xc32/v4.45/bin/bin/../../lib/gcc/pic32c/8.3.1/../../../../pic32c/lib/thumb/v7e-m+fp/hard/libpic32c.a(lseek.o)
 .debug_abbrev  0x00000000000054be       0xa2 /Applications/microchip/xc32/v4.45/bin/bin/../../lib/gcc/pic32c/8.3.1/../../../../pic32c/lib/thumb/v7e-m+fp/hard/libc-size-musl.a(strcpy.o)
 .debug_abbrev  0x0000000000005560       0x6e /Applications/microchip/xc32/v4.45/bin/bin/../../lib/gcc/pic32c/8.3.1/../../../../pic32c/lib/thumb/v7e-m+fp/hard/libc-size-musl.a(stpcpy.o)
 .debug_abbrev  0x00000000000055ce      0x117 /Applications/microchip/xc32/v4.45/bin/bin/../../lib/gcc/pic32c/8.3.1/../../../../pic32c/lib/thumb/v7e-m+fp/hard/liblmalloc-musl.a(lite_malloc.o)
 .debug_abbrev  0x00000000000056e5      0x195 /Applications/microchip/xc32/v4.45/bin/bin/../../lib/gcc/pic32c/8.3.1/../../../../pic32c/lib/thumb/v7e-m+fp/hard/liblmalloc-musl.a(lite_free.o)
 .debug_abbrev  0x000000000000587a       0xc4 /Applications/microchip/xc32/v4.45/bin/bin/../../lib/gcc/pic32c/8.3.1/../../../../pic32c/lib/thumb/v7e-m+fp/hard/libc-musl.a(expand_heap.o)
 .debug_abbrev  0x000000000000593e       0x44 /Applications/microchip/xc32/v4.45/bin/bin/../../lib/gcc/pic32c/8.3.1/../../../../pic32c/lib/thumb/v7e-m+fp/hard/libpic32c.a(sbrk.o)
 .debug_abbrev  0x0000000000005982       0x2e /Applications/microchip/xc32/v4.45/bin/bin/../../lib/gcc/pic32c/8.3.1/../../../../pic32c/lib/thumb/v7e-m+fp/hard/libpic32c.a(pic32_data_init_clear.o)
 .debug_abbrev  0x00000000000059b0       0x2e /Applications/microchip/xc32/v4.45/bin/bin/../../lib/gcc/pic32c/8.3.1/../../../../pic32c/lib/thumb/v7e-m+fp/hard/libpic32c.a(pic32_data_init_copy.o)

.debug_loc      0x0000000000000000     0x7e64
 .debug_loc     0x0000000000000000      0x154 build/sam_e51_cnano_123/production/_ext/1296496744/usb_uart.o
 .debug_loc     0x0000000000000154      0x183 build/sam_e51_cnano_123/production/_ext/830715028/plib_nvic.o
 .debug_loc     0x00000000000002d7      0x83e build/sam_e51_cnano_123/production/_ext/226030394/plib_nvmctrl.o
 .debug_loc     0x0000000000000b15      0x266 build/sam_e51_cnano_123/production/_ext/830661877/plib_port.o
 .debug_loc     0x0000000000000d7b      0x886 build/sam_e51_cnano_123/production/_ext/314480351/plib_sercom5_usart.o
 .debug_loc     0x0000000000001601      0x8af build/sam_e51_cnano_123/production/_ext/314480351/plib_sercom4_usart.o
 .debug_loc     0x0000000000001eb0      0x1b9 build/sam_e51_cnano_123/production/_ext/865175840/xc32_monitor.o
 .debug_loc     0x0000000000002069       0x45 build/sam_e51_cnano_123/production/_ext/570918426/initialization.o
 .debug_loc     0x00000000000020ae       0x4a build/sam_e51_cnano_123/production/_ext/570918426/startup_xc32.o
 .debug_loc     0x00000000000020f8       0x20 build/sam_e51_cnano_123/production/_ext/1360937237/main_sam_e51_cnano.o
 .debug_loc     0x0000000000002118      0x335 build/sam_e51_cnano_123/production/_ext/1360937237/utils.o
 .debug_loc     0x000000000000244d      0x12c build/sam_e51_cnano_123/production/_ext/1360937237/worker_2.o
 .debug_loc     0x0000000000002579       0x14 /Applications/microchip/xc32/v4.45/bin/bin/../../lib/gcc/pic32c/8.3.1/../../../../pic32c/lib/thumb/v7e-m+fp/hard/libpic32c.a(data_init.o)
 .debug_loc     0x000000000000258d      0x10b /Applications/microchip/xc32/v4.45/bin/bin/../../lib/gcc/pic32c/8.3.1/../../../../pic32c/lib/thumb/v7e-m+fp/hard/libc-size-musl.a(memcpy.o)
 .debug_loc     0x0000000000002698       0x7d /Applications/microchip/xc32/v4.45/bin/bin/../../lib/gcc/pic32c/8.3.1/../../../../pic32c/lib/thumb/v7e-m+fp/hard/libc-size-musl.a(memset.o)
 .debug_loc     0x0000000000002715       0x90 /Applications/microchip/xc32/v4.45/bin/bin/../../lib/gcc/pic32c/8.3.1/../../../../pic32c/lib/thumb/v7e-m+fp/hard/libc-size-musl.a(strlen.o)
 .debug_loc     0x00000000000027a5       0x8c /Applications/microchip/xc32/v4.45/bin/bin/../../lib/gcc/pic32c/8.3.1/../../../../pic32c/lib/thumb/v7e-m+fp/hard/libc-size-musl.a(strncpy.o)
 .debug_loc     0x0000000000002831      0x13f /Applications/microchip/xc32/v4.45/bin/bin/../../lib/gcc/pic32c/8.3.1/../../../../pic32c/lib/thumb/v7e-m+fp/hard/libc-size-musl.a(stpncpy.o)
 .debug_loc     0x0000000000002970       0x51 /Applications/microchip/xc32/v4.45/bin/bin/../../lib/gcc/pic32c/8.3.1/../../../../pic32c/lib/thumb/v7e-m+fp/hard/libc-musl.a(__libc_start_main.o)
 .debug_loc     0x00000000000029c1       0x25 /Applications/microchip/xc32/v4.45/bin/bin/../../lib/gcc/pic32c/8.3.1/../../../../pic32c/lib/thumb/v7e-m+fp/hard/libc-musl.a(stdin.o)
 .debug_loc     0x00000000000029e6       0x20 /Applications/microchip/xc32/v4.45/bin/bin/../../lib/gcc/pic32c/8.3.1/../../../../pic32c/lib/thumb/v7e-m+fp/hard/libc-musl.a(stdout.o)
 .debug_loc     0x0000000000002a06       0x65 /Applications/microchip/xc32/v4.45/bin/bin/../../lib/gcc/pic32c/8.3.1/../../../../pic32c/lib/thumb/v7e-m+fp/hard/libc-musl.a(printf.o)
 .debug_loc     0x0000000000002a6b       0x6a /Applications/microchip/xc32/v4.45/bin/bin/../../lib/gcc/pic32c/8.3.1/../../../../pic32c/lib/thumb/v7e-m+fp/hard/libc-musl.a(puts.o)
 .debug_loc     0x0000000000002ad5       0x4a /Applications/microchip/xc32/v4.45/bin/bin/../../lib/gcc/pic32c/8.3.1/../../../../pic32c/lib/thumb/v7e-m+fp/hard/libc-musl.a(setbuf.o)
 .debug_loc     0x0000000000002b1f       0x8a /Applications/microchip/xc32/v4.45/bin/bin/../../lib/gcc/pic32c/8.3.1/../../../../pic32c/lib/thumb/v7e-m+fp/hard/libc-musl.a(sprintf.o)
 .debug_loc     0x0000000000002ba9       0x6c /Applications/microchip/xc32/v4.45/bin/bin/../../lib/gcc/pic32c/8.3.1/../../../../pic32c/lib/thumb/v7e-m+fp/hard/libc-musl.a(vsprintf.o)
 .debug_loc     0x0000000000002c15       0x93 /Applications/microchip/xc32/v4.45/bin/bin/../../lib/gcc/pic32c/8.3.1/../../../../pic32c/lib/thumb/v7e-m+fp/hard/libc-musl.a(fputs.o)
 .debug_loc     0x0000000000002ca8      0x103 /Applications/microchip/xc32/v4.45/bin/bin/../../lib/gcc/pic32c/8.3.1/../../../../pic32c/lib/thumb/v7e-m+fp/hard/libc-musl.a(__stdio_read.o)
 .debug_loc     0x0000000000002dab       0x25 /Applications/microchip/xc32/v4.45/bin/bin/../../lib/gcc/pic32c/8.3.1/../../../../pic32c/lib/thumb/v7e-m+fp/hard/libc-musl.a(__towrite_rw.o)
 .debug_loc     0x0000000000002dd0      0x17e /Applications/microchip/xc32/v4.45/bin/bin/../../lib/gcc/pic32c/8.3.1/../../../../pic32c/lib/thumb/v7e-m+fp/hard/libc-musl.a(fwrite.o)
 .debug_loc     0x0000000000002f4e      0x123 /Applications/microchip/xc32/v4.45/bin/bin/../../lib/gcc/pic32c/8.3.1/../../../../pic32c/lib/thumb/v7e-m+fp/hard/libc-musl.a(putc.o)
 .debug_loc     0x0000000000003071       0xd8 /Applications/microchip/xc32/v4.45/bin/bin/../../lib/gcc/pic32c/8.3.1/../../../../pic32c/lib/thumb/v7e-m+fp/hard/libc-musl.a(setvbuf.o)
 .debug_loc     0x0000000000003149       0x88 /Applications/microchip/xc32/v4.45/bin/bin/../../lib/gcc/pic32c/8.3.1/../../../../pic32c/lib/thumb/v7e-m+fp/hard/libc-musl.a(vfprintf.o)
 .debug_loc     0x00000000000031d1       0xeb /Applications/microchip/xc32/v4.45/bin/bin/../../lib/gcc/pic32c/8.3.1/../../../../pic32c/lib/thumb/v7e-m+fp/hard/libc-musl.a(vsnprintf.o)
 .debug_loc     0x00000000000032bc       0xeb /Applications/microchip/xc32/v4.45/bin/bin/../../lib/gcc/pic32c/8.3.1/../../../../pic32c/lib/thumb/v7e-m+fp/hard/libc-musl.a(readv.o)
 .debug_loc     0x00000000000033a7       0x20 /Applications/microchip/xc32/v4.45/bin/bin/../../lib/gcc/pic32c/8.3.1/../../../../pic32c/lib/thumb/v7e-m+fp/hard/libc-musl.a(__init_stdio.o)
 .debug_loc     0x00000000000033c7      0x1a8 /Applications/microchip/xc32/v4.45/bin/bin/../../lib/gcc/pic32c/8.3.1/../../../../pic32c/lib/thumb/v7e-m+fp/hard/libc-musl.a(__out.o)
 .debug_loc     0x000000000000356f       0xa6 /Applications/microchip/xc32/v4.45/bin/bin/../../lib/gcc/pic32c/8.3.1/../../../../pic32c/lib/thumb/v7e-m+fp/hard/libc-musl.a(__pop_float.o)
 .debug_loc     0x0000000000003615      0x2f5 /Applications/microchip/xc32/v4.45/bin/bin/../../lib/gcc/pic32c/8.3.1/../../../../pic32c/lib/thumb/v7e-m+fp/hard/libc-musl.a(__pop_int.o)
 .debug_loc     0x000000000000390a      0x1db /Applications/microchip/xc32/v4.45/bin/bin/../../lib/gcc/pic32c/8.3.1/../../../../pic32c/lib/thumb/v7e-m+fp/hard/libc-musl.a(__pop_ptr.o)
 .debug_loc     0x0000000000003ae5      0x5e9 /Applications/microchip/xc32/v4.45/bin/bin/../../lib/gcc/pic32c/8.3.1/../../../../pic32c/lib/thumb/v7e-m+fp/hard/libc-musl.a(__printf_core.o)
 .debug_loc     0x00000000000040ce      0x114 /Applications/microchip/xc32/v4.45/bin/bin/../../lib/gcc/pic32c/8.3.1/../../../../pic32c/lib/thumb/v7e-m+fp/hard/libc-musl.a(__putc.o)
 .debug_loc     0x00000000000041e2       0x25 /Applications/microchip/xc32/v4.45/bin/bin/../../lib/gcc/pic32c/8.3.1/../../../../pic32c/lib/thumb/v7e-m+fp/hard/libc-musl.a(__stderr.o)
 .debug_loc     0x0000000000004207      0x208 /Applications/microchip/xc32/v4.45/bin/bin/../../lib/gcc/pic32c/8.3.1/../../../../pic32c/lib/thumb/v7e-m+fp/hard/libc-musl.a(__stdio_close.o)
 .debug_loc     0x000000000000440f      0x2f1 /Applications/microchip/xc32/v4.45/bin/bin/../../lib/gcc/pic32c/8.3.1/../../../../pic32c/lib/thumb/v7e-m+fp/hard/libc-musl.a(__stdio_write.o)
 .debug_loc     0x0000000000004700       0x25 /Applications/microchip/xc32/v4.45/bin/bin/../../lib/gcc/pic32c/8.3.1/../../../../pic32c/lib/thumb/v7e-m+fp/hard/libc-musl.a(__stdout.o)
 .debug_loc     0x0000000000004725       0x7c /Applications/microchip/xc32/v4.45/bin/bin/../../lib/gcc/pic32c/8.3.1/../../../../pic32c/lib/thumb/v7e-m+fp/hard/libc-musl.a(__towrite.o)
 .debug_loc     0x00000000000047a1       0xd8 /Applications/microchip/xc32/v4.45/bin/bin/../../lib/gcc/pic32c/8.3.1/../../../../pic32c/lib/thumb/v7e-m+fp/hard/libc-musl.a(atoi.o)
 .debug_loc     0x0000000000004879       0xeb /Applications/microchip/xc32/v4.45/bin/bin/../../lib/gcc/pic32c/8.3.1/../../../../pic32c/lib/thumb/v7e-m+fp/hard/libc-musl.a(writev.o)
 .debug_loc     0x0000000000004964       0x4a /Applications/microchip/xc32/v4.45/bin/bin/../../lib/gcc/pic32c/8.3.1/../../../../pic32c/lib/thumb/v7e-m+fp/hard/libc-musl.a(tolower.o)
 .debug_loc     0x00000000000049ae       0xb6 /Applications/microchip/xc32/v4.45/bin/bin/../../lib/gcc/pic32c/8.3.1/../../../../pic32c/lib/thumb/v7e-m+fp/hard/libc-musl.a(__overflow.o)
 .debug_loc     0x0000000000004a64      0xb29 /Applications/microchip/xc32/v4.45/bin/bin/../../lib/gcc/pic32c/8.3.1/../../../../pic32c/lib/thumb/v7e-m+fp/hard/libc-musl.a(__fmt_a.o)
 .debug_loc     0x000000000000558d      0x1ef /Applications/microchip/xc32/v4.45/bin/bin/../../lib/gcc/pic32c/8.3.1/../../../../pic32c/lib/thumb/v7e-m+fp/hard/libc-musl.a(__fmt_d.o)
 .debug_loc     0x000000000000577c      0xa5d /Applications/microchip/xc32/v4.45/bin/bin/../../lib/gcc/pic32c/8.3.1/../../../../pic32c/lib/thumb/v7e-m+fp/hard/libc-musl.a(__fmt_fp.o)
 .debug_loc     0x00000000000061d9      0x10a /Applications/microchip/xc32/v4.45/bin/bin/../../lib/gcc/pic32c/8.3.1/../../../../pic32c/lib/thumb/v7e-m+fp/hard/libc-musl.a(__fmt_o.o)
 .debug_loc     0x00000000000062e3      0x157 /Applications/microchip/xc32/v4.45/bin/bin/../../lib/gcc/pic32c/8.3.1/../../../../pic32c/lib/thumb/v7e-m+fp/hard/libc-musl.a(__fmt_s.o)
 .debug_loc     0x000000000000643a      0x10a /Applications/microchip/xc32/v4.45/bin/bin/../../lib/gcc/pic32c/8.3.1/../../../../pic32c/lib/thumb/v7e-m+fp/hard/libc-musl.a(__fmt_u.o)
 .debug_loc     0x0000000000006544      0x26d /Applications/microchip/xc32/v4.45/bin/bin/../../lib/gcc/pic32c/8.3.1/../../../../pic32c/lib/thumb/v7e-m+fp/hard/libc-musl.a(__fmt_x.o)
 .debug_loc     0x00000000000067b1      0x10a /Applications/microchip/xc32/v4.45/bin/bin/../../lib/gcc/pic32c/8.3.1/../../../../pic32c/lib/thumb/v7e-m+fp/hard/libc-musl.a(__fwrite.o)
 .debug_loc     0x00000000000068bb       0x4a /Applications/microchip/xc32/v4.45/bin/bin/../../lib/gcc/pic32c/8.3.1/../../../../pic32c/lib/thumb/v7e-m+fp/hard/libc-musl.a(toupper.o)
 .debug_loc     0x0000000000006905      0x197 /Applications/microchip/xc32/v4.45/bin/bin/../../lib/gcc/pic32c/8.3.1/../../../../pic32c/lib/thumb/v7e-m+fp/hard/libc-musl.a(__cvt_u.o)
 .debug_loc     0x0000000000006a9c      0xe69 /Applications/microchip/xc32/v4.45/bin/bin/../../lib/gcc/pic32c/8.3.1/thumb/v7e-m+fp/hard/libgcc.a(_udivmoddi4.o)
 .debug_loc     0x0000000000007905       0x67 /Applications/microchip/xc32/v4.45/bin/bin/../../lib/gcc/pic32c/8.3.1/../../../../pic32c/lib/thumb/v7e-m+fp/hard/libc-size-musl.a(strcpy.o)
 .debug_loc     0x000000000000796c       0x60 /Applications/microchip/xc32/v4.45/bin/bin/../../lib/gcc/pic32c/8.3.1/../../../../pic32c/lib/thumb/v7e-m+fp/hard/libc-size-musl.a(stpcpy.o)
 .debug_loc     0x00000000000079cc       0xf3 /Applications/microchip/xc32/v4.45/bin/bin/../../lib/gcc/pic32c/8.3.1/../../../../pic32c/lib/thumb/v7e-m+fp/hard/liblmalloc-musl.a(lite_malloc.o)
 .debug_loc     0x0000000000007abf      0x2ed /Applications/microchip/xc32/v4.45/bin/bin/../../lib/gcc/pic32c/8.3.1/../../../../pic32c/lib/thumb/v7e-m+fp/hard/liblmalloc-musl.a(lite_free.o)
 .debug_loc     0x0000000000007dac       0x7c /Applications/microchip/xc32/v4.45/bin/bin/../../lib/gcc/pic32c/8.3.1/../../../../pic32c/lib/thumb/v7e-m+fp/hard/libc-musl.a(expand_heap.o)
 .debug_loc     0x0000000000007e28       0x28 /Applications/microchip/xc32/v4.45/bin/bin/../../lib/gcc/pic32c/8.3.1/../../../../pic32c/lib/thumb/v7e-m+fp/hard/libpic32c.a(sbrk.o)
 .debug_loc     0x0000000000007e50       0x14 /Applications/microchip/xc32/v4.45/bin/bin/../../lib/gcc/pic32c/8.3.1/../../../../pic32c/lib/thumb/v7e-m+fp/hard/libpic32c.a(pic32_data_init_copy.o)

.debug_aranges  0x0000000000000000      0xe08
 .debug_aranges
                0x0000000000000000       0x48 build/sam_e51_cnano_123/production/_ext/1296496744/usb_uart.o
 .debug_aranges
                0x0000000000000048       0x20 build/sam_e51_cnano_123/production/_ext/7187140/plib_clock.o
 .debug_aranges
                0x0000000000000068       0x20 build/sam_e51_cnano_123/production/_ext/9336626/plib_evsys.o
 .debug_aranges
                0x0000000000000088       0x38 build/sam_e51_cnano_123/production/_ext/830715028/plib_nvic.o
 .debug_aranges
                0x00000000000000c0       0xd8 build/sam_e51_cnano_123/production/_ext/226030394/plib_nvmctrl.o
 .debug_aranges
                0x0000000000000198       0x70 build/sam_e51_cnano_123/production/_ext/830661877/plib_port.o
 .debug_aranges
                0x0000000000000208       0xa8 build/sam_e51_cnano_123/production/_ext/314480351/plib_sercom5_usart.o
 .debug_aranges
                0x00000000000002b0       0xe0 build/sam_e51_cnano_123/production/_ext/314480351/plib_sercom4_usart.o
 .debug_aranges
                0x0000000000000390       0x28 build/sam_e51_cnano_123/production/_ext/865175840/xc32_monitor.o
 .debug_aranges
                0x00000000000003b8       0x20 build/sam_e51_cnano_123/production/_ext/570918426/initialization.o
 .debug_aranges
                0x00000000000003d8       0x20 build/sam_e51_cnano_123/production/_ext/570918426/interrupts.o
 .debug_aranges
                0x00000000000003f8       0x48 build/sam_e51_cnano_123/production/_ext/570918426/exceptions.o
 .debug_aranges
                0x0000000000000440       0x28 build/sam_e51_cnano_123/production/_ext/570918426/startup_xc32.o
 .debug_aranges
                0x0000000000000468       0x20 build/sam_e51_cnano_123/production/_ext/1360937237/main_sam_e51_cnano.o
 .debug_aranges
                0x0000000000000488       0x58 build/sam_e51_cnano_123/production/_ext/1360937237/utils.o
 .debug_aranges
                0x00000000000004e0       0x20 build/sam_e51_cnano_123/production/_ext/1360937237/worker_2.o
 .debug_aranges
                0x0000000000000500       0x28 /Applications/microchip/xc32/v4.45/bin/bin/../../lib/gcc/pic32c/8.3.1/../../../../pic32c/lib/thumb/v7e-m+fp/hard/libpic32c.a(data_init.o)
 .debug_aranges
                0x0000000000000528       0x20 /Applications/microchip/xc32/v4.45/bin/bin/../../lib/gcc/pic32c/8.3.1/../../../../pic32c/lib/thumb/v7e-m+fp/hard/libc-size-musl.a(memcpy.o)
 .debug_aranges
                0x0000000000000548       0x20 /Applications/microchip/xc32/v4.45/bin/bin/../../lib/gcc/pic32c/8.3.1/../../../../pic32c/lib/thumb/v7e-m+fp/hard/libc-size-musl.a(memset.o)
 .debug_aranges
                0x0000000000000568       0x20 /Applications/microchip/xc32/v4.45/bin/bin/../../lib/gcc/pic32c/8.3.1/../../../../pic32c/lib/thumb/v7e-m+fp/hard/libc-size-musl.a(strlen.o)
 .debug_aranges
                0x0000000000000588       0x20 /Applications/microchip/xc32/v4.45/bin/bin/../../lib/gcc/pic32c/8.3.1/../../../../pic32c/lib/thumb/v7e-m+fp/hard/libc-size-musl.a(strncpy.o)
 .debug_aranges
                0x00000000000005a8       0x20 /Applications/microchip/xc32/v4.45/bin/bin/../../lib/gcc/pic32c/8.3.1/../../../../pic32c/lib/thumb/v7e-m+fp/hard/libc-size-musl.a(stpncpy.o)
 .debug_aranges
                0x00000000000005c8       0x28 /Applications/microchip/xc32/v4.45/bin/bin/../../lib/gcc/pic32c/8.3.1/../../../../pic32c/lib/thumb/v7e-m+fp/hard/libc-musl.a(__libc_start_main.o)
 .debug_aranges
                0x00000000000005f0       0x18 /Applications/microchip/xc32/v4.45/bin/bin/../../lib/gcc/pic32c/8.3.1/../../../../pic32c/lib/thumb/v7e-m+fp/hard/libc-musl.a(libc.o)
 .debug_aranges
                0x0000000000000608       0x28 /Applications/microchip/xc32/v4.45/bin/bin/../../lib/gcc/pic32c/8.3.1/../../../../pic32c/lib/thumb/v7e-m+fp/hard/libc-musl.a(stdin.o)
 .debug_aranges
                0x0000000000000630       0x30 /Applications/microchip/xc32/v4.45/bin/bin/../../lib/gcc/pic32c/8.3.1/../../../../pic32c/lib/thumb/v7e-m+fp/hard/libc-musl.a(stdout.o)
 .debug_aranges
                0x0000000000000660       0x20 /Applications/microchip/xc32/v4.45/bin/bin/../../lib/gcc/pic32c/8.3.1/../../../../pic32c/lib/thumb/v7e-m+fp/hard/libc-musl.a(printf.o)
 .debug_aranges
                0x0000000000000680       0x20 /Applications/microchip/xc32/v4.45/bin/bin/../../lib/gcc/pic32c/8.3.1/../../../../pic32c/lib/thumb/v7e-m+fp/hard/libc-musl.a(puts.o)
 .debug_aranges
                0x00000000000006a0       0x20 /Applications/microchip/xc32/v4.45/bin/bin/../../lib/gcc/pic32c/8.3.1/../../../../pic32c/lib/thumb/v7e-m+fp/hard/libc-musl.a(setbuf.o)
 .debug_aranges
                0x00000000000006c0       0x20 /Applications/microchip/xc32/v4.45/bin/bin/../../lib/gcc/pic32c/8.3.1/../../../../pic32c/lib/thumb/v7e-m+fp/hard/libc-musl.a(sprintf.o)
 .debug_aranges
                0x00000000000006e0       0x20 /Applications/microchip/xc32/v4.45/bin/bin/../../lib/gcc/pic32c/8.3.1/../../../../pic32c/lib/thumb/v7e-m+fp/hard/libc-musl.a(vsprintf.o)
 .debug_aranges
                0x0000000000000700       0x18 /Applications/microchip/xc32/v4.45/bin/bin/../../lib/gcc/pic32c/8.3.1/../../../../pic32c/lib/thumb/v7e-m+fp/hard/libc-musl.a(__environ.o)
 .debug_aranges
                0x0000000000000718       0x20 /Applications/microchip/xc32/v4.45/bin/bin/../../lib/gcc/pic32c/8.3.1/../../../../pic32c/lib/thumb/v7e-m+fp/hard/libc-musl.a(fputs.o)
 .debug_aranges
                0x0000000000000738       0x20 /Applications/microchip/xc32/v4.45/bin/bin/../../lib/gcc/pic32c/8.3.1/../../../../pic32c/lib/thumb/v7e-m+fp/hard/libc-musl.a(__stdio_read.o)
 .debug_aranges
                0x0000000000000758       0x20 /Applications/microchip/xc32/v4.45/bin/bin/../../lib/gcc/pic32c/8.3.1/../../../../pic32c/lib/thumb/v7e-m+fp/hard/libc-musl.a(__towrite_rw.o)
 .debug_aranges
                0x0000000000000778       0x28 /Applications/microchip/xc32/v4.45/bin/bin/../../lib/gcc/pic32c/8.3.1/../../../../pic32c/lib/thumb/v7e-m+fp/hard/libc-musl.a(fwrite.o)
 .debug_aranges
                0x00000000000007a0       0x30 /Applications/microchip/xc32/v4.45/bin/bin/../../lib/gcc/pic32c/8.3.1/../../../../pic32c/lib/thumb/v7e-m+fp/hard/libc-musl.a(putc.o)
 .debug_aranges
                0x00000000000007d0       0x28 /Applications/microchip/xc32/v4.45/bin/bin/../../lib/gcc/pic32c/8.3.1/../../../../pic32c/lib/thumb/v7e-m+fp/hard/libc-musl.a(setvbuf.o)
 .debug_aranges
                0x00000000000007f8       0x28 /Applications/microchip/xc32/v4.45/bin/bin/../../lib/gcc/pic32c/8.3.1/../../../../pic32c/lib/thumb/v7e-m+fp/hard/libc-musl.a(vfprintf.o)
 .debug_aranges
                0x0000000000000820       0x20 /Applications/microchip/xc32/v4.45/bin/bin/../../lib/gcc/pic32c/8.3.1/../../../../pic32c/lib/thumb/v7e-m+fp/hard/libc-musl.a(vsnprintf.o)
 .debug_aranges
                0x0000000000000840       0x20 /Applications/microchip/xc32/v4.45/bin/bin/../../lib/gcc/pic32c/8.3.1/../../../../pic32c/lib/thumb/v7e-m+fp/hard/libc-musl.a(readv.o)
 .debug_aranges
                0x0000000000000860       0x18 /Applications/microchip/xc32/v4.45/bin/bin/../../lib/gcc/pic32c/8.3.1/../../../../pic32c/lib/thumb/v7e-m+fp/hard/libc-musl.a(__errno_location.o)
 .debug_aranges
                0x0000000000000878       0x28 /Applications/microchip/xc32/v4.45/bin/bin/../../lib/gcc/pic32c/8.3.1/../../../../pic32c/lib/thumb/v7e-m+fp/hard/libc-musl.a(__init_stdio.o)
 .debug_aranges
                0x00000000000008a0       0x28 /Applications/microchip/xc32/v4.45/bin/bin/../../lib/gcc/pic32c/8.3.1/../../../../pic32c/lib/thumb/v7e-m+fp/hard/libc-musl.a(__out.o)
 .debug_aranges
                0x00000000000008c8       0x20 /Applications/microchip/xc32/v4.45/bin/bin/../../lib/gcc/pic32c/8.3.1/../../../../pic32c/lib/thumb/v7e-m+fp/hard/libc-musl.a(__pop_float.o)
 .debug_aranges
                0x00000000000008e8       0x20 /Applications/microchip/xc32/v4.45/bin/bin/../../lib/gcc/pic32c/8.3.1/../../../../pic32c/lib/thumb/v7e-m+fp/hard/libc-musl.a(__pop_int.o)
 .debug_aranges
                0x0000000000000908       0x20 /Applications/microchip/xc32/v4.45/bin/bin/../../lib/gcc/pic32c/8.3.1/../../../../pic32c/lib/thumb/v7e-m+fp/hard/libc-musl.a(__pop_ptr.o)
 .debug_aranges
                0x0000000000000928       0x50 /Applications/microchip/xc32/v4.45/bin/bin/../../lib/gcc/pic32c/8.3.1/../../../../pic32c/lib/thumb/v7e-m+fp/hard/libc-musl.a(__printf_core.o)
 .debug_aranges
                0x0000000000000978       0x20 /Applications/microchip/xc32/v4.45/bin/bin/../../lib/gcc/pic32c/8.3.1/../../../../pic32c/lib/thumb/v7e-m+fp/hard/libc-musl.a(__putc.o)
 .debug_aranges
                0x0000000000000998       0x30 /Applications/microchip/xc32/v4.45/bin/bin/../../lib/gcc/pic32c/8.3.1/../../../../pic32c/lib/thumb/v7e-m+fp/hard/libc-musl.a(__stderr.o)
 .debug_aranges
                0x00000000000009c8       0x28 /Applications/microchip/xc32/v4.45/bin/bin/../../lib/gcc/pic32c/8.3.1/../../../../pic32c/lib/thumb/v7e-m+fp/hard/libc-musl.a(__stdio_close.o)
 .debug_aranges
                0x00000000000009f0       0x28 /Applications/microchip/xc32/v4.45/bin/bin/../../lib/gcc/pic32c/8.3.1/../../../../pic32c/lib/thumb/v7e-m+fp/hard/libc-musl.a(__stdio_write.o)
 .debug_aranges
                0x0000000000000a18       0x30 /Applications/microchip/xc32/v4.45/bin/bin/../../lib/gcc/pic32c/8.3.1/../../../../pic32c/lib/thumb/v7e-m+fp/hard/libc-musl.a(__stdout.o)
 .debug_aranges
                0x0000000000000a48       0x28 /Applications/microchip/xc32/v4.45/bin/bin/../../lib/gcc/pic32c/8.3.1/../../../../pic32c/lib/thumb/v7e-m+fp/hard/libc-musl.a(__towrite.o)
 .debug_aranges
                0x0000000000000a70       0x20 /Applications/microchip/xc32/v4.45/bin/bin/../../lib/gcc/pic32c/8.3.1/../../../../pic32c/lib/thumb/v7e-m+fp/hard/libc-musl.a(atoi.o)
 .debug_aranges
                0x0000000000000a90       0x20 /Applications/microchip/xc32/v4.45/bin/bin/../../lib/gcc/pic32c/8.3.1/../../../../pic32c/lib/thumb/v7e-m+fp/hard/libc-musl.a(writev.o)
 .debug_aranges
                0x0000000000000ab0       0x28 /Applications/microchip/xc32/v4.45/bin/bin/../../lib/gcc/pic32c/8.3.1/../../../../pic32c/lib/thumb/v7e-m+fp/hard/libc-musl.a(tolower.o)
 .debug_aranges
                0x0000000000000ad8       0x20 /Applications/microchip/xc32/v4.45/bin/bin/../../lib/gcc/pic32c/8.3.1/../../../../pic32c/lib/thumb/v7e-m+fp/hard/libc-musl.a(__overflow.o)
 .debug_aranges
                0x0000000000000af8       0x20 /Applications/microchip/xc32/v4.45/bin/bin/../../lib/gcc/pic32c/8.3.1/../../../../pic32c/lib/thumb/v7e-m+fp/hard/libc-musl.a(__fmt_a.o)
 .debug_aranges
                0x0000000000000b18       0x20 /Applications/microchip/xc32/v4.45/bin/bin/../../lib/gcc/pic32c/8.3.1/../../../../pic32c/lib/thumb/v7e-m+fp/hard/libc-musl.a(__fmt_d.o)
 .debug_aranges
                0x0000000000000b38       0x20 /Applications/microchip/xc32/v4.45/bin/bin/../../lib/gcc/pic32c/8.3.1/../../../../pic32c/lib/thumb/v7e-m+fp/hard/libc-musl.a(__fmt_fp.o)
 .debug_aranges
                0x0000000000000b58       0x20 /Applications/microchip/xc32/v4.45/bin/bin/../../lib/gcc/pic32c/8.3.1/../../../../pic32c/lib/thumb/v7e-m+fp/hard/libc-musl.a(__fmt_o.o)
 .debug_aranges
                0x0000000000000b78       0x20 /Applications/microchip/xc32/v4.45/bin/bin/../../lib/gcc/pic32c/8.3.1/../../../../pic32c/lib/thumb/v7e-m+fp/hard/libc-musl.a(__fmt_s.o)
 .debug_aranges
                0x0000000000000b98       0x20 /Applications/microchip/xc32/v4.45/bin/bin/../../lib/gcc/pic32c/8.3.1/../../../../pic32c/lib/thumb/v7e-m+fp/hard/libc-musl.a(__fmt_u.o)
 .debug_aranges
                0x0000000000000bb8       0x20 /Applications/microchip/xc32/v4.45/bin/bin/../../lib/gcc/pic32c/8.3.1/../../../../pic32c/lib/thumb/v7e-m+fp/hard/libc-musl.a(__fmt_x.o)
 .debug_aranges
                0x0000000000000bd8       0x28 /Applications/microchip/xc32/v4.45/bin/bin/../../lib/gcc/pic32c/8.3.1/../../../../pic32c/lib/thumb/v7e-m+fp/hard/libc-musl.a(__fwrite.o)
 .debug_aranges
                0x0000000000000c00       0x28 /Applications/microchip/xc32/v4.45/bin/bin/../../lib/gcc/pic32c/8.3.1/../../../../pic32c/lib/thumb/v7e-m+fp/hard/libc-musl.a(toupper.o)
 .debug_aranges
                0x0000000000000c28       0x20 /Applications/microchip/xc32/v4.45/bin/bin/../../lib/gcc/pic32c/8.3.1/../../../../pic32c/lib/thumb/v7e-m+fp/hard/libc-musl.a(__cvt_u.o)
 .debug_aranges
                0x0000000000000c48       0x20 /Applications/microchip/xc32/v4.45/bin/bin/../../lib/gcc/pic32c/8.3.1/thumb/v7e-m+fp/hard/libgcc.a(_aeabi_uldivmod.o)
 .debug_aranges
                0x0000000000000c68       0x20 /Applications/microchip/xc32/v4.45/bin/bin/../../lib/gcc/pic32c/8.3.1/thumb/v7e-m+fp/hard/libgcc.a(_udivmoddi4.o)
 .debug_aranges
                0x0000000000000c88       0x20 /Applications/microchip/xc32/v4.45/bin/bin/../../lib/gcc/pic32c/8.3.1/thumb/v7e-m+fp/hard/libgcc.a(_dvmd_tls.o)
 .debug_aranges
                0x0000000000000ca8       0x20 /Applications/microchip/xc32/v4.45/bin/bin/../../lib/gcc/pic32c/8.3.1/../../../../pic32c/lib/thumb/v7e-m+fp/hard/libpic32c.a(close.o)
 .debug_aranges
                0x0000000000000cc8       0x20 /Applications/microchip/xc32/v4.45/bin/bin/../../lib/gcc/pic32c/8.3.1/../../../../pic32c/lib/thumb/v7e-m+fp/hard/libpic32c.a(lseek.o)
 .debug_aranges
                0x0000000000000ce8       0x20 /Applications/microchip/xc32/v4.45/bin/bin/../../lib/gcc/pic32c/8.3.1/../../../../pic32c/lib/thumb/v7e-m+fp/hard/libc-size-musl.a(strcpy.o)
 .debug_aranges
                0x0000000000000d08       0x20 /Applications/microchip/xc32/v4.45/bin/bin/../../lib/gcc/pic32c/8.3.1/../../../../pic32c/lib/thumb/v7e-m+fp/hard/libc-size-musl.a(stpcpy.o)
 .debug_aranges
                0x0000000000000d28       0x20 /Applications/microchip/xc32/v4.45/bin/bin/../../lib/gcc/pic32c/8.3.1/../../../../pic32c/lib/thumb/v7e-m+fp/hard/liblmalloc-musl.a(lite_malloc.o)
 .debug_aranges
                0x0000000000000d48       0x30 /Applications/microchip/xc32/v4.45/bin/bin/../../lib/gcc/pic32c/8.3.1/../../../../pic32c/lib/thumb/v7e-m+fp/hard/liblmalloc-musl.a(lite_free.o)
 .debug_aranges
                0x0000000000000d78       0x20 /Applications/microchip/xc32/v4.45/bin/bin/../../lib/gcc/pic32c/8.3.1/../../../../pic32c/lib/thumb/v7e-m+fp/hard/libc-musl.a(expand_heap.o)
 .debug_aranges
                0x0000000000000d98       0x30 /Applications/microchip/xc32/v4.45/bin/bin/../../lib/gcc/pic32c/8.3.1/../../../../pic32c/lib/thumb/v7e-m+fp/hard/libpic32c.a(sbrk.o)
 .debug_aranges
                0x0000000000000dc8       0x20 /Applications/microchip/xc32/v4.45/bin/bin/../../lib/gcc/pic32c/8.3.1/../../../../pic32c/lib/thumb/v7e-m+fp/hard/libpic32c.a(pic32_data_init_clear.o)
 .debug_aranges
                0x0000000000000de8       0x20 /Applications/microchip/xc32/v4.45/bin/bin/../../lib/gcc/pic32c/8.3.1/../../../../pic32c/lib/thumb/v7e-m+fp/hard/libpic32c.a(pic32_data_init_copy.o)

.debug_ranges   0x0000000000000000      0xa68
 .debug_ranges  0x0000000000000000       0x38 build/sam_e51_cnano_123/production/_ext/1296496744/usb_uart.o